
> storeos@0.1.0 build
> next build

Γû▓ Next.js 16.1.6 (Turbopack)
- Environments: .env.local

  Creating an optimized production build ...
node.exe : 
At line:1 char:1
+ & "C:\Program Files\
nodejs/node.exe" "C:\r
oot\.npm-global/node_m
odule ...
+ ~~~~~~~~~~~~~~~~~~~~
~~~~~~~~~~~~~~~~~~~~~~
~~~~~~~~~~~~~~~~~~~~~~
~~~~~
    + CategoryInfo    
          : NotSpeci  
  fied: (:String) [   
 ], RemoteExceptio    
n
    + FullyQualifiedE 
   rrorId : NativeCo  
  mmandError
 
> Build error occurred
Error: Turbopack 
build failed with 3 
errors:
./app/dashboard/invent
ory/add/page.tsx:95:8
Parsing ecmascript 
source code failed
[0m [90m 93 |[39m  
       
updated_at[33m:[39m 
[36mnew[39m [33mDat
e[39m()[33m.[39mtoI
SOString()[33m,[39m
 [90m 94 |[39m      
 }[33m;[39m
[31m[1m>[22m[39m[
90m 95 |[39m       
}[33m;[39m
 [90m    |[39m      
  [31m[1m^[22m[39m
 [90m 96 |[39m      
 
 [90m 97 |[39m      
 [36mawait[39m db[3
3m.[39mproducts[33m.
[39madd(product)[33m
;[39m
 [90m 98 |[39m      
 [36mawait[39m queue
LocalMutation([32m'pr
oducts'[39m[33m,[39
m [32m'insert'[39m[
33m,[39m product[33m
.[39mid[33m,[39m pr
oduct)[33m;[39m[0m

Expected a semicolon


./app/dashboard/invent
ory/add/page.tsx:102:7
Parsing ecmascript 
source code failed
[0m [90m 100 |[39m 
      setSaved([36mtr
ue[39m)[33m;[39m
 [90m 101 |[39m     
  setTimeout(() 
[33m=>[39m router[3
3m.[39mpush([32m"/da
shboard/inventory"[39
m)[33m,[39m [35m800
[39m)[33m;[39m
[31m[1m>[22m[39m[
90m 102 |[39m     } 
[36mcatch[39m 
(err[33m:[39m any) {
 [90m     |[39m     
  [31m[1m^[22m[39m
[31m[1m^[22m[39m[
31m[1m^[22m[39m[31
m[1m^[22m[39m[31m
[1m^[22m[39m
 [90m 103 |[39m     
  console[33m.[39mer
ror([32m"Product 
Save Error:"[39m[33m
,[39m err)[33m;[39m
 [90m 104 |[39m     
  setError(err[33m?[
39m[33m.[39mmessage 
[33m||[39m 
[32m"Failed to save 
product. Try again."[
39m)[33m;[39m
 [90m 105 |[39m     
} [36mfinally[39m 
{[0m

Expected a semicolon


./app/dashboard/invent
ory/add/page.tsx:110:3
Parsing ecmascript 
source code failed
[0m [90m 108 |[39m 
  }
 [90m 109 |[39m
[31m[1m>[22m[39m[
90m 110 |[39m   
[36mreturn[39m (
 [90m     |[39m   [
31m[1m^[22m[39m[31
m[1m^[22m[39m[31m
[1m^[22m[39m[31m[1
m^[22m[39m[31m[1m^
[22m[39m[31m[1m^[
22m[39m[31m[1m^[22
m[39m[31m[1m^[22m
[39m
[31m[1m>[22m[39m[
90m 111 |[39m     [3
3m<[39m[33mdiv[39m 
className[33m=[39m[
32m"animate-fade-in"[
39m[33m>[39m
 [90m     |[39m [31
m[1m^[22m[39m[31m
[1m^[22m[39m[31m[1
m^[22m[39m[31m[1m^
[22m[39m[31m[1m^[
22m[39m[31m[1m^[22
m[39m[31m[1m^[22m
[39m[31m[1m^[22m[3
9m[31m[1m^[22m[39m
[31m[1m^[22m[39m[
31m[1m^[22m[39m[31
m[1m^[22m[39m[31m
[1m^[22m[39m[31m[1
m^[22m[39m[31m[1m^
[22m[39m[31m[1m^[
22m[39m[31m[1m^[22
m[39m[31m[1m^[22m
[39m[31m[1m^[22m[3
9m[31m[1m^[22m[39m
[31m[1m^[22m[39m[
31m[1m^[22m[39m[31
m[1m^[22m[39m[31m
[1m^[22m[39m[31m[1
m^[22m[39m[31m[1m^
[22m[39m[31m[1m^[
22m[39m[31m[1m^[22
m[39m[31m[1m^[22m
[39m[31m[1m^[22m[3
9m[31m[1m^[22m[39m
[31m[1m^[22m[39m[
31m[1m^[22m[39m[31
m[1m^[22m[39m[31m
[1m^[22m[39m[31m[1
m^[22m[39m[31m[1m^
[22m[39m
[31m[1m>[22m[39m[
90m 112 |[39m       
[33m<[39m[33mTopbar
[39m title[33m=[39m
[32m"Add 
Product"[39m 
[33m/[39m[33m>[39m
 [90m     |[39m [31
m[1m^[22m[39m[31m
[1m^[22m[39m[31m[1
m^[22m[39m[31m[1m^
[22m[39m[31m[1m^[
22m[39m[31m[1m^[22
m[39m[31m[1m^[22m
[39m[31m[1m^[22m[3
9m[31m[1m^[22m[39m
[31m[1m^[22m[39m[
31m[1m^[22m[39m[31
m[1m^[22m[39m[31m
[1m^[22m[39m[31m[1
m^[22m[39m[31m[1m^
[22m[39m[31m[1m^[
22m[39m[31m[1m^[22
m[39m[31m[1m^[22m
[39m[31m[1m^[22m[3
9m[31m[1m^[22m[39m
[31m[1m^[22m[39m[
31m[1m^[22m[39m[31
m[1m^[22m[39m[31m
[1m^[22m[39m[31m[1
m^[22m[39m[31m[1m^
[22m[39m[31m[1m^[
22m[39m[31m[1m^[22
m[39m[31m[1m^[22m
[39m[31m[1m^[22m[3
9m[31m[1m^[22m[39m
[31m[1m^[22m[39m[
31m[1m^[22m[39m[31
m[1m^[22m[39m[31m
[1m^[22m[39m[31m[1
m^[22m[39m[31m[1m^
[22m[39m
[31m[1m>[22m[39m[
90m 113 |[39m       
[33m<[39m[33mdiv[39
m className[33m=[39m
[32m"px-4 lg:px-6 
py-5 max-w-lg mx-auto 
space-y-5"[39m[33m>
[39m
 [90m     |[39m [31
m[1m^[22m[39m[31m
[1m^[22m[39m[31m[1
m^[22m[39m[31m[1m^
[22m[39m[31m[1m^[
22m[39m[31m[1m^[22
m[39m[31m[1m^[22m
[39m[31m[1m^[22m[3
9m[31m[1m^[22m[39m
[31m[1m^[22m[39m[
31m[1m^[22m[39m[31
m[1m^[22m[39m[31m
[1m^[22m[39m[31m[1
m^[22m[39m[31m[1m^
[22m[39m[31m[1m^[
22m[39m[31m[1m^[22
m[39m[31m[1m^[22m
[39m[31m[1m^[22m[3
9m[31m[1m^[22m[39m
[31m[1m^[22m[39m[
31m[1m^[22m[39m[31
m[1m^[22m[39m[31m
[1m^[22m[39m[31m[1
m^[22m[39m[31m[1m^
[22m[39m[31m[1m^[
22m[39m[31m[1m^[22
m[39m[31m[1m^[22m
[39m[31m[1m^[22m[3
9m[31m[1m^[22m[39m
[31m[1m^[22m[39m[
31m[1m^[22m[39m[31
m[1m^[22m[39m[31m
[1m^[22m[39m[31m[1
m^[22m[39m[31m[1m^
[22m[39m
[31m[1m>[22m[39m[
90m 114 |[39m        
 [33m<[39m[33mbutto
n[39m
 [90m     |[39m [31
m[1m^[22m[39m[31m
[1m^[22m[39m[31m[1
m^[22m[39m[31m[1m^
[22m[39m[31m[1m^[
22m[39m[31m[1m^[22
m[39m[31m[1m^[22m
[39m[31m[1m^[22m[3
9m[31m[1m^[22m[39m
[31m[1m^[22m[39m[
31m[1m^[22m[39m[31
m[1m^[22m[39m[31m
[1m^[22m[39m[31m[1
m^[22m[39m[31m[1m^
[22m[39m[31m[1m^[
22m[39m[31m[1m^[22
m[39m[31m[1m^[22m
[39m[31m[1m^[22m[3
9m[31m[1m^[22m[39m
[31m[1m^[22m[39m[
31m[1m^[22m[39m[31
m[1m^[22m[39m[31m
[1m^[22m[39m[31m[1
m^[22m[39m[31m[1m^
[22m[39m[31m[1m^[
22m[39m[31m[1m^[22
m[39m[31m[1m^[22m
[39m[31m[1m^[22m[3
9m[31m[1m^[22m[39m
[31m[1m^[22m[39m[
31m[1m^[22m[39m[31
m[1m^[22m[39m[31m
[1m^[22m[39m[31m[1
m^[22m[39m[31m[1m^
[22m[39m
[31m[1m>[22m[39m[
90m 115 |[39m        
   
onClick[33m=[39m{() 
[33m=>[39m router[3
3m.[39mback()}
 [90m     |[39m [31
m[1m^[22m[39m[31m
[1m^[22m[39m[31m[1
m^[22m[39m[31m[1m^
[22m[39m[31m[1m^[
22m[39m[31m[1m^[22
m[39m[31m[1m^[22m
[39m[31m[1m^[22m[3
9m[31m[1m^[22m[39m
[31m[1m^[22m[39m[
31m[1m^[22m[39m[31
m[1m^[22m[39m[31m
[1m^[22m[39m[31m[1
m^[22m[39m[31m[1m^
[22m[39m[31m[1m^[
22m[39m[31m[1m^[22
m[39m[31m[1m^[22m
[39m[31m[1m^[22m[3
9m[31m[1m^[22m[39m
[31m[1m^[22m[39m[
31m[1m^[22m[39m[31
m[1m^[22m[39m[31m
[1m^[22m[39m[31m[1
m^[22m[39m[31m[1m^
[22m[39m[31m[1m^[
22m[39m[31m[1m^[22
m[39m[31m[1m^[22m
[39m[31m[1m^[22m[3
9m[31m[1m^[22m[39m
[31m[1m^[22m[39m[
31m[1m^[22m[39m[31
m[1m^[22m[39m[31m
[1m^[22m[39m[31m[1
m^[22m[39m[31m[1m^
[22m[39m
[31m[1m>[22m[39m[
90m 116 |[39m        
   className[33m=[39
m[32m"flex 
items-center gap-1.5 
text-sm text-gray-500 
hover:text-gray-800 tr
ansition-colors"[39m
 [90m     |[39m [31
m[1m^[22m[39m[31m
[1m^[22m[39m[31m[1
m^[22m[39m[31m[1m^
[22m[39m[31m[1m^[
22m[39m[31m[1m^[22
m[39m[31m[1m^[22m
[39m[31m[1m^[22m[3
9m[31m[1m^[22m[39m
[31m[1m^[22m[39m[
31m[1m^[22m[39m[31
m[1m^[22m[39m[31m
[1m^[22m[39m[31m[1
m^[22m[39m[31m[1m^
[22m[39m[31m[1m^[
22m[39m[31m[1m^[22
m[39m[31m[1m^[22m
[39m[31m[1m^[22m[3
9m[31m[1m^[22m[39m
[31m[1m^[22m[39m[
31m[1m^[22m[39m[31
m[1m^[22m[39m[31m
[1m^[22m[39m[31m[1
m^[22m[39m[31m[1m^
[22m[39m[31m[1m^[
22m[39m[31m[1m^[22
m[39m[31m[1m^[22m
[39m[31m[1m^[22m[3
9m[31m[1m^[22m[39m
[31m[1m^[22m[39m[
31m[1m^[22m[39m[31
m[1m^[22m[39m[31m
[1m^[22m[39m[31m[1
m^[22m[39m[31m[1m^
[22m[39m
[31m[1m>[22m[39m[
90m 117 |[39m        
 [33m>[39m
 [90m     |[39m [31
m[1m^[22m[39m[31m
[1m^[22m[39m[31m[1
m^[22m[39m[31m[1m^
[22m[39m[31m[1m^[
22m[39m[31m[1m^[22
m[39m[31m[1m^[22m
[39m[31m[1m^[22m[3
9m[31m[1m^[22m[39m
[31m[1m^[22m[39m[
31m[1m^[22m[39m[31
m[1m^[22m[39m[31m
[1m^[22m[39m[31m[1
m^[22m[39m[31m[1m^
[22m[39m[31m[1m^[
22m[39m[31m[1m^[22
m[39m[31m[1m^[22m
[39m[31m[1m^[22m[3
9m[31m[1m^[22m[39m
[31m[1m^[22m[39m[
31m[1m^[22m[39m[31
m[1m^[22m[39m[31m
[1m^[22m[39m[31m[1
m^[22m[39m[31m[1m^
[22m[39m[31m[1m^[
22m[39m[31m[1m^[22
m[39m[31m[1m^[22m
[39m[31m[1m^[22m[3
9m[31m[1m^[22m[39m
[31m[1m^[22m[39m[
31m[1m^[22m[39m[31
m[1m^[22m[39m[31m
[1m^[22m[39m[31m[1
m^[22m[39m[31m[1m^
[22m[39m
[31m[1m>[22m[39m[
90m 118 |[39m        
   [33m<[39m[33mArr
owLeft[39m className
[33m=[39m[32m"w-4 
h-4"[39m [33m/[39m
[33m>[39m 
[33mBack[39m to 
[33mInventory[39m
 [90m     |[39m [31
m[1m^[22m[39m[31m
[1m^[22m[39m[31m[1
m^[22m[39m[31m[1m^
[22m[39m[31m[1m^[
22m[39m[31m[1m^[22
m[39m[31m[1m^[22m
[39m[31m[1m^[22m[3
9m[31m[1m^[22m[39m
[31m[1m^[22m[39m[
31m[1m^[22m[39m[31
m[1m^[22m[39m[31m
[1m^[22m[39m[31m[1
m^[22m[39m[31m[1m^
[22m[39m[31m[1m^[
22m[39m[31m[1m^[22
m[39m[31m[1m^[22m
[39m[31m[1m^[22m[3
9m[31m[1m^[22m[39m
[31m[1m^[22m[39m[
31m[1m^[22m[39m[31
m[1m^[22m[39m[31m
[1m^[22m[39m[31m[1
m^[22m[39m[31m[1m^
[22m[39m[31m[1m^[
22m[39m[31m[1m^[22
m[39m[31m[1m^[22m
[39m[31m[1m^[22m[3
9m[31m[1m^[22m[39m
[31m[1m^[22m[39m[
31m[1m^[22m[39m[31
m[1m^[22m[39m[31m
[1m^[22m[39m[31m[1
m^[22m[39m[31m[1m^
[22m[39m
[31m[1m>[22m[39m[
90m 119 |[39m        
 [33m<[39m[33m/[39
m[33mbutton[39m[33m
>[39m
 [90m     |[39m [31
m[1m^[22m[39m[31m
[1m^[22m[39m[31m[1
m^[22m[39m[31m[1m^
[22m[39m[31m[1m^[
22m[39m[31m[1m^[22
m[39m[31m[1m^[22m
[39m[31m[1m^[22m[3
9m[31m[1m^[22m[39m
[31m[1m^[22m[39m[
31m[1m^[22m[39m[31
m[1m^[22m[39m[31m
[1m^[22m[39m[31m[1
m^[22m[39m[31m[1m^
[22m[39m[31m[1m^[
22m[39m[31m[1m^[22
m[39m[31m[1m^[22m
[39m[31m[1m^[22m[3
9m[31m[1m^[22m[39m
[31m[1m^[22m[39m[
31m[1m^[22m[39m[31
m[1m^[22m[39m[31m
[1m^[22m[39m[31m[1
m^[22m[39m[31m[1m^
[22m[39m[31m[1m^[
22m[39m[31m[1m^[22
m[39m[31m[1m^[22m
[39m[31m[1m^[22m[3
9m[31m[1m^[22m[39m
[31m[1m^[22m[39m[
31m[1m^[22m[39m[31
m[1m^[22m[39m[31m
[1m^[22m[39m[31m[1
m^[22m[39m[31m[1m^
[22m[39m
[31m[1m>[22m[39m[
90m 120 |[39m
 [90m     |[39m [31
m[1m^[22m[39m[31m
[1m^[22m[39m[31m[1
m^[22m[39m[31m[1m^
[22m[39m[31m[1m^[
22m[39m[31m[1m^[22
m[39m[31m[1m^[22m
[39m[31m[1m^[22m[3
9m[31m[1m^[22m[39m
[31m[1m^[22m[39m[
31m[1m^[22m[39m[31
m[1m^[22m[39m[31m
[1m^[22m[39m[31m[1
m^[22m[39m[31m[1m^
[22m[39m[31m[1m^[
22m[39m[31m[1m^[22
m[39m[31m[1m^[22m
[39m[31m[1m^[22m[3
9m[31m[1m^[22m[39m
[31m[1m^[22m[39m[
31m[1m^[22m[39m[31
m[1m^[22m[39m[31m
[1m^[22m[39m[31m[1
m^[22m[39m[31m[1m^
[22m[39m[31m[1m^[
22m[39m[31m[1m^[22
m[39m[31m[1m^[22m
[39m[31m[1m^[22m[3
9m[31m[1m^[22m[39m
[31m[1m^[22m[39m[
31m[1m^[22m[39m[31
m[1m^[22m[39m[31m
[1m^[22m[39m[31m[1
m^[22m[39m[31m[1m^
[22m[39m
[31m[1m>[22m[39m[
90m 121 |[39m        
 [33m<[39m[33mdiv[
39m className[33m=[3
9m[32m"card p-5 space
-y-4"[39m[33m>[39m
 [90m     |[39m [31
m[1m^[22m[39m[31m
[1m^[22m[39m[31m[1
m^[22m[39m[31m[1m^
[22m[39m[31m[1m^[
22m[39m[31m[1m^[22
m[39m[31m[1m^[22m
[39m[31m[1m^[22m[3
9m[31m[1m^[22m[39m
[31m[1m^[22m[39m[
31m[1m^[22m[39m[31
m[1m^[22m[39m[31m
[1m^[22m[39m[31m[1
m^[22m[39m[31m[1m^
[22m[39m[31m[1m^[
22m[39m[31m[1m^[22
m[39m[31m[1m^[22m
[39m[31m[1m^[22m[3
9m[31m[1m^[22m[39m
[31m[1m^[22m[39m[
31m[1m^[22m[39m[31
m[1m^[22m[39m[31m
[1m^[22m[39m[31m[1
m^[22m[39m[31m[1m^
[22m[39m[31m[1m^[
22m[39m[31m[1m^[22
m[39m[31m[1m^[22m
[39m[31m[1m^[22m[3
9m[31m[1m^[22m[39m
[31m[1m^[22m[39m[
31m[1m^[22m[39m[31
m[1m^[22m[39m[31m
[1m^[22m[39m[31m[1
m^[22m[39m[31m[1m^
[22m[39m
[31m[1m>[22m[39m[
90m 122 |[39m        
   [33m<[39m[33mdiv
[39m[33m>[39m
 [90m     |[39m [31
m[1m^[22m[39m[31m
[1m^[22m[39m[31m[1
m^[22m[39m[31m[1m^
[22m[39m[31m[1m^[
22m[39m[31m[1m^[22
m[39m[31m[1m^[22m
[39m[31m[1m^[22m[3
9m[31m[1m^[22m[39m
[31m[1m^[22m[39m[
31m[1m^[22m[39m[31
m[1m^[22m[39m[31m
[1m^[22m[39m[31m[1
m^[22m[39m[31m[1m^
[22m[39m[31m[1m^[
22m[39m[31m[1m^[22
m[39m[31m[1m^[22m
[39m[31m[1m^[22m[3
9m[31m[1m^[22m[39m
[31m[1m^[22m[39m[
31m[1m^[22m[39m[31
m[1m^[22m[39m[31m
[1m^[22m[39m[31m[1
m^[22m[39m[31m[1m^
[22m[39m[31m[1m^[
22m[39m[31m[1m^[22
m[39m[31m[1m^[22m
[39m[31m[1m^[22m[3
9m[31m[1m^[22m[39m
[31m[1m^[22m[39m[
31m[1m^[22m[39m[31
m[1m^[22m[39m[31m
[1m^[22m[39m[31m[1
m^[22m[39m[31m[1m^
[22m[39m
[31m[1m>[22m[39m[
90m 123 |[39m        
     [33m<[39m[33ml
abel[39m className[3
3m=[39m[32m"block 
text-sm font-semibold 
text-gray-700 mb-1.5"
[39m[33m>[39m[33mPr
oduct[39m 
[33mName[39m [33m*
[39m[33m<[39m[33m/
[39m[33mlabel[39m[3
3m>[39m
 [90m     |[39m [31
m[1m^[22m[39m[31m
[1m^[22m[39m[31m[1
m^[22m[39m[31m[1m^
[22m[39m[31m[1m^[
22m[39m[31m[1m^[22
m[39m[31m[1m^[22m
[39m[31m[1m^[22m[3
9m[31m[1m^[22m[39m
[31m[1m^[22m[39m[
31m[1m^[22m[39m[31
m[1m^[22m[39m[31m
[1m^[22m[39m[31m[1
m^[22m[39m[31m[1m^
[22m[39m[31m[1m^[
22m[39m[31m[1m^[22
m[39m[31m[1m^[22m
[39m[31m[1m^[22m[3
9m[31m[1m^[22m[39m
[31m[1m^[22m[39m[
31m[1m^[22m[39m[31
m[1m^[22m[39m[31m
[1m^[22m[39m[31m[1
m^[22m[39m[31m[1m^
[22m[39m[31m[1m^[
22m[39m[31m[1m^[22
m[39m[31m[1m^[22m
[39m[31m[1m^[22m[3
9m[31m[1m^[22m[39m
[31m[1m^[22m[39m[
31m[1m^[22m[39m[31
m[1m^[22m[39m[31m
[1m^[22m[39m[31m[1
m^[22m[39m[31m[1m^
[22m[39m
[31m[1m>[22m[39m[
90m 124 |[39m        
     [33m<[39m[33mi
nput[39m
 [90m     |[39m [31
m[1m^[22m[39m[31m
[1m^[22m[39m[31m[1
m^[22m[39m[31m[1m^
[22m[39m[31m[1m^[
22m[39m[31m[1m^[22
m[39m[31m[1m^[22m
[39m[31m[1m^[22m[3
9m[31m[1m^[22m[39m
[31m[1m^[22m[39m[
31m[1m^[22m[39m[31
m[1m^[22m[39m[31m
[1m^[22m[39m[31m[1
m^[22m[39m[31m[1m^
[22m[39m[31m[1m^[
22m[39m[31m[1m^[22
m[39m[31m[1m^[22m
[39m[31m[1m^[22m[3
9m[31m[1m^[22m[39m
[31m[1m^[22m[39m[
31m[1m^[22m[39m[31
m[1m^[22m[39m[31m
[1m^[22m[39m[31m[1
m^[22m[39m[31m[1m^
[22m[39m[31m[1m^[
22m[39m[31m[1m^[22
m[39m[31m[1m^[22m
[39m[31m[1m^[22m[3
9m[31m[1m^[22m[39m
[31m[1m^[22m[39m[
31m[1m^[22m[39m[31
m[1m^[22m[39m[31m
[1m^[22m[39m[31m[1
m^[22m[39m[31m[1m^
[22m[39m
[31m[1m>[22m[39m[
90m 125 |[39m        
       className[33m=
[39m[32m"input"[39m
 [90m     |[39m [31
m[1m^[22m[39m[31m
[1m^[22m[39m[31m[1
m^[22m[39m[31m[1m^
[22m[39m[31m[1m^[
22m[39m[31m[1m^[22
m[39m[31m[1m^[22m
[39m[31m[1m^[22m[3
9m[31m[1m^[22m[39m
[31m[1m^[22m[39m[
31m[1m^[22m[39m[31
m[1m^[22m[39m[31m
[1m^[22m[39m[31m[1
m^[22m[39m[31m[1m^
[22m[39m[31m[1m^[
22m[39m[31m[1m^[22
m[39m[31m[1m^[22m
[39m[31m[1m^[22m[3
9m[31m[1m^[22m[39m
[31m[1m^[22m[39m[
31m[1m^[22m[39m[31
m[1m^[22m[39m[31m
[1m^[22m[39m[31m[1
m^[22m[39m[31m[1m^
[22m[39m[31m[1m^[
22m[39m[31m[1m^[22
m[39m[31m[1m^[22m
[39m[31m[1m^[22m[3
9m[31m[1m^[22m[39m
[31m[1m^[22m[39m[
31m[1m^[22m[39m[31
m[1m^[22m[39m[31m
[1m^[22m[39m[31m[1
m^[22m[39m[31m[1m^
[22m[39m
[31m[1m>[22m[39m[
90m 126 |[39m        
       placeholder[33
m=[39m[32m"e.g. 
Peak Milk 400g"[39m
 [90m     |[39m [31
m[1m^[22m[39m[31m
[1m^[22m[39m[31m[1
m^[22m[39m[31m[1m^
[22m[39m[31m[1m^[
22m[39m[31m[1m^[22
m[39m[31m[1m^[22m
[39m[31m[1m^[22m[3
9m[31m[1m^[22m[39m
[31m[1m^[22m[39m[
31m[1m^[22m[39m[31
m[1m^[22m[39m[31m
[1m^[22m[39m[31m[1
m^[22m[39m[31m[1m^
[22m[39m[31m[1m^[
22m[39m[31m[1m^[22
m[39m[31m[1m^[22m
[39m[31m[1m^[22m[3
9m[31m[1m^[22m[39m
[31m[1m^[22m[39m[
31m[1m^[22m[39m[31
m[1m^[22m[39m[31m
[1m^[22m[39m[31m[1
m^[22m[39m[31m[1m^
[22m[39m[31m[1m^[
22m[39m[31m[1m^[22
m[39m[31m[1m^[22m
[39m[31m[1m^[22m[3
9m[31m[1m^[22m[39m
[31m[1m^[22m[39m[
31m[1m^[22m[39m[31
m[1m^[22m[39m[31m
[1m^[22m[39m[31m[1
m^[22m[39m[31m[1m^
[22m[39m
[31m[1m>[22m[39m[
90m 127 |[39m        
       value[33m=[39
m{form[33m.[39mname}
 [90m     |[39m [31
m[1m^[22m[39m[31m
[1m^[22m[39m[31m[1
m^[22m[39m[31m[1m^
[22m[39m[31m[1m^[
22m[39m[31m[1m^[22
m[39m[31m[1m^[22m
[39m[31m[1m^[22m[3
9m[31m[1m^[22m[39m
[31m[1m^[22m[39m[
31m[1m^[22m[39m[31
m[1m^[22m[39m[31m
[1m^[22m[39m[31m[1
m^[22m[39m[31m[1m^
[22m[39m[31m[1m^[
22m[39m[31m[1m^[22
m[39m[31m[1m^[22m
[39m[31m[1m^[22m[3
9m[31m[1m^[22m[39m
[31m[1m^[22m[39m[
31m[1m^[22m[39m[31
m[1m^[22m[39m[31m
[1m^[22m[39m[31m[1
m^[22m[39m[31m[1m^
[22m[39m[31m[1m^[
22m[39m[31m[1m^[22
m[39m[31m[1m^[22m
[39m[31m[1m^[22m[3
9m[31m[1m^[22m[39m
[31m[1m^[22m[39m[
31m[1m^[22m[39m[31
m[1m^[22m[39m[31m
[1m^[22m[39m[31m[1
m^[22m[39m[31m[1m^
[22m[39m
[31m[1m>[22m[39m[
90m 128 |[39m        
       onChange[33m=
[39m{(e) [33m=>[39m 
updateForm([32m"name"
[39m[33m,[39m e[33
m.[39mtarget[33m.[3
9mvalue)}
 [90m     |[39m [31
m[1m^[22m[39m[31m
[1m^[22m[39m[31m[1
m^[22m[39m[31m[1m^
[22m[39m[31m[1m^[
22m[39m[31m[1m^[22
m[39m[31m[1m^[22m
[39m[31m[1m^[22m[3
9m[31m[1m^[22m[39m
[31m[1m^[22m[39m[
31m[1m^[22m[39m[31
m[1m^[22m[39m[31m
[1m^[22m[39m[31m[1
m^[22m[39m[31m[1m^
[22m[39m[31m[1m^[
22m[39m[31m[1m^[22
m[39m[31m[1m^[22m
[39m[31m[1m^[22m[3
9m[31m[1m^[22m[39m
[31m[1m^[22m[39m[
31m[1m^[22m[39m[31
m[1m^[22m[39m[31m
[1m^[22m[39m[31m[1
m^[22m[39m[31m[1m^
[22m[39m[31m[1m^[
22m[39m[31m[1m^[22
m[39m[31m[1m^[22m
[39m[31m[1m^[22m[3
9m[31m[1m^[22m[39m
[31m[1m^[22m[39m[
31m[1m^[22m[39m[31
m[1m^[22m[39m[31m
[1m^[22m[39m[31m[1
m^[22m[39m[31m[1m^
[22m[39m
[31m[1m>[22m[39m[
90m 129 |[39m        
     
[33m/[39m[33m>[39m
 [90m     |[39m [31
m[1m^[22m[39m[31m
[1m^[22m[39m[31m[1
m^[22m[39m[31m[1m^
[22m[39m[31m[1m^[
22m[39m[31m[1m^[22
m[39m[31m[1m^[22m
[39m[31m[1m^[22m[3
9m[31m[1m^[22m[39m
[31m[1m^[22m[39m[
31m[1m^[22m[39m[31
m[1m^[22m[39m[31m
[1m^[22m[39m[31m[1
m^[22m[39m[31m[1m^
[22m[39m[31m[1m^[
22m[39m[31m[1m^[22
m[39m[31m[1m^[22m
[39m[31m[1m^[22m[3
9m[31m[1m^[22m[39m
[31m[1m^[22m[39m[
31m[1m^[22m[39m[31
m[1m^[22m[39m[31m
[1m^[22m[39m[31m[1
m^[22m[39m[31m[1m^
[22m[39m[31m[1m^[
22m[39m[31m[1m^[22
m[39m[31m[1m^[22m
[39m[31m[1m^[22m[3
9m[31m[1m^[22m[39m
[31m[1m^[22m[39m[
31m[1m^[22m[39m[31
m[1m^[22m[39m[31m
[1m^[22m[39m[31m[1
m^[22m[39m[31m[1m^
[22m[39m
[31m[1m>[22m[39m[
90m 130 |[39m        
   [33m<[39m[33m/[
39m[33mdiv[39m[33m>
[39m
 [90m     |[39m [31
m[1m^[22m[39m[31m
[1m^[22m[39m[31m[1
m^[22m[39m[31m[1m^
[22m[39m[31m[1m^[
22m[39m[31m[1m^[22
m[39m[31m[1m^[22m
[39m[31m[1m^[22m[3
9m[31m[1m^[22m[39m
[31m[1m^[22m[39m[
31m[1m^[22m[39m[31
m[1m^[22m[39m[31m
[1m^[22m[39m[31m[1
m^[22m[39m[31m[1m^
[22m[39m[31m[1m^[
22m[39m[31m[1m^[22
m[39m[31m[1m^[22m
[39m[31m[1m^[22m[3
9m[31m[1m^[22m[39m
[31m[1m^[22m[39m[
31m[1m^[22m[39m[31
m[1m^[22m[39m[31m
[1m^[22m[39m[31m[1
m^[22m[39m[31m[1m^
[22m[39m[31m[1m^[
22m[39m[31m[1m^[22
m[39m[31m[1m^[22m
[39m[31m[1m^[22m[3
9m[31m[1m^[22m[39m
[31m[1m^[22m[39m[
31m[1m^[22m[39m[31
m[1m^[22m[39m[31m
[1m^[22m[39m[31m[1
m^[22m[39m[31m[1m^
[22m[39m
[31m[1m>[22m[39m[
90m 131 |[39m
 [90m     |[39m [31
m[1m^[22m[39m[31m
[1m^[22m[39m[31m[1
m^[22m[39m[31m[1m^
[22m[39m[31m[1m^[
22m[39m[31m[1m^[22
m[39m[31m[1m^[22m
[39m[31m[1m^[22m[3
9m[31m[1m^[22m[39m
[31m[1m^[22m[39m[
31m[1m^[22m[39m[31
m[1m^[22m[39m[31m
[1m^[22m[39m[31m[1
m^[22m[39m[31m[1m^
[22m[39m[31m[1m^[
22m[39m[31m[1m^[22
m[39m[31m[1m^[22m
[39m[31m[1m^[22m[3
9m[31m[1m^[22m[39m
[31m[1m^[22m[39m[
31m[1m^[22m[39m[31
m[1m^[22m[39m[31m
[1m^[22m[39m[31m[1
m^[22m[39m[31m[1m^
[22m[39m[31m[1m^[
22m[39m[31m[1m^[22
m[39m[31m[1m^[22m
[39m[31m[1m^[22m[3
9m[31m[1m^[22m[39m
[31m[1m^[22m[39m[
31m[1m^[22m[39m[31
m[1m^[22m[39m[31m
[1m^[22m[39m[31m[1
m^[22m[39m[31m[1m^
[22m[39m
[31m[1m>[22m[39m[
90m 132 |[39m        
   [33m<[39m[33mdiv
[39m[33m>[39m
 [90m     |[39m [31
m[1m^[22m[39m[31m
[1m^[22m[39m[31m[1
m^[22m[39m[31m[1m^
[22m[39m[31m[1m^[
22m[39m[31m[1m^[22
m[39m[31m[1m^[22m
[39m[31m[1m^[22m[3
9m[31m[1m^[22m[39m
[31m[1m^[22m[39m[
31m[1m^[22m[39m[31
m[1m^[22m[39m[31m
[1m^[22m[39m[31m[1
m^[22m[39m[31m[1m^
[22m[39m[31m[1m^[
22m[39m[31m[1m^[22
m[39m[31m[1m^[22m
[39m[31m[1m^[22m[3
9m[31m[1m^[22m[39m
[31m[1m^[22m[39m[
31m[1m^[22m[39m[31
m[1m^[22m[39m[31m
[1m^[22m[39m[31m[1
m^[22m[39m[31m[1m^
[22m[39m[31m[1m^[
22m[39m[31m[1m^[22
m[39m[31m[1m^[22m
[39m[31m[1m^[22m[3
9m[31m[1m^[22m[39m
[31m[1m^[22m[39m[
31m[1m^[22m[39m[31
m[1m^[22m[39m[31m
[1m^[22m[39m[31m[1
m^[22m[39m[31m[1m^
[22m[39m
[31m[1m>[22m[39m[
90m 133 |[39m        
     [33m<[39m[33ml
abel[39m className[3
3m=[39m[32m"block 
text-sm font-semibold 
text-gray-700 mb-1.5"
[39m[33m>[39m[33mCa
tegory[39m[33m<[39m
[33m/[39m[33mlabel
[39m[33m>[39m
 [90m     |[39m [31
m[1m^[22m[39m[31m
[1m^[22m[39m[31m[1
m^[22m[39m[31m[1m^
[22m[39m[31m[1m^[
22m[39m[31m[1m^[22
m[39m[31m[1m^[22m
[39m[31m[1m^[22m[3
9m[31m[1m^[22m[39m
[31m[1m^[22m[39m[
31m[1m^[22m[39m[31
m[1m^[22m[39m[31m
[1m^[22m[39m[31m[1
m^[22m[39m[31m[1m^
[22m[39m[31m[1m^[
22m[39m[31m[1m^[22
m[39m[31m[1m^[22m
[39m[31m[1m^[22m[3
9m[31m[1m^[22m[39m
[31m[1m^[22m[39m[
31m[1m^[22m[39m[31
m[1m^[22m[39m[31m
[1m^[22m[39m[31m[1
m^[22m[39m[31m[1m^
[22m[39m[31m[1m^[
22m[39m[31m[1m^[22
m[39m[31m[1m^[22m
[39m[31m[1m^[22m[3
9m[31m[1m^[22m[39m
[31m[1m^[22m[39m[
31m[1m^[22m[39m[31
m[1m^[22m[39m[31m
[1m^[22m[39m[31m[1
m^[22m[39m[31m[1m^
[22m[39m
[31m[1m>[22m[39m[
90m 134 |[39m        
     [33m<[39m[33md
iv[39m className[33m
=[39m[32m"relative"
[39m[33m>[39m
 [90m     |[39m [31
m[1m^[22m[39m[31m
[1m^[22m[39m[31m[1
m^[22m[39m[31m[1m^
[22m[39m[31m[1m^[
22m[39m[31m[1m^[22
m[39m[31m[1m^[22m
[39m[31m[1m^[22m[3
9m[31m[1m^[22m[39m
[31m[1m^[22m[39m[
31m[1m^[22m[39m[31
m[1m^[22m[39m[31m
[1m^[22m[39m[31m[1
m^[22m[39m[31m[1m^
[22m[39m[31m[1m^[
22m[39m[31m[1m^[22
m[39m[31m[1m^[22m
[39m[31m[1m^[22m[3
9m[31m[1m^[22m[39m
[31m[1m^[22m[39m[
31m[1m^[22m[39m[31
m[1m^[22m[39m[31m
[1m^[22m[39m[31m[1
m^[22m[39m[31m[1m^
[22m[39m[31m[1m^[
22m[39m[31m[1m^[22
m[39m[31m[1m^[22m
[39m[31m[1m^[22m[3
9m[31m[1m^[22m[39m
[31m[1m^[22m[39m[
31m[1m^[22m[39m[31
m[1m^[22m[39m[31m
[1m^[22m[39m[31m[1
m^[22m[39m[31m[1m^
[22m[39m
[31m[1m>[22m[39m[
90m 135 |[39m        
       [33m<[39m[33
mselect[39m
 [90m     |[39m [31
m[1m^[22m[39m[31m
[1m^[22m[39m[31m[1
m^[22m[39m[31m[1m^
[22m[39m[31m[1m^[
22m[39m[31m[1m^[22
m[39m[31m[1m^[22m
[39m[31m[1m^[22m[3
9m[31m[1m^[22m[39m
[31m[1m^[22m[39m[
31m[1m^[22m[39m[31
m[1m^[22m[39m[31m
[1m^[22m[39m[31m[1
m^[22m[39m[31m[1m^
[22m[39m[31m[1m^[
22m[39m[31m[1m^[22
m[39m[31m[1m^[22m
[39m[31m[1m^[22m[3
9m[31m[1m^[22m[39m
[31m[1m^[22m[39m[
31m[1m^[22m[39m[31
m[1m^[22m[39m[31m
[1m^[22m[39m[31m[1
m^[22m[39m[31m[1m^
[22m[39m[31m[1m^[
22m[39m[31m[1m^[22
m[39m[31m[1m^[22m
[39m[31m[1m^[22m[3
9m[31m[1m^[22m[39m
[31m[1m^[22m[39m[
31m[1m^[22m[39m[31
m[1m^[22m[39m[31m
[1m^[22m[39m[31m[1
m^[22m[39m[31m[1m^
[22m[39m
[31m[1m>[22m[39m[
90m 136 |[39m        
         className[33
m=[39m[32m"input 
appearance-none 
pr-8"[39m
 [90m     |[39m [31
m[1m^[22m[39m[31m
[1m^[22m[39m[31m[1
m^[22m[39m[31m[1m^
[22m[39m[31m[1m^[
22m[39m[31m[1m^[22
m[39m[31m[1m^[22m
[39m[31m[1m^[22m[3
9m[31m[1m^[22m[39m
[31m[1m^[22m[39m[
31m[1m^[22m[39m[31
m[1m^[22m[39m[31m
[1m^[22m[39m[31m[1
m^[22m[39m[31m[1m^
[22m[39m[31m[1m^[
22m[39m[31m[1m^[22
m[39m[31m[1m^[22m
[39m[31m[1m^[22m[3
9m[31m[1m^[22m[39m
[31m[1m^[22m[39m[
31m[1m^[22m[39m[31
m[1m^[22m[39m[31m
[1m^[22m[39m[31m[1
m^[22m[39m[31m[1m^
[22m[39m[31m[1m^[
22m[39m[31m[1m^[22
m[39m[31m[1m^[22m
[39m[31m[1m^[22m[3
9m[31m[1m^[22m[39m
[31m[1m^[22m[39m[
31m[1m^[22m[39m[31
m[1m^[22m[39m[31m
[1m^[22m[39m[31m[1
m^[22m[39m[31m[1m^
[22m[39m
[31m[1m>[22m[39m[
90m 137 |[39m        
         value[33m=[
39m{form[33m.[39mcat
egory}
 [90m     |[39m [31
m[1m^[22m[39m[31m
[1m^[22m[39m[31m[1
m^[22m[39m[31m[1m^
[22m[39m[31m[1m^[
22m[39m[31m[1m^[22
m[39m[31m[1m^[22m
[39m[31m[1m^[22m[3
9m[31m[1m^[22m[39m
[31m[1m^[22m[39m[
31m[1m^[22m[39m[31
m[1m^[22m[39m[31m
[1m^[22m[39m[31m[1
m^[22m[39m[31m[1m^
[22m[39m[31m[1m^[
22m[39m[31m[1m^[22
m[39m[31m[1m^[22m
[39m[31m[1m^[22m[3
9m[31m[1m^[22m[39m
[31m[1m^[22m[39m[
31m[1m^[22m[39m[31
m[1m^[22m[39m[31m
[1m^[22m[39m[31m[1
m^[22m[39m[31m[1m^
[22m[39m[31m[1m^[
22m[39m[31m[1m^[22
m[39m[31m[1m^[22m
[39m[31m[1m^[22m[3
9m[31m[1m^[22m[39m
[31m[1m^[22m[39m[
31m[1m^[22m[39m[31
m[1m^[22m[39m[31m
[1m^[22m[39m[31m[1
m^[22m[39m[31m[1m^
[22m[39m
[31m[1m>[22m[39m[
90m 138 |[39m        
         onChange[33m
=[39m{(e) 
[33m=>[39m updateFor
m([32m"category"[39m
[33m,[39m e[33m.[3
9mtarget[33m.[39mval
ue)}
 [90m     |[39m [31
m[1m^[22m[39m[31m
[1m^[22m[39m[31m[1
m^[22m[39m[31m[1m^
[22m[39m[31m[1m^[
22m[39m[31m[1m^[22
m[39m[31m[1m^[22m
[39m[31m[1m^[22m[3
9m[31m[1m^[22m[39m
[31m[1m^[22m[39m[
31m[1m^[22m[39m[31
m[1m^[22m[39m[31m
[1m^[22m[39m[31m[1
m^[22m[39m[31m[1m^
[22m[39m[31m[1m^[
22m[39m[31m[1m^[22
m[39m[31m[1m^[22m
[39m[31m[1m^[22m[3
9m[31m[1m^[22m[39m
[31m[1m^[22m[39m[
31m[1m^[22m[39m[31
m[1m^[22m[39m[31m
[1m^[22m[39m[31m[1
m^[22m[39m[31m[1m^
[22m[39m[31m[1m^[
22m[39m[31m[1m^[22
m[39m[31m[1m^[22m
[39m[31m[1m^[22m[3
9m[31m[1m^[22m[39m
[31m[1m^[22m[39m[
31m[1m^[22m[39m[31
m[1m^[22m[39m[31m
[1m^[22m[39m[31m[1
m^[22m[39m[31m[1m^
[22m[39m
[31m[1m>[22m[39m[
90m 139 |[39m        
       [33m>[39m
 [90m     |[39m [31
m[1m^[22m[39m[31m
[1m^[22m[39m[31m[1
m^[22m[39m[31m[1m^
[22m[39m[31m[1m^[
22m[39m[31m[1m^[22
m[39m[31m[1m^[22m
[39m[31m[1m^[22m[3
9m[31m[1m^[22m[39m
[31m[1m^[22m[39m[
31m[1m^[22m[39m[31
m[1m^[22m[39m[31m
[1m^[22m[39m[31m[1
m^[22m[39m[31m[1m^
[22m[39m[31m[1m^[
22m[39m[31m[1m^[22
m[39m[31m[1m^[22m
[39m[31m[1m^[22m[3
9m[31m[1m^[22m[39m
[31m[1m^[22m[39m[
31m[1m^[22m[39m[31
m[1m^[22m[39m[31m
[1m^[22m[39m[31m[1
m^[22m[39m[31m[1m^
[22m[39m[31m[1m^[
22m[39m[31m[1m^[22
m[39m[31m[1m^[22m
[39m[31m[1m^[22m[3
9m[31m[1m^[22m[39m
[31m[1m^[22m[39m[
31m[1m^[22m[39m[31
m[1m^[22m[39m[31m
[1m^[22m[39m[31m[1
m^[22m[39m[31m[1m^
[22m[39m
[31m[1m>[22m[39m[
90m 140 |[39m        
         {[33mCATEGOR
IES[39m[33m.[39mmap
((c) [33m=>[39m [33
m<[39m[33moption[39
m key[33m=[39m{c}[3
3m>[39m{c}[33m<[39m
[33m/[39m[33moption
[39m[33m>[39m)}
 [90m     |[39m [31
m[1m^[22m[39m[31m
[1m^[22m[39m[31m[1
m^[22m[39m[31m[1m^
[22m[39m[31m[1m^[
22m[39m[31m[1m^[22
m[39m[31m[1m^[22m
[39m[31m[1m^[22m[3
9m[31m[1m^[22m[39m
[31m[1m^[22m[39m[
31m[1m^[22m[39m[31
m[1m^[22m[39m[31m
[1m^[22m[39m[31m[1
m^[22m[39m[31m[1m^
[22m[39m[31m[1m^[
22m[39m[31m[1m^[22
m[39m[31m[1m^[22m
[39m[31m[1m^[22m[3
9m[31m[1m^[22m[39m
[31m[1m^[22m[39m[
31m[1m^[22m[39m[31
m[1m^[22m[39m[31m
[1m^[22m[39m[31m[1
m^[22m[39m[31m[1m^
[22m[39m[31m[1m^[
22m[39m[31m[1m^[22
m[39m[31m[1m^[22m
[39m[31m[1m^[22m[3
9m[31m[1m^[22m[39m
[31m[1m^[22m[39m[
31m[1m^[22m[39m[31
m[1m^[22m[39m[31m
[1m^[22m[39m[31m[1
m^[22m[39m[31m[1m^
[22m[39m
[31m[1m>[22m[39m[
90m 141 |[39m        
       [33m<[39m[33
m/[39m[33mselect[39
m[33m>[39m
 [90m     |[39m [31
m[1m^[22m[39m[31m
[1m^[22m[39m[31m[1
m^[22m[39m[31m[1m^
[22m[39m[31m[1m^[
22m[39m[31m[1m^[22
m[39m[31m[1m^[22m
[39m[31m[1m^[22m[3
9m[31m[1m^[22m[39m
[31m[1m^[22m[39m[
31m[1m^[22m[39m[31
m[1m^[22m[39m[31m
[1m^[22m[39m[31m[1
m^[22m[39m[31m[1m^
[22m[39m[31m[1m^[
22m[39m[31m[1m^[22
m[39m[31m[1m^[22m
[39m[31m[1m^[22m[3
9m[31m[1m^[22m[39m
[31m[1m^[22m[39m[
31m[1m^[22m[39m[31
m[1m^[22m[39m[31m
[1m^[22m[39m[31m[1
m^[22m[39m[31m[1m^
[22m[39m[31m[1m^[
22m[39m[31m[1m^[22
m[39m[31m[1m^[22m
[39m[31m[1m^[22m[3
9m[31m[1m^[22m[39m
[31m[1m^[22m[39m[
31m[1m^[22m[39m[31
m[1m^[22m[39m[31m
[1m^[22m[39m[31m[1
m^[22m[39m[31m[1m^
[22m[39m
[31m[1m>[22m[39m[
90m 142 |[39m        
       [33m<[39m[33
mChevronDown[39m clas
sName[33m=[39m[32m"
absolute right-3 
top-1/2 
-translate-y-1/2 w-4 
h-4 text-gray-400 poin
ter-events-none"[39m 
[33m/[39m[33m>[39m
 [90m     |[39m [31
m[1m^[22m[39m[31m
[1m^[22m[39m[31m[1
m^[22m[39m[31m[1m^
[22m[39m[31m[1m^[
22m[39m[31m[1m^[22
m[39m[31m[1m^[22m
[39m[31m[1m^[22m[3
9m[31m[1m^[22m[39m
[31m[1m^[22m[39m[
31m[1m^[22m[39m[31
m[1m^[22m[39m[31m
[1m^[22m[39m[31m[1
m^[22m[39m[31m[1m^
[22m[39m[31m[1m^[
22m[39m[31m[1m^[22
m[39m[31m[1m^[22m
[39m[31m[1m^[22m[3
9m[31m[1m^[22m[39m
[31m[1m^[22m[39m[
31m[1m^[22m[39m[31
m[1m^[22m[39m[31m
[1m^[22m[39m[31m[1
m^[22m[39m[31m[1m^
[22m[39m[31m[1m^[
22m[39m[31m[1m^[22
m[39m[31m[1m^[22m
[39m[31m[1m^[22m[3
9m[31m[1m^[22m[39m
[31m[1m^[22m[39m[
31m[1m^[22m[39m[31
m[1m^[22m[39m[31m
[1m^[22m[39m[31m[1
m^[22m[39m[31m[1m^
[22m[39m
[31m[1m>[22m[39m[
90m 143 |[39m        
     [33m<[39m[33m/
[39m[33mdiv[39m[33
m>[39m
 [90m     |[39m [31
m[1m^[22m[39m[31m
[1m^[22m[39m[31m[1
m^[22m[39m[31m[1m^
[22m[39m[31m[1m^[
22m[39m[31m[1m^[22
m[39m[31m[1m^[22m
[39m[31m[1m^[22m[3
9m[31m[1m^[22m[39m
[31m[1m^[22m[39m[
31m[1m^[22m[39m[31
m[1m^[22m[39m[31m
[1m^[22m[39m[31m[1
m^[22m[39m[31m[1m^
[22m[39m[31m[1m^[
22m[39m[31m[1m^[22
m[39m[31m[1m^[22m
[39m[31m[1m^[22m[3
9m[31m[1m^[22m[39m
[31m[1m^[22m[39m[
31m[1m^[22m[39m[31
m[1m^[22m[39m[31m
[1m^[22m[39m[31m[1
m^[22m[39m[31m[1m^
[22m[39m[31m[1m^[
22m[39m[31m[1m^[22
m[39m[31m[1m^[22m
[39m[31m[1m^[22m[3
9m[31m[1m^[22m[39m
[31m[1m^[22m[39m[
31m[1m^[22m[39m[31
m[1m^[22m[39m[31m
[1m^[22m[39m[31m[1
m^[22m[39m[31m[1m^
[22m[39m
[31m[1m>[22m[39m[
90m 144 |[39m        
   [33m<[39m[33m/[
39m[33mdiv[39m[33m>
[39m
 [90m     |[39m [31
m[1m^[22m[39m[31m
[1m^[22m[39m[31m[1
m^[22m[39m[31m[1m^
[22m[39m[31m[1m^[
22m[39m[31m[1m^[22
m[39m[31m[1m^[22m
[39m[31m[1m^[22m[3
9m[31m[1m^[22m[39m
[31m[1m^[22m[39m[
31m[1m^[22m[39m[31
m[1m^[22m[39m[31m
[1m^[22m[39m[31m[1
m^[22m[39m[31m[1m^
[22m[39m[31m[1m^[
22m[39m[31m[1m^[22
m[39m[31m[1m^[22m
[39m[31m[1m^[22m[3
9m[31m[1m^[22m[39m
[31m[1m^[22m[39m[
31m[1m^[22m[39m[31
m[1m^[22m[39m[31m
[1m^[22m[39m[31m[1
m^[22m[39m[31m[1m^
[22m[39m[31m[1m^[
22m[39m[31m[1m^[22
m[39m[31m[1m^[22m
[39m[31m[1m^[22m[3
9m[31m[1m^[22m[39m
[31m[1m^[22m[39m[
31m[1m^[22m[39m[31
m[1m^[22m[39m[31m
[1m^[22m[39m[31m[1
m^[22m[39m[31m[1m^
[22m[39m
[31m[1m>[22m[39m[
90m 145 |[39m
 [90m     |[39m [31
m[1m^[22m[39m[31m
[1m^[22m[39m[31m[1
m^[22m[39m[31m[1m^
[22m[39m[31m[1m^[
22m[39m[31m[1m^[22
m[39m[31m[1m^[22m
[39m[31m[1m^[22m[3
9m[31m[1m^[22m[39m
[31m[1m^[22m[39m[
31m[1m^[22m[39m[31
m[1m^[22m[39m[31m
[1m^[22m[39m[31m[1
m^[22m[39m[31m[1m^
[22m[39m[31m[1m^[
22m[39m[31m[1m^[22
m[39m[31m[1m^[22m
[39m[31m[1m^[22m[3
9m[31m[1m^[22m[39m
[31m[1m^[22m[39m[
31m[1m^[22m[39m[31
m[1m^[22m[39m[31m
[1m^[22m[39m[31m[1
m^[22m[39m[31m[1m^
[22m[39m[31m[1m^[
22m[39m[31m[1m^[22
m[39m[31m[1m^[22m
[39m[31m[1m^[22m[3
9m[31m[1m^[22m[39m
[31m[1m^[22m[39m[
31m[1m^[22m[39m[31
m[1m^[22m[39m[31m
[1m^[22m[39m[31m[1
m^[22m[39m[31m[1m^
[22m[39m
[31m[1m>[22m[39m[
90m 146 |[39m        
   [33m<[39m[33mdiv
[39m className[33m=
[39m[32m"grid 
grid-cols-2 
gap-3"[39m[33m>[39m
 [90m     |[39m [31
m[1m^[22m[39m[31m
[1m^[22m[39m[31m[1
m^[22m[39m[31m[1m^
[22m[39m[31m[1m^[
22m[39m[31m[1m^[22
m[39m[31m[1m^[22m
[39m[31m[1m^[22m[3
9m[31m[1m^[22m[39m
[31m[1m^[22m[39m[
31m[1m^[22m[39m[31
m[1m^[22m[39m[31m
[1m^[22m[39m[31m[1
m^[22m[39m[31m[1m^
[22m[39m[31m[1m^[
22m[39m[31m[1m^[22
m[39m[31m[1m^[22m
[39m[31m[1m^[22m[3
9m[31m[1m^[22m[39m
[31m[1m^[22m[39m[
31m[1m^[22m[39m[31
m[1m^[22m[39m[31m
[1m^[22m[39m[31m[1
m^[22m[39m[31m[1m^
[22m[39m[31m[1m^[
22m[39m[31m[1m^[22
m[39m[31m[1m^[22m
[39m[31m[1m^[22m[3
9m[31m[1m^[22m[39m
[31m[1m^[22m[39m[
31m[1m^[22m[39m[31
m[1m^[22m[39m[31m
[1m^[22m[39m[31m[1
m^[22m[39m[31m[1m^
[22m[39m
[31m[1m>[22m[39m[
90m 147 |[39m        
     [33m<[39m[33md
iv[39m[33m>[39m
 [90m     |[39m [31
m[1m^[22m[39m[31m
[1m^[22m[39m[31m[1
m^[22m[39m[31m[1m^
[22m[39m[31m[1m^[
22m[39m[31m[1m^[22
m[39m[31m[1m^[22m
[39m[31m[1m^[22m[3
9m[31m[1m^[22m[39m
[31m[1m^[22m[39m[
31m[1m^[22m[39m[31
m[1m^[22m[39m[31m
[1m^[22m[39m[31m[1
m^[22m[39m[31m[1m^
[22m[39m[31m[1m^[
22m[39m[31m[1m^[22
m[39m[31m[1m^[22m
[39m[31m[1m^[22m[3
9m[31m[1m^[22m[39m
[31m[1m^[22m[39m[
31m[1m^[22m[39m[31
m[1m^[22m[39m[31m
[1m^[22m[39m[31m[1
m^[22m[39m[31m[1m^
[22m[39m[31m[1m^[
22m[39m[31m[1m^[22
m[39m[31m[1m^[22m
[39m[31m[1m^[22m[3
9m[31m[1m^[22m[39m
[31m[1m^[22m[39m[
31m[1m^[22m[39m[31
m[1m^[22m[39m[31m
[1m^[22m[39m[31m[1
m^[22m[39m[31m[1m^
[22m[39m
[31m[1m>[22m[39m[
90m 148 |[39m        
       [33m<[39m[33
mlabel[39m className
[33m=[39m[32m"block 
text-sm font-semibold 
text-gray-700 mb-1.5"
[39m[33m>[39m[33mBu
ying[39m 
[33mPrice[39m (Γéª) 
[33m<[39m[33mspan[
39m className[33m=[3
9m[32m"text-gray-400 
font-normal"[39m[33m
>[39m(per unit)[33m<
[39m[33m/[39m[33ms
pan[39m[33m>[39m[3
3m<[39m[33m/[39m[3
3mlabel[39m[33m>[39
m
 [90m     |[39m [31
m[1m^[22m[39m[31m
[1m^[22m[39m[31m[1
m^[22m[39m[31m[1m^
[22m[39m[31m[1m^[
22m[39m[31m[1m^[22
m[39m[31m[1m^[22m
[39m[31m[1m^[22m[3
9m[31m[1m^[22m[39m
[31m[1m^[22m[39m[
31m[1m^[22m[39m[31
m[1m^[22m[39m[31m
[1m^[22m[39m[31m[1
m^[22m[39m[31m[1m^
[22m[39m[31m[1m^[
22m[39m[31m[1m^[22
m[39m[31m[1m^[22m
[39m[31m[1m^[22m[3
9m[31m[1m^[22m[39m
[31m[1m^[22m[39m[
31m[1m^[22m[39m[31
m[1m^[22m[39m[31m
[1m^[22m[39m[31m[1
m^[22m[39m[31m[1m^
[22m[39m[31m[1m^[
22m[39m[31m[1m^[22
m[39m[31m[1m^[22m
[39m[31m[1m^[22m[3
9m[31m[1m^[22m[39m
[31m[1m^[22m[39m[
31m[1m^[22m[39m[31
m[1m^[22m[39m[31m
[1m^[22m[39m[31m[1
m^[22m[39m[31m[1m^
[22m[39m
[31m[1m>[22m[39m[
90m 149 |[39m        
       [33m<[39m[33
minput[39m
 [90m     |[39m [31
m[1m^[22m[39m[31m
[1m^[22m[39m[31m[1
m^[22m[39m[31m[1m^
[22m[39m[31m[1m^[
22m[39m[31m[1m^[22
m[39m[31m[1m^[22m
[39m[31m[1m^[22m[3
9m[31m[1m^[22m[39m
[31m[1m^[22m[39m[
31m[1m^[22m[39m[31
m[1m^[22m[39m[31m
[1m^[22m[39m[31m[1
m^[22m[39m[31m[1m^
[22m[39m[31m[1m^[
22m[39m[31m[1m^[22
m[39m[31m[1m^[22m
[39m[31m[1m^[22m[3
9m[31m[1m^[22m[39m
[31m[1m^[22m[39m[
31m[1m^[22m[39m[31
m[1m^[22m[39m[31m
[1m^[22m[39m[31m[1
m^[22m[39m[31m[1m^
[22m[39m[31m[1m^[
22m[39m[31m[1m^[22
m[39m[31m[1m^[22m
[39m[31m[1m^[22m[3
9m[31m[1m^[22m[39m
[31m[1m^[22m[39m[
31m[1m^[22m[39m[31
m[1m^[22m[39m[31m
[1m^[22m[39m[31m[1
m^[22m[39m[31m[1m^
[22m[39m
[31m[1m>[22m[39m[
90m 150 |[39m        
         className[33
m=[39m[32m"input"[3
9m
 [90m     |[39m [31
m[1m^[22m[39m[31m
[1m^[22m[39m[31m[1
m^[22m[39m[31m[1m^
[22m[39m[31m[1m^[
22m[39m[31m[1m^[22
m[39m[31m[1m^[22m
[39m[31m[1m^[22m[3
9m[31m[1m^[22m[39m
[31m[1m^[22m[39m[
31m[1m^[22m[39m[31
m[1m^[22m[39m[31m
[1m^[22m[39m[31m[1
m^[22m[39m[31m[1m^
[22m[39m[31m[1m^[
22m[39m[31m[1m^[22
m[39m[31m[1m^[22m
[39m[31m[1m^[22m[3
9m[31m[1m^[22m[39m
[31m[1m^[22m[39m[
31m[1m^[22m[39m[31
m[1m^[22m[39m[31m
[1m^[22m[39m[31m[1
m^[22m[39m[31m[1m^
[22m[39m[31m[1m^[
22m[39m[31m[1m^[22
m[39m[31m[1m^[22m
[39m[31m[1m^[22m[3
9m[31m[1m^[22m[39m
[31m[1m^[22m[39m[
31m[1m^[22m[39m[31
m[1m^[22m[39m[31m
[1m^[22m[39m[31m[1
m^[22m[39m[31m[1m^
[22m[39m
[31m[1m>[22m[39m[
90m 151 |[39m        
         type[33m=[3
9m[32m"number"[39m
 [90m     |[39m [31
m[1m^[22m[39m[31m
[1m^[22m[39m[31m[1
m^[22m[39m[31m[1m^
[22m[39m[31m[1m^[
22m[39m[31m[1m^[22
m[39m[31m[1m^[22m
[39m[31m[1m^[22m[3
9m[31m[1m^[22m[39m
[31m[1m^[22m[39m[
31m[1m^[22m[39m[31
m[1m^[22m[39m[31m
[1m^[22m[39m[31m[1
m^[22m[39m[31m[1m^
[22m[39m[31m[1m^[
22m[39m[31m[1m^[22
m[39m[31m[1m^[22m
[39m[31m[1m^[22m[3
9m[31m[1m^[22m[39m
[31m[1m^[22m[39m[
31m[1m^[22m[39m[31
m[1m^[22m[39m[31m
[1m^[22m[39m[31m[1
m^[22m[39m[31m[1m^
[22m[39m[31m[1m^[
22m[39m[31m[1m^[22
m[39m[31m[1m^[22m
[39m[31m[1m^[22m[3
9m[31m[1m^[22m[39m
[31m[1m^[22m[39m[
31m[1m^[22m[39m[31
m[1m^[22m[39m[31m
[1m^[22m[39m[31m[1
m^[22m[39m[31m[1m^
[22m[39m
[31m[1m>[22m[39m[
90m 152 |[39m        
         placeholder[
33m=[39m[32m"0.00"[
39m
 [90m     |[39m [31
m[1m^[22m[39m[31m
[1m^[22m[39m[31m[1
m^[22m[39m[31m[1m^
[22m[39m[31m[1m^[
22m[39m[31m[1m^[22
m[39m[31m[1m^[22m
[39m[31m[1m^[22m[3
9m[31m[1m^[22m[39m
[31m[1m^[22m[39m[
31m[1m^[22m[39m[31
m[1m^[22m[39m[31m
[1m^[22m[39m[31m[1
m^[22m[39m[31m[1m^
[22m[39m[31m[1m^[
22m[39m[31m[1m^[22
m[39m[31m[1m^[22m
[39m[31m[1m^[22m[3
9m[31m[1m^[22m[39m
[31m[1m^[22m[39m[
31m[1m^[22m[39m[31
m[1m^[22m[39m[31m
[1m^[22m[39m[31m[1
m^[22m[39m[31m[1m^
[22m[39m[31m[1m^[
22m[39m[31m[1m^[22
m[39m[31m[1m^[22m
[39m[31m[1m^[22m[3
9m[31m[1m^[22m[39m
[31m[1m^[22m[39m[
31m[1m^[22m[39m[31
m[1m^[22m[39m[31m
[1m^[22m[39m[31m[1
m^[22m[39m[31m[1m^
[22m[39m
[31m[1m>[22m[39m[
90m 153 |[39m        
         value[33m=[
39m{form[33m.[39mbuy
_price}
 [90m     |[39m [31
m[1m^[22m[39m[31m
[1m^[22m[39m[31m[1
m^[22m[39m[31m[1m^
[22m[39m[31m[1m^[
22m[39m[31m[1m^[22
m[39m[31m[1m^[22m
[39m[31m[1m^[22m[3
9m[31m[1m^[22m[39m
[31m[1m^[22m[39m[
31m[1m^[22m[39m[31
m[1m^[22m[39m[31m
[1m^[22m[39m[31m[1
m^[22m[39m[31m[1m^
[22m[39m[31m[1m^[
22m[39m[31m[1m^[22
m[39m[31m[1m^[22m
[39m[31m[1m^[22m[3
9m[31m[1m^[22m[39m
[31m[1m^[22m[39m[
31m[1m^[22m[39m[31
m[1m^[22m[39m[31m
[1m^[22m[39m[31m[1
m^[22m[39m[31m[1m^
[22m[39m[31m[1m^[
22m[39m[31m[1m^[22
m[39m[31m[1m^[22m
[39m[31m[1m^[22m[3
9m[31m[1m^[22m[39m
[31m[1m^[22m[39m[
31m[1m^[22m[39m[31
m[1m^[22m[39m[31m
[1m^[22m[39m[31m[1
m^[22m[39m[31m[1m^
[22m[39m
[31m[1m>[22m[39m[
90m 154 |[39m        
         onChange[33m
=[39m{(e) 
[33m=>[39m updateFor
m([32m"buy_price"[39
m[33m,[39m e[33m.[
39mtarget[33m.[39mva
lue)}
 [90m     |[39m [31
m[1m^[22m[39m[31m
[1m^[22m[39m[31m[1
m^[22m[39m[31m[1m^
[22m[39m[31m[1m^[
22m[39m[31m[1m^[22
m[39m[31m[1m^[22m
[39m[31m[1m^[22m[3
9m[31m[1m^[22m[39m
[31m[1m^[22m[39m[
31m[1m^[22m[39m[31
m[1m^[22m[39m[31m
[1m^[22m[39m[31m[1
m^[22m[39m[31m[1m^
[22m[39m[31m[1m^[
22m[39m[31m[1m^[22
m[39m[31m[1m^[22m
[39m[31m[1m^[22m[3
9m[31m[1m^[22m[39m
[31m[1m^[22m[39m[
31m[1m^[22m[39m[31
m[1m^[22m[39m[31m
[1m^[22m[39m[31m[1
m^[22m[39m[31m[1m^
[22m[39m[31m[1m^[
22m[39m[31m[1m^[22
m[39m[31m[1m^[22m
[39m[31m[1m^[22m[3
9m[31m[1m^[22m[39m
[31m[1m^[22m[39m[
31m[1m^[22m[39m[31
m[1m^[22m[39m[31m
[1m^[22m[39m[31m[1
m^[22m[39m[31m[1m^
[22m[39m
[31m[1m>[22m[39m[
90m 155 |[39m        
       
[33m/[39m[33m>[39m
 [90m     |[39m [31
m[1m^[22m[39m[31m
[1m^[22m[39m[31m[1
m^[22m[39m[31m[1m^
[22m[39m[31m[1m^[
22m[39m[31m[1m^[22
m[39m[31m[1m^[22m
[39m[31m[1m^[22m[3
9m[31m[1m^[22m[39m
[31m[1m^[22m[39m[
31m[1m^[22m[39m[31
m[1m^[22m[39m[31m
[1m^[22m[39m[31m[1
m^[22m[39m[31m[1m^
[22m[39m[31m[1m^[
22m[39m[31m[1m^[22
m[39m[31m[1m^[22m
[39m[31m[1m^[22m[3
9m[31m[1m^[22m[39m
[31m[1m^[22m[39m[
31m[1m^[22m[39m[31
m[1m^[22m[39m[31m
[1m^[22m[39m[31m[1
m^[22m[39m[31m[1m^
[22m[39m[31m[1m^[
22m[39m[31m[1m^[22
m[39m[31m[1m^[22m
[39m[31m[1m^[22m[3
9m[31m[1m^[22m[39m
[31m[1m^[22m[39m[
31m[1m^[22m[39m[31
m[1m^[22m[39m[31m
[1m^[22m[39m[31m[1
m^[22m[39m[31m[1m^
[22m[39m
[31m[1m>[22m[39m[
90m 156 |[39m        
     [33m<[39m[33m/
[39m[33mdiv[39m[33
m>[39m
 [90m     |[39m [31
m[1m^[22m[39m[31m
[1m^[22m[39m[31m[1
m^[22m[39m[31m[1m^
[22m[39m[31m[1m^[
22m[39m[31m[1m^[22
m[39m[31m[1m^[22m
[39m[31m[1m^[22m[3
9m[31m[1m^[22m[39m
[31m[1m^[22m[39m[
31m[1m^[22m[39m[31
m[1m^[22m[39m[31m
[1m^[22m[39m[31m[1
m^[22m[39m[31m[1m^
[22m[39m[31m[1m^[
22m[39m[31m[1m^[22
m[39m[31m[1m^[22m
[39m[31m[1m^[22m[3
9m[31m[1m^[22m[39m
[31m[1m^[22m[39m[
31m[1m^[22m[39m[31
m[1m^[22m[39m[31m
[1m^[22m[39m[31m[1
m^[22m[39m[31m[1m^
[22m[39m[31m[1m^[
22m[39m[31m[1m^[22
m[39m[31m[1m^[22m
[39m[31m[1m^[22m[3
9m[31m[1m^[22m[39m
[31m[1m^[22m[39m[
31m[1m^[22m[39m[31
m[1m^[22m[39m[31m
[1m^[22m[39m[31m[1
m^[22m[39m[31m[1m^
[22m[39m
[31m[1m>[22m[39m[
90m 157 |[39m        
     [33m<[39m[33md
iv[39m[33m>[39m
 [90m     |[39m [31
m[1m^[22m[39m[31m
[1m^[22m[39m[31m[1
m^[22m[39m[31m[1m^
[22m[39m[31m[1m^[
22m[39m[31m[1m^[22
m[39m[31m[1m^[22m
[39m[31m[1m^[22m[3
9m[31m[1m^[22m[39m
[31m[1m^[22m[39m[
31m[1m^[22m[39m[31
m[1m^[22m[39m[31m
[1m^[22m[39m[31m[1
m^[22m[39m[31m[1m^
[22m[39m[31m[1m^[
22m[39m[31m[1m^[22
m[39m[31m[1m^[22m
[39m[31m[1m^[22m[3
9m[31m[1m^[22m[39m
[31m[1m^[22m[39m[
31m[1m^[22m[39m[31
m[1m^[22m[39m[31m
[1m^[22m[39m[31m[1
m^[22m[39m[31m[1m^
[22m[39m[31m[1m^[
22m[39m[31m[1m^[22
m[39m[31m[1m^[22m
[39m[31m[1m^[22m[3
9m[31m[1m^[22m[39m
[31m[1m^[22m[39m[
31m[1m^[22m[39m[31
m[1m^[22m[39m[31m
[1m^[22m[39m[31m[1
m^[22m[39m[31m[1m^
[22m[39m
[31m[1m>[22m[39m[
90m 158 |[39m        
       [33m<[39m[33
mlabel[39m className
[33m=[39m[32m"block 
text-sm font-semibold 
text-gray-700 mb-1.5"
[39m[33m>[39m[33mSe
lling[39m 
[33mPrice[39m (Γéª) 
[33m<[39m[33mspan[
39m className[33m=[3
9m[32m"text-gray-400 
font-normal"[39m[33m
>[39m(per unit)[33m<
[39m[33m/[39m[33ms
pan[39m[33m>[39m [
33m*[39m[33m<[39m[
33m/[39m[33mlabel[3
9m[33m>[39m
 [90m     |[39m [31
m[1m^[22m[39m[31m
[1m^[22m[39m[31m[1
m^[22m[39m[31m[1m^
[22m[39m[31m[1m^[
22m[39m[31m[1m^[22
m[39m[31m[1m^[22m
[39m[31m[1m^[22m[3
9m[31m[1m^[22m[39m
[31m[1m^[22m[39m[
31m[1m^[22m[39m[31
m[1m^[22m[39m[31m
[1m^[22m[39m[31m[1
m^[22m[39m[31m[1m^
[22m[39m[31m[1m^[
22m[39m[31m[1m^[22
m[39m[31m[1m^[22m
[39m[31m[1m^[22m[3
9m[31m[1m^[22m[39m
[31m[1m^[22m[39m[
31m[1m^[22m[39m[31
m[1m^[22m[39m[31m
[1m^[22m[39m[31m[1
m^[22m[39m[31m[1m^
[22m[39m[31m[1m^[
22m[39m[31m[1m^[22
m[39m[31m[1m^[22m
[39m[31m[1m^[22m[3
9m[31m[1m^[22m[39m
[31m[1m^[22m[39m[
31m[1m^[22m[39m[31
m[1m^[22m[39m[31m
[1m^[22m[39m[31m[1
m^[22m[39m[31m[1m^
[22m[39m
[31m[1m>[22m[39m[
90m 159 |[39m        
       [33m<[39m[33
minput[39m
 [90m     |[39m [31
m[1m^[22m[39m[31m
[1m^[22m[39m[31m[1
m^[22m[39m[31m[1m^
[22m[39m[31m[1m^[
22m[39m[31m[1m^[22
m[39m[31m[1m^[22m
[39m[31m[1m^[22m[3
9m[31m[1m^[22m[39m
[31m[1m^[22m[39m[
31m[1m^[22m[39m[31
m[1m^[22m[39m[31m
[1m^[22m[39m[31m[1
m^[22m[39m[31m[1m^
[22m[39m[31m[1m^[
22m[39m[31m[1m^[22
m[39m[31m[1m^[22m
[39m[31m[1m^[22m[3
9m[31m[1m^[22m[39m
[31m[1m^[22m[39m[
31m[1m^[22m[39m[31
m[1m^[22m[39m[31m
[1m^[22m[39m[31m[1
m^[22m[39m[31m[1m^
[22m[39m[31m[1m^[
22m[39m[31m[1m^[22
m[39m[31m[1m^[22m
[39m[31m[1m^[22m[3
9m[31m[1m^[22m[39m
[31m[1m^[22m[39m[
31m[1m^[22m[39m[31
m[1m^[22m[39m[31m
[1m^[22m[39m[31m[1
m^[22m[39m[31m[1m^
[22m[39m
[31m[1m>[22m[39m[
90m 160 |[39m        
         className[33
m=[39m[32m"input"[3
9m
 [90m     |[39m [31
m[1m^[22m[39m[31m
[1m^[22m[39m[31m[1
m^[22m[39m[31m[1m^
[22m[39m[31m[1m^[
22m[39m[31m[1m^[22
m[39m[31m[1m^[22m
[39m[31m[1m^[22m[3
9m[31m[1m^[22m[39m
[31m[1m^[22m[39m[
31m[1m^[22m[39m[31
m[1m^[22m[39m[31m
[1m^[22m[39m[31m[1
m^[22m[39m[31m[1m^
[22m[39m[31m[1m^[
22m[39m[31m[1m^[22
m[39m[31m[1m^[22m
[39m[31m[1m^[22m[3
9m[31m[1m^[22m[39m
[31m[1m^[22m[39m[
31m[1m^[22m[39m[31
m[1m^[22m[39m[31m
[1m^[22m[39m[31m[1
m^[22m[39m[31m[1m^
[22m[39m[31m[1m^[
22m[39m[31m[1m^[22
m[39m[31m[1m^[22m
[39m[31m[1m^[22m[3
9m[31m[1m^[22m[39m
[31m[1m^[22m[39m[
31m[1m^[22m[39m[31
m[1m^[22m[39m[31m
[1m^[22m[39m[31m[1
m^[22m[39m[31m[1m^
[22m[39m
[31m[1m>[22m[39m[
90m 161 |[39m        
         type[33m=[3
9m[32m"number"[39m
 [90m     |[39m [31
m[1m^[22m[39m[31m
[1m^[22m[39m[31m[1
m^[22m[39m[31m[1m^
[22m[39m[31m[1m^[
22m[39m[31m[1m^[22
m[39m[31m[1m^[22m
[39m[31m[1m^[22m[3
9m[31m[1m^[22m[39m
[31m[1m^[22m[39m[
31m[1m^[22m[39m[31
m[1m^[22m[39m[31m
[1m^[22m[39m[31m[1
m^[22m[39m[31m[1m^
[22m[39m[31m[1m^[
22m[39m[31m[1m^[22
m[39m[31m[1m^[22m
[39m[31m[1m^[22m[3
9m[31m[1m^[22m[39m
[31m[1m^[22m[39m[
31m[1m^[22m[39m[31
m[1m^[22m[39m[31m
[1m^[22m[39m[31m[1
m^[22m[39m[31m[1m^
[22m[39m[31m[1m^[
22m[39m[31m[1m^[22
m[39m[31m[1m^[22m
[39m[31m[1m^[22m[3
9m[31m[1m^[22m[39m
[31m[1m^[22m[39m[
31m[1m^[22m[39m[31
m[1m^[22m[39m[31m
[1m^[22m[39m[31m[1
m^[22m[39m[31m[1m^
[22m[39m
[31m[1m>[22m[39m[
90m 162 |[39m        
         placeholder[
33m=[39m[32m"0.00"[
39m
 [90m     |[39m [31
m[1m^[22m[39m[31m
[1m^[22m[39m[31m[1
m^[22m[39m[31m[1m^
[22m[39m[31m[1m^[
22m[39m[31m[1m^[22
m[39m[31m[1m^[22m
[39m[31m[1m^[22m[3
9m[31m[1m^[22m[39m
[31m[1m^[22m[39m[
31m[1m^[22m[39m[31
m[1m^[22m[39m[31m
[1m^[22m[39m[31m[1
m^[22m[39m[31m[1m^
[22m[39m[31m[1m^[
22m[39m[31m[1m^[22
m[39m[31m[1m^[22m
[39m[31m[1m^[22m[3
9m[31m[1m^[22m[39m
[31m[1m^[22m[39m[
31m[1m^[22m[39m[31
m[1m^[22m[39m[31m
[1m^[22m[39m[31m[1
m^[22m[39m[31m[1m^
[22m[39m[31m[1m^[
22m[39m[31m[1m^[22
m[39m[31m[1m^[22m
[39m[31m[1m^[22m[3
9m[31m[1m^[22m[39m
[31m[1m^[22m[39m[
31m[1m^[22m[39m[31
m[1m^[22m[39m[31m
[1m^[22m[39m[31m[1
m^[22m[39m[31m[1m^
[22m[39m
[31m[1m>[22m[39m[
90m 163 |[39m        
         value[33m=[
39m{form[33m.[39msel
l_price}
 [90m     |[39m [31
m[1m^[22m[39m[31m
[1m^[22m[39m[31m[1
m^[22m[39m[31m[1m^
[22m[39m[31m[1m^[
22m[39m[31m[1m^[22
m[39m[31m[1m^[22m
[39m[31m[1m^[22m[3
9m[31m[1m^[22m[39m
[31m[1m^[22m[39m[
31m[1m^[22m[39m[31
m[1m^[22m[39m[31m
[1m^[22m[39m[31m[1
m^[22m[39m[31m[1m^
[22m[39m[31m[1m^[
22m[39m[31m[1m^[22
m[39m[31m[1m^[22m
[39m[31m[1m^[22m[3
9m[31m[1m^[22m[39m
[31m[1m^[22m[39m[
31m[1m^[22m[39m[31
m[1m^[22m[39m[31m
[1m^[22m[39m[31m[1
m^[22m[39m[31m[1m^
[22m[39m[31m[1m^[
22m[39m[31m[1m^[22
m[39m[31m[1m^[22m
[39m[31m[1m^[22m[3
9m[31m[1m^[22m[39m
[31m[1m^[22m[39m[
31m[1m^[22m[39m[31
m[1m^[22m[39m[31m
[1m^[22m[39m[31m[1
m^[22m[39m[31m[1m^
[22m[39m
[31m[1m>[22m[39m[
90m 164 |[39m        
         onChange[33m
=[39m{(e) 
[33m=>[39m updateFor
m([32m"sell_price"[3
9m[33m,[39m e[33m.
[39mtarget[33m.[39mv
alue)}
 [90m     |[39m [31
m[1m^[22m[39m[31m
[1m^[22m[39m[31m[1
m^[22m[39m[31m[1m^
[22m[39m[31m[1m^[
22m[39m[31m[1m^[22
m[39m[31m[1m^[22m
[39m[31m[1m^[22m[3
9m[31m[1m^[22m[39m
[31m[1m^[22m[39m[
31m[1m^[22m[39m[31
m[1m^[22m[39m[31m
[1m^[22m[39m[31m[1
m^[22m[39m[31m[1m^
[22m[39m[31m[1m^[
22m[39m[31m[1m^[22
m[39m[31m[1m^[22m
[39m[31m[1m^[22m[3
9m[31m[1m^[22m[39m
[31m[1m^[22m[39m[
31m[1m^[22m[39m[31
m[1m^[22m[39m[31m
[1m^[22m[39m[31m[1
m^[22m[39m[31m[1m^
[22m[39m[31m[1m^[
22m[39m[31m[1m^[22
m[39m[31m[1m^[22m
[39m[31m[1m^[22m[3
9m[31m[1m^[22m[39m
[31m[1m^[22m[39m[
31m[1m^[22m[39m[31
m[1m^[22m[39m[31m
[1m^[22m[39m[31m[1
m^[22m[39m[31m[1m^
[22m[39m
[31m[1m>[22m[39m[
90m 165 |[39m        
       
[33m/[39m[33m>[39m
 [90m     |[39m [31
m[1m^[22m[39m[31m
[1m^[22m[39m[31m[1
m^[22m[39m[31m[1m^
[22m[39m[31m[1m^[
22m[39m[31m[1m^[22
m[39m[31m[1m^[22m
[39m[31m[1m^[22m[3
9m[31m[1m^[22m[39m
[31m[1m^[22m[39m[
31m[1m^[22m[39m[31
m[1m^[22m[39m[31m
[1m^[22m[39m[31m[1
m^[22m[39m[31m[1m^
[22m[39m[31m[1m^[
22m[39m[31m[1m^[22
m[39m[31m[1m^[22m
[39m[31m[1m^[22m[3
9m[31m[1m^[22m[39m
[31m[1m^[22m[39m[
31m[1m^[22m[39m[31
m[1m^[22m[39m[31m
[1m^[22m[39m[31m[1
m^[22m[39m[31m[1m^
[22m[39m[31m[1m^[
22m[39m[31m[1m^[22
m[39m[31m[1m^[22m
[39m[31m[1m^[22m[3
9m[31m[1m^[22m[39m
[31m[1m^[22m[39m[
31m[1m^[22m[39m[31
m[1m^[22m[39m[31m
[1m^[22m[39m[31m[1
m^[22m[39m[31m[1m^
[22m[39m
[31m[1m>[22m[39m[
90m 166 |[39m        
     [33m<[39m[33m/
[39m[33mdiv[39m[33
m>[39m
 [90m     |[39m [31
m[1m^[22m[39m[31m
[1m^[22m[39m[31m[1
m^[22m[39m[31m[1m^
[22m[39m[31m[1m^[
22m[39m[31m[1m^[22
m[39m[31m[1m^[22m
[39m[31m[1m^[22m[3
9m[31m[1m^[22m[39m
[31m[1m^[22m[39m[
31m[1m^[22m[39m[31
m[1m^[22m[39m[31m
[1m^[22m[39m[31m[1
m^[22m[39m[31m[1m^
[22m[39m[31m[1m^[
22m[39m[31m[1m^[22
m[39m[31m[1m^[22m
[39m[31m[1m^[22m[3
9m[31m[1m^[22m[39m
[31m[1m^[22m[39m[
31m[1m^[22m[39m[31
m[1m^[22m[39m[31m
[1m^[22m[39m[31m[1
m^[22m[39m[31m[1m^
[22m[39m[31m[1m^[
22m[39m[31m[1m^[22
m[39m[31m[1m^[22m
[39m[31m[1m^[22m[3
9m[31m[1m^[22m[39m
[31m[1m^[22m[39m[
31m[1m^[22m[39m[31
m[1m^[22m[39m[31m
[1m^[22m[39m[31m[1
m^[22m[39m[31m[1m^
[22m[39m
[31m[1m>[22m[39m[
90m 167 |[39m        
   [33m<[39m[33m/[
39m[33mdiv[39m[33m>
[39m
 [90m     |[39m [31
m[1m^[22m[39m[31m
[1m^[22m[39m[31m[1
m^[22m[39m[31m[1m^
[22m[39m[31m[1m^[
22m[39m[31m[1m^[22
m[39m[31m[1m^[22m
[39m[31m[1m^[22m[3
9m[31m[1m^[22m[39m
[31m[1m^[22m[39m[
31m[1m^[22m[39m[31
m[1m^[22m[39m[31m
[1m^[22m[39m[31m[1
m^[22m[39m[31m[1m^
[22m[39m[31m[1m^[
22m[39m[31m[1m^[22
m[39m[31m[1m^[22m
[39m[31m[1m^[22m[3
9m[31m[1m^[22m[39m
[31m[1m^[22m[39m[
31m[1m^[22m[39m[31
m[1m^[22m[39m[31m
[1m^[22m[39m[31m[1
m^[22m[39m[31m[1m^
[22m[39m[31m[1m^[
22m[39m[31m[1m^[22
m[39m[31m[1m^[22m
[39m[31m[1m^[22m[3
9m[31m[1m^[22m[39m
[31m[1m^[22m[39m[
31m[1m^[22m[39m[31
m[1m^[22m[39m[31m
[1m^[22m[39m[31m[1
m^[22m[39m[31m[1m^
[22m[39m
[31m[1m>[22m[39m[
90m 168 |[39m
 [90m     |[39m [31
m[1m^[22m[39m[31m
[1m^[22m[39m[31m[1
m^[22m[39m[31m[1m^
[22m[39m[31m[1m^[
22m[39m[31m[1m^[22
m[39m[31m[1m^[22m
[39m[31m[1m^[22m[3
9m[31m[1m^[22m[39m
[31m[1m^[22m[39m[
31m[1m^[22m[39m[31
m[1m^[22m[39m[31m
[1m^[22m[39m[31m[1
m^[22m[39m[31m[1m^
[22m[39m[31m[1m^[
22m[39m[31m[1m^[22
m[39m[31m[1m^[22m
[39m[31m[1m^[22m[3
9m[31m[1m^[22m[39m
[31m[1m^[22m[39m[
31m[1m^[22m[39m[31
m[1m^[22m[39m[31m
[1m^[22m[39m[31m[1
m^[22m[39m[31m[1m^
[22m[39m[31m[1m^[
22m[39m[31m[1m^[22
m[39m[31m[1m^[22m
[39m[31m[1m^[22m[3
9m[31m[1m^[22m[39m
[31m[1m^[22m[39m[
31m[1m^[22m[39m[31
m[1m^[22m[39m[31m
[1m^[22m[39m[31m[1
m^[22m[39m[31m[1m^
[22m[39m
[31m[1m>[22m[39m[
90m 169 |[39m        
   [33m<[39m[33mdiv
[39m className[33m=
[39m[32m"pt-2 pb-2 
border-t border-gray-1
00"[39m[33m>[39m
 [90m     |[39m [31
m[1m^[22m[39m[31m
[1m^[22m[39m[31m[1
m^[22m[39m[31m[1m^
[22m[39m[31m[1m^[
22m[39m[31m[1m^[22
m[39m[31m[1m^[22m
[39m[31m[1m^[22m[3
9m[31m[1m^[22m[39m
[31m[1m^[22m[39m[
31m[1m^[22m[39m[31
m[1m^[22m[39m[31m
[1m^[22m[39m[31m[1
m^[22m[39m[31m[1m^
[22m[39m[31m[1m^[
22m[39m[31m[1m^[22
m[39m[31m[1m^[22m
[39m[31m[1m^[22m[3
9m[31m[1m^[22m[39m
[31m[1m^[22m[39m[
31m[1m^[22m[39m[31
m[1m^[22m[39m[31m
[1m^[22m[39m[31m[1
m^[22m[39m[31m[1m^
[22m[39m[31m[1m^[
22m[39m[31m[1m^[22
m[39m[31m[1m^[22m
[39m[31m[1m^[22m[3
9m[31m[1m^[22m[39m
[31m[1m^[22m[39m[
31m[1m^[22m[39m[31
m[1m^[22m[39m[31m
[1m^[22m[39m[31m[1
m^[22m[39m[31m[1m^
[22m[39m
[31m[1m>[22m[39m[
90m 170 |[39m        
     [33m<[39m[33mh
3[39m className[33m=
[39m[32m"font-semibo
ld text-gray-900 mb-3"
[39m[33m>[39m[33mU
nit[39m [33m&[39m 
[33mPack[39m [33mSy
stem[39m[33m<[39m[
33m/[39m[33mh3[39m
[33m>[39m
 [90m     |[39m [31
m[1m^[22m[39m[31m
[1m^[22m[39m[31m[1
m^[22m[39m[31m[1m^
[22m[39m[31m[1m^[
22m[39m[31m[1m^[22
m[39m[31m[1m^[22m
[39m[31m[1m^[22m[3
9m[31m[1m^[22m[39m
[31m[1m^[22m[39m[
31m[1m^[22m[39m[31
m[1m^[22m[39m[31m
[1m^[22m[39m[31m[1
m^[22m[39m[31m[1m^
[22m[39m[31m[1m^[
22m[39m[31m[1m^[22
m[39m[31m[1m^[22m
[39m[31m[1m^[22m[3
9m[31m[1m^[22m[39m
[31m[1m^[22m[39m[
31m[1m^[22m[39m[31
m[1m^[22m[39m[31m
[1m^[22m[39m[31m[1
m^[22m[39m[31m[1m^
[22m[39m[31m[1m^[
22m[39m[31m[1m^[22
m[39m[31m[1m^[22m
[39m[31m[1m^[22m[3
9m[31m[1m^[22m[39m
[31m[1m^[22m[39m[
31m[1m^[22m[39m[31
m[1m^[22m[39m[31m
[1m^[22m[39m[31m[1
m^[22m[39m[31m[1m^
[22m[39m
[31m[1m>[22m[39m[
90m 171 |[39m        
     [33m<[39m[33md
iv[39m className[33m
=[39m[32m"grid 
grid-cols-3 gap-2 
mb-4"[39m[33m>[39m
 [90m     |[39m [31
m[1m^[22m[39m[31m
[1m^[22m[39m[31m[1
m^[22m[39m[31m[1m^
[22m[39m[31m[1m^[
22m[39m[31m[1m^[22
m[39m[31m[1m^[22m
[39m[31m[1m^[22m[3
9m[31m[1m^[22m[39m
[31m[1m^[22m[39m[
31m[1m^[22m[39m[31
m[1m^[22m[39m[31m
[1m^[22m[39m[31m[1
m^[22m[39m[31m[1m^
[22m[39m[31m[1m^[
22m[39m[31m[1m^[22
m[39m[31m[1m^[22m
[39m[31m[1m^[22m[3
9m[31m[1m^[22m[39m
[31m[1m^[22m[39m[
31m[1m^[22m[39m[31
m[1m^[22m[39m[31m
[1m^[22m[39m[31m[1
m^[22m[39m[31m[1m^
[22m[39m[31m[1m^[
22m[39m[31m[1m^[22
m[39m[31m[1m^[22m
[39m[31m[1m^[22m[3
9m[31m[1m^[22m[39m
[31m[1m^[22m[39m[
31m[1m^[22m[39m[31
m[1m^[22m[39m[31m
[1m^[22m[39m[31m[1
m^[22m[39m[31m[1m^
[22m[39m
[31m[1m>[22m[39m[
90m 172 |[39m        
       {([[32m"unit"
[39m[33m,[39m [32m"
pack"[39m[33m,[39m 
[32m"both"[39m] 
[36mas[39m [36mcons
t[39m)[33m.[39mmap(
(type) [33m=>[39m (
 [90m     |[39m [31
m[1m^[22m[39m[31m
[1m^[22m[39m[31m[1
m^[22m[39m[31m[1m^
[22m[39m[31m[1m^[
22m[39m[31m[1m^[22
m[39m[31m[1m^[22m
[39m[31m[1m^[22m[3
9m[31m[1m^[22m[39m
[31m[1m^[22m[39m[
31m[1m^[22m[39m[31
m[1m^[22m[39m[31m
[1m^[22m[39m[31m[1
m^[22m[39m[31m[1m^
[22m[39m[31m[1m^[
22m[39m[31m[1m^[22
m[39m[31m[1m^[22m
[39m[31m[1m^[22m[3
9m[31m[1m^[22m[39m
[31m[1m^[22m[39m[
31m[1m^[22m[39m[31
m[1m^[22m[39m[31m
[1m^[22m[39m[31m[1
m^[22m[39m[31m[1m^
[22m[39m[31m[1m^[
22m[39m[31m[1m^[22
m[39m[31m[1m^[22m
[39m[31m[1m^[22m[3
9m[31m[1m^[22m[39m
[31m[1m^[22m[39m[
31m[1m^[22m[39m[31
m[1m^[22m[39m[31m
[1m^[22m[39m[31m[1
m^[22m[39m[31m[1m^
[22m[39m
[31m[1m>[22m[39m[
90m 173 |[39m        
         [33m<[39m[
33mbutton[39m
 [90m     |[39m [31
m[1m^[22m[39m[31m
[1m^[22m[39m[31m[1
m^[22m[39m[31m[1m^
[22m[39m[31m[1m^[
22m[39m[31m[1m^[22
m[39m[31m[1m^[22m
[39m[31m[1m^[22m[3
9m[31m[1m^[22m[39m
[31m[1m^[22m[39m[
31m[1m^[22m[39m[31
m[1m^[22m[39m[31m
[1m^[22m[39m[31m[1
m^[22m[39m[31m[1m^
[22m[39m[31m[1m^[
22m[39m[31m[1m^[22
m[39m[31m[1m^[22m
[39m[31m[1m^[22m[3
9m[31m[1m^[22m[39m
[31m[1m^[22m[39m[
31m[1m^[22m[39m[31
m[1m^[22m[39m[31m
[1m^[22m[39m[31m[1
m^[22m[39m[31m[1m^
[22m[39m[31m[1m^[
22m[39m[31m[1m^[22
m[39m[31m[1m^[22m
[39m[31m[1m^[22m[3
9m[31m[1m^[22m[39m
[31m[1m^[22m[39m[
31m[1m^[22m[39m[31
m[1m^[22m[39m[31m
[1m^[22m[39m[31m[1
m^[22m[39m[31m[1m^
[22m[39m
[31m[1m>[22m[39m[
90m 174 |[39m        
           
key[33m=[39m{type}
 [90m     |[39m [31
m[1m^[22m[39m[31m
[1m^[22m[39m[31m[1
m^[22m[39m[31m[1m^
[22m[39m[31m[1m^[
22m[39m[31m[1m^[22
m[39m[31m[1m^[22m
[39m[31m[1m^[22m[3
9m[31m[1m^[22m[39m
[31m[1m^[22m[39m[
31m[1m^[22m[39m[31
m[1m^[22m[39m[31m
[1m^[22m[39m[31m[1
m^[22m[39m[31m[1m^
[22m[39m[31m[1m^[
22m[39m[31m[1m^[22
m[39m[31m[1m^[22m
[39m[31m[1m^[22m[3
9m[31m[1m^[22m[39m
[31m[1m^[22m[39m[
31m[1m^[22m[39m[31
m[1m^[22m[39m[31m
[1m^[22m[39m[31m[1
m^[22m[39m[31m[1m^
[22m[39m[31m[1m^[
22m[39m[31m[1m^[22
m[39m[31m[1m^[22m
[39m[31m[1m^[22m[3
9m[31m[1m^[22m[39m
[31m[1m^[22m[39m[
31m[1m^[22m[39m[31
m[1m^[22m[39m[31m
[1m^[22m[39m[31m[1
m^[22m[39m[31m[1m^
[22m[39m
[31m[1m>[22m[39m[
90m 175 |[39m        
           
onClick[33m=[39m{() 
[33m=>[39m updateFor
m([32m"sell_type"[39
m[33m,[39m type)}
 [90m     |[39m [31
m[1m^[22m[39m[31m
[1m^[22m[39m[31m[1
m^[22m[39m[31m[1m^
[22m[39m[31m[1m^[
22m[39m[31m[1m^[22
m[39m[31m[1m^[22m
[39m[31m[1m^[22m[3
9m[31m[1m^[22m[39m
[31m[1m^[22m[39m[
31m[1m^[22m[39m[31
m[1m^[22m[39m[31m
[1m^[22m[39m[31m[1
m^[22m[39m[31m[1m^
[22m[39m[31m[1m^[
22m[39m[31m[1m^[22
m[39m[31m[1m^[22m
[39m[31m[1m^[22m[3
9m[31m[1m^[22m[39m
[31m[1m^[22m[39m[
31m[1m^[22m[39m[31
m[1m^[22m[39m[31m
[1m^[22m[39m[31m[1
m^[22m[39m[31m[1m^
[22m[39m[31m[1m^[
22m[39m[31m[1m^[22
m[39m[31m[1m^[22m
[39m[31m[1m^[22m[3
9m[31m[1m^[22m[39m
[31m[1m^[22m[39m[
31m[1m^[22m[39m[31
m[1m^[22m[39m[31m
[1m^[22m[39m[31m[1
m^[22m[39m[31m[1m^
[22m[39m
[31m[1m>[22m[39m[
90m 176 |[39m        
           className[
33m=[39m{[32m`py-2 
px-3 rounded-xl 
text-xs font-semibold 
border-2 
transition-all 
capitalize ${[39m
 [90m     |[39m [31
m[1m^[22m[39m[31m
[1m^[22m[39m[31m[1
m^[22m[39m[31m[1m^
[22m[39m[31m[1m^[
22m[39m[31m[1m^[22
m[39m[31m[1m^[22m
[39m[31m[1m^[22m[3
9m[31m[1m^[22m[39m
[31m[1m^[22m[39m[
31m[1m^[22m[39m[31
m[1m^[22m[39m[31m
[1m^[22m[39m[31m[1
m^[22m[39m[31m[1m^
[22m[39m[31m[1m^[
22m[39m[31m[1m^[22
m[39m[31m[1m^[22m
[39m[31m[1m^[22m[3
9m[31m[1m^[22m[39m
[31m[1m^[22m[39m[
31m[1m^[22m[39m[31
m[1m^[22m[39m[31m
[1m^[22m[39m[31m[1
m^[22m[39m[31m[1m^
[22m[39m[31m[1m^[
22m[39m[31m[1m^[22
m[39m[31m[1m^[22m
[39m[31m[1m^[22m[3
9m[31m[1m^[22m[39m
[31m[1m^[22m[39m[
31m[1m^[22m[39m[31
m[1m^[22m[39m[31m
[1m^[22m[39m[31m[1
m^[22m[39m[31m[1m^
[22m[39m
[31m[1m>[22m[39m[
90m 177 |[39m [32m  
                  
form.sell_type === 
type ? 
"border-green-500 
bg-green-50 
text-green-700" : 
"border-gray-200 
text-gray-500 hover:bo
rder-gray-300"[39m
 [90m     |[39m [31
m[1m^[22m[39m[31m
[1m^[22m[39m[31m[1
m^[22m[39m[31m[1m^
[22m[39m[31m[1m^[
22m[39m[31m[1m^[22
m[39m[31m[1m^[22m
[39m[31m[1m^[22m[3
9m[31m[1m^[22m[39m
[31m[1m^[22m[39m[
31m[1m^[22m[39m[31
m[1m^[22m[39m[31m
[1m^[22m[39m[31m[1
m^[22m[39m[31m[1m^
[22m[39m[31m[1m^[
22m[39m[31m[1m^[22
m[39m[31m[1m^[22m
[39m[31m[1m^[22m[3
9m[31m[1m^[22m[39m
[31m[1m^[22m[39m[
31m[1m^[22m[39m[31
m[1m^[22m[39m[31m
[1m^[22m[39m[31m[1
m^[22m[39m[31m[1m^
[22m[39m[31m[1m^[
22m[39m[31m[1m^[22
m[39m[31m[1m^[22m
[39m[31m[1m^[22m[3
9m[31m[1m^[22m[39m
[31m[1m^[22m[39m[
31m[1m^[22m[39m[31
m[1m^[22m[39m[31m
[1m^[22m[39m[31m[1
m^[22m[39m[31m[1m^
[22m[39m
[31m[1m>[22m[39m[
90m 178 |[39m [32m  
                
}`[39m}
 [90m     |[39m [31
m[1m^[22m[39m[31m
[1m^[22m[39m[31m[1
m^[22m[39m[31m[1m^
[22m[39m[31m[1m^[
22m[39m[31m[1m^[22
m[39m[31m[1m^[22m
[39m[31m[1m^[22m[3
9m[31m[1m^[22m[39m
[31m[1m^[22m[39m[
31m[1m^[22m[39m[31
m[1m^[22m[39m[31m
[1m^[22m[39m[31m[1
m^[22m[39m[31m[1m^
[22m[39m[31m[1m^[
22m[39m[31m[1m^[22
m[39m[31m[1m^[22m
[39m[31m[1m^[22m[3
9m[31m[1m^[22m[39m
[31m[1m^[22m[39m[
31m[1m^[22m[39m[31
m[1m^[22m[39m[31m
[1m^[22m[39m[31m[1
m^[22m[39m[31m[1m^
[22m[39m[31m[1m^[
22m[39m[31m[1m^[22
m[39m[31m[1m^[22m
[39m[31m[1m^[22m[3
9m[31m[1m^[22m[39m
[31m[1m^[22m[39m[
31m[1m^[22m[39m[31
m[1m^[22m[39m[31m
[1m^[22m[39m[31m[1
m^[22m[39m[31m[1m^
[22m[39m
[31m[1m>[22m[39m[
90m 179 |[39m        
         [33m>[39m
 [90m     |[39m [31
m[1m^[22m[39m[31m
[1m^[22m[39m[31m[1
m^[22m[39m[31m[1m^
[22m[39m[31m[1m^[
22m[39m[31m[1m^[22
m[39m[31m[1m^[22m
[39m[31m[1m^[22m[3
9m[31m[1m^[22m[39m
[31m[1m^[22m[39m[
31m[1m^[22m[39m[31
m[1m^[22m[39m[31m
[1m^[22m[39m[31m[1
m^[22m[39m[31m[1m^
[22m[39m[31m[1m^[
22m[39m[31m[1m^[22
m[39m[31m[1m^[22m
[39m[31m[1m^[22m[3
9m[31m[1m^[22m[39m
[31m[1m^[22m[39m[
31m[1m^[22m[39m[31
m[1m^[22m[39m[31m
[1m^[22m[39m[31m[1
m^[22m[39m[31m[1m^
[22m[39m[31m[1m^[
22m[39m[31m[1m^[22
m[39m[31m[1m^[22m
[39m[31m[1m^[22m[3
9m[31m[1m^[22m[39m
[31m[1m^[22m[39m[
31m[1m^[22m[39m[31
m[1m^[22m[39m[31m
[1m^[22m[39m[31m[1
m^[22m[39m[31m[1m^
[22m[39m
[31m[1m>[22m[39m[
90m 180 |[39m        
           {type}
 [90m     |[39m [31
m[1m^[22m[39m[31m
[1m^[22m[39m[31m[1
m^[22m[39m[31m[1m^
[22m[39m[31m[1m^[
22m[39m[31m[1m^[22
m[39m[31m[1m^[22m
[39m[31m[1m^[22m[3
9m[31m[1m^[22m[39m
[31m[1m^[22m[39m[
31m[1m^[22m[39m[31
m[1m^[22m[39m[31m
[1m^[22m[39m[31m[1
m^[22m[39m[31m[1m^
[22m[39m[31m[1m^[
22m[39m[31m[1m^[22
m[39m[31m[1m^[22m
[39m[31m[1m^[22m[3
9m[31m[1m^[22m[39m
[31m[1m^[22m[39m[
31m[1m^[22m[39m[31
m[1m^[22m[39m[31m
[1m^[22m[39m[31m[1
m^[22m[39m[31m[1m^
[22m[39m[31m[1m^[
22m[39m[31m[1m^[22
m[39m[31m[1m^[22m
[39m[31m[1m^[22m[3
9m[31m[1m^[22m[39m
[31m[1m^[22m[39m[
31m[1m^[22m[39m[31
m[1m^[22m[39m[31m
[1m^[22m[39m[31m[1
m^[22m[39m[31m[1m^
[22m[39m
[31m[1m>[22m[39m[
90m 181 |[39m        
         [33m<[39m[
33m/[39m[33mbutton[
39m[33m>[39m
 [90m     |[39m [31
m[1m^[22m[39m[31m
[1m^[22m[39m[31m[1
m^[22m[39m[31m[1m^
[22m[39m[31m[1m^[
22m[39m[31m[1m^[22
m[39m[31m[1m^[22m
[39m[31m[1m^[22m[3
9m[31m[1m^[22m[39m
[31m[1m^[22m[39m[
31m[1m^[22m[39m[31
m[1m^[22m[39m[31m
[1m^[22m[39m[31m[1
m^[22m[39m[31m[1m^
[22m[39m[31m[1m^[
22m[39m[31m[1m^[22
m[39m[31m[1m^[22m
[39m[31m[1m^[22m[3
9m[31m[1m^[22m[39m
[31m[1m^[22m[39m[
31m[1m^[22m[39m[31
m[1m^[22m[39m[31m
[1m^[22m[39m[31m[1
m^[22m[39m[31m[1m^
[22m[39m[31m[1m^[
22m[39m[31m[1m^[22
m[39m[31m[1m^[22m
[39m[31m[1m^[22m[3
9m[31m[1m^[22m[39m
[31m[1m^[22m[39m[
31m[1m^[22m[39m[31
m[1m^[22m[39m[31m
[1m^[22m[39m[31m[1
m^[22m[39m[31m[1m^
[22m[39m
[31m[1m>[22m[39m[
90m 182 |[39m        
       ))}
 [90m     |[39m [31
m[1m^[22m[39m[31m
[1m^[22m[39m[31m[1
m^[22m[39m[31m[1m^
[22m[39m[31m[1m^[
22m[39m[31m[1m^[22
m[39m[31m[1m^[22m
[39m[31m[1m^[22m[3
9m[31m[1m^[22m[39m
[31m[1m^[22m[39m[
31m[1m^[22m[39m[31
m[1m^[22m[39m[31m
[1m^[22m[39m[31m[1
m^[22m[39m[31m[1m^
[22m[39m[31m[1m^[
22m[39m[31m[1m^[22
m[39m[31m[1m^[22m
[39m[31m[1m^[22m[3
9m[31m[1m^[22m[39m
[31m[1m^[22m[39m[
31m[1m^[22m[39m[31
m[1m^[22m[39m[31m
[1m^[22m[39m[31m[1
m^[22m[39m[31m[1m^
[22m[39m[31m[1m^[
22m[39m[31m[1m^[22
m[39m[31m[1m^[22m
[39m[31m[1m^[22m[3
9m[31m[1m^[22m[39m
[31m[1m^[22m[39m[
31m[1m^[22m[39m[31
m[1m^[22m[39m[31m
[1m^[22m[39m[31m[1
m^[22m[39m[31m[1m^
[22m[39m
[31m[1m>[22m[39m[
90m 183 |[39m        
     [33m<[39m[33m/
[39m[33mdiv[39m[33
m>[39m
 [90m     |[39m [31
m[1m^[22m[39m[31m
[1m^[22m[39m[31m[1
m^[22m[39m[31m[1m^
[22m[39m[31m[1m^[
22m[39m[31m[1m^[22
m[39m[31m[1m^[22m
[39m[31m[1m^[22m[3
9m[31m[1m^[22m[39m
[31m[1m^[22m[39m[
31m[1m^[22m[39m[31
m[1m^[22m[39m[31m
[1m^[22m[39m[31m[1
m^[22m[39m[31m[1m^
[22m[39m[31m[1m^[
22m[39m[31m[1m^[22
m[39m[31m[1m^[22m
[39m[31m[1m^[22m[3
9m[31m[1m^[22m[39m
[31m[1m^[22m[39m[
31m[1m^[22m[39m[31
m[1m^[22m[39m[31m
[1m^[22m[39m[31m[1
m^[22m[39m[31m[1m^
[22m[39m[31m[1m^[
22m[39m[31m[1m^[22
m[39m[31m[1m^[22m
[39m[31m[1m^[22m[3
9m[31m[1m^[22m[39m
[31m[1m^[22m[39m[
31m[1m^[22m[39m[31
m[1m^[22m[39m[31m
[1m^[22m[39m[31m[1
m^[22m[39m[31m[1m^
[22m[39m
[31m[1m>[22m[39m[
90m 184 |[39m
 [90m     |[39m [31
m[1m^[22m[39m[31m
[1m^[22m[39m[31m[1
m^[22m[39m[31m[1m^
[22m[39m[31m[1m^[
22m[39m[31m[1m^[22
m[39m[31m[1m^[22m
[39m[31m[1m^[22m[3
9m[31m[1m^[22m[39m
[31m[1m^[22m[39m[
31m[1m^[22m[39m[31
m[1m^[22m[39m[31m
[1m^[22m[39m[31m[1
m^[22m[39m[31m[1m^
[22m[39m[31m[1m^[
22m[39m[31m[1m^[22
m[39m[31m[1m^[22m
[39m[31m[1m^[22m[3
9m[31m[1m^[22m[39m
[31m[1m^[22m[39m[
31m[1m^[22m[39m[31
m[1m^[22m[39m[31m
[1m^[22m[39m[31m[1
m^[22m[39m[31m[1m^
[22m[39m[31m[1m^[
22m[39m[31m[1m^[22
m[39m[31m[1m^[22m
[39m[31m[1m^[22m[3
9m[31m[1m^[22m[39m
[31m[1m^[22m[39m[
31m[1m^[22m[39m[31
m[1m^[22m[39m[31m
[1m^[22m[39m[31m[1
m^[22m[39m[31m[1m^
[22m[39m
[31m[1m>[22m[39m[
90m 185 |[39m        
     {(form[33m.[39m
sell_type 
[33m===[39m 
[32m"pack"[39m 
[33m||[39m form[33m
.[39msell_type 
[33m===[39m 
[32m"both"[39m) 
[33m&&[39m (
 [90m     |[39m [31
m[1m^[22m[39m[31m
[1m^[22m[39m[31m[1
m^[22m[39m[31m[1m^
[22m[39m[31m[1m^[
22m[39m[31m[1m^[22
m[39m[31m[1m^[22m
[39m[31m[1m^[22m[3
9m[31m[1m^[22m[39m
[31m[1m^[22m[39m[
31m[1m^[22m[39m[31
m[1m^[22m[39m[31m
[1m^[22m[39m[31m[1
m^[22m[39m[31m[1m^
[22m[39m[31m[1m^[
22m[39m[31m[1m^[22
m[39m[31m[1m^[22m
[39m[31m[1m^[22m[3
9m[31m[1m^[22m[39m
[31m[1m^[22m[39m[
31m[1m^[22m[39m[31
m[1m^[22m[39m[31m
[1m^[22m[39m[31m[1
m^[22m[39m[31m[1m^
[22m[39m[31m[1m^[
22m[39m[31m[1m^[22
m[39m[31m[1m^[22m
[39m[31m[1m^[22m[3
9m[31m[1m^[22m[39m
[31m[1m^[22m[39m[
31m[1m^[22m[39m[31
m[1m^[22m[39m[31m
[1m^[22m[39m[31m[1
m^[22m[39m[31m[1m^
[22m[39m
[31m[1m>[22m[39m[
90m 186 |[39m        
       [33m<[39m[33
mdiv[39m className[3
3m=[39m[32m"space-y-
4 animate-fade-in 
bg-gray-50 p-4 
rounded-xl 
mb-4"[39m[33m>[39m
 [90m     |[39m [31
m[1m^[22m[39m[31m
[1m^[22m[39m[31m[1
m^[22m[39m[31m[1m^
[22m[39m[31m[1m^[
22m[39m[31m[1m^[22
m[39m[31m[1m^[22m
[39m[31m[1m^[22m[3
9m[31m[1m^[22m[39m
[31m[1m^[22m[39m[
31m[1m^[22m[39m[31
m[1m^[22m[39m[31m
[1m^[22m[39m[31m[1
m^[22m[39m[31m[1m^
[22m[39m[31m[1m^[
22m[39m[31m[1m^[22
m[39m[31m[1m^[22m
[39m[31m[1m^[22m[3
9m[31m[1m^[22m[39m
[31m[1m^[22m[39m[
31m[1m^[22m[39m[31
m[1m^[22m[39m[31m
[1m^[22m[39m[31m[1
m^[22m[39m[31m[1m^
[22m[39m[31m[1m^[
22m[39m[31m[1m^[22
m[39m[31m[1m^[22m
[39m[31m[1m^[22m[3
9m[31m[1m^[22m[39m
[31m[1m^[22m[39m[
31m[1m^[22m[39m[31
m[1m^[22m[39m[31m
[1m^[22m[39m[31m[1
m^[22m[39m[31m[1m^
[22m[39m
[31m[1m>[22m[39m[
90m 187 |[39m        
         [33m<[39m[
33mdiv[39m className
[33m=[39m[32m"grid 
grid-cols-2 
gap-3"[39m[33m>[39m
 [90m     |[39m [31
m[1m^[22m[39m[31m
[1m^[22m[39m[31m[1
m^[22m[39m[31m[1m^
[22m[39m[31m[1m^[
22m[39m[31m[1m^[22
m[39m[31m[1m^[22m
[39m[31m[1m^[22m[3
9m[31m[1m^[22m[39m
[31m[1m^[22m[39m[
31m[1m^[22m[39m[31
m[1m^[22m[39m[31m
[1m^[22m[39m[31m[1
m^[22m[39m[31m[1m^
[22m[39m[31m[1m^[
22m[39m[31m[1m^[22
m[39m[31m[1m^[22m
[39m[31m[1m^[22m[3
9m[31m[1m^[22m[39m
[31m[1m^[22m[39m[
31m[1m^[22m[39m[31
m[1m^[22m[39m[31m
[1m^[22m[39m[31m[1
m^[22m[39m[31m[1m^
[22m[39m[31m[1m^[
22m[39m[31m[1m^[22
m[39m[31m[1m^[22m
[39m[31m[1m^[22m[3
9m[31m[1m^[22m[39m
[31m[1m^[22m[39m[
31m[1m^[22m[39m[31
m[1m^[22m[39m[31m
[1m^[22m[39m[31m[1
m^[22m[39m[31m[1m^
[22m[39m
[31m[1m>[22m[39m[
90m 188 |[39m        
           [33m<[39m
[33mdiv[39m[33m>[3
9m
 [90m     |[39m [31
m[1m^[22m[39m[31m
[1m^[22m[39m[31m[1
m^[22m[39m[31m[1m^
[22m[39m[31m[1m^[
22m[39m[31m[1m^[22
m[39m[31m[1m^[22m
[39m[31m[1m^[22m[3
9m[31m[1m^[22m[39m
[31m[1m^[22m[39m[
31m[1m^[22m[39m[31
m[1m^[22m[39m[31m
[1m^[22m[39m[31m[1
m^[22m[39m[31m[1m^
[22m[39m[31m[1m^[
22m[39m[31m[1m^[22
m[39m[31m[1m^[22m
[39m[31m[1m^[22m[3
9m[31m[1m^[22m[39m
[31m[1m^[22m[39m[
31m[1m^[22m[39m[31
m[1m^[22m[39m[31m
[1m^[22m[39m[31m[1
m^[22m[39m[31m[1m^
[22m[39m[31m[1m^[
22m[39m[31m[1m^[22
m[39m[31m[1m^[22m
[39m[31m[1m^[22m[3
9m[31m[1m^[22m[39m
[31m[1m^[22m[39m[
31m[1m^[22m[39m[31
m[1m^[22m[39m[31m
[1m^[22m[39m[31m[1
m^[22m[39m[31m[1m^
[22m[39m
[31m[1m>[22m[39m[
90m 189 |[39m        
             [33m<[3
9m[33mlabel[39m clas
sName[33m=[39m[32m"
block text-sm 
font-semibold 
text-gray-700 mb-1.5"
[39m[33m>[39m[33mPa
ck[39m 
[33mSize[39m [33m*
[39m[33m<[39m[33m/
[39m[33mlabel[39m[3
3m>[39m
 [90m     |[39m [31
m[1m^[22m[39m[31m
[1m^[22m[39m[31m[1
m^[22m[39m[31m[1m^
[22m[39m[31m[1m^[
22m[39m[31m[1m^[22
m[39m[31m[1m^[22m
[39m[31m[1m^[22m[3
9m[31m[1m^[22m[39m
[31m[1m^[22m[39m[
31m[1m^[22m[39m[31
m[1m^[22m[39m[31m
[1m^[22m[39m[31m[1
m^[22m[39m[31m[1m^
[22m[39m[31m[1m^[
22m[39m[31m[1m^[22
m[39m[31m[1m^[22m
[39m[31m[1m^[22m[3
9m[31m[1m^[22m[39m
[31m[1m^[22m[39m[
31m[1m^[22m[39m[31
m[1m^[22m[39m[31m
[1m^[22m[39m[31m[1
m^[22m[39m[31m[1m^
[22m[39m[31m[1m^[
22m[39m[31m[1m^[22
m[39m[31m[1m^[22m
[39m[31m[1m^[22m[3
9m[31m[1m^[22m[39m
[31m[1m^[22m[39m[
31m[1m^[22m[39m[31
m[1m^[22m[39m[31m
[1m^[22m[39m[31m[1
m^[22m[39m[31m[1m^
[22m[39m
[31m[1m>[22m[39m[
90m 190 |[39m        
             [33m<[3
9m[33minput[39m clas
sName[33m=[39m[32m"
input"[39m type[33m=
[39m[32m"number"[39
m placeholder[33m=[3
9m[32m"e.g. 24"[39m 
value[33m=[39m{form
[33m.[39mpack_size} o
nChange[33m=[39m{(e)
 [33m=>[39m updateFo
rm([32m"pack_size"[3
9m[33m,[39m e[33m.
[39mtarget[33m.[39mv
alue)} 
[33m/[39m[33m>[39m
 [90m     |[39m [31
m[1m^[22m[39m[31m
[1m^[22m[39m[31m[1
m^[22m[39m[31m[1m^
[22m[39m[31m[1m^[
22m[39m[31m[1m^[22
m[39m[31m[1m^[22m
[39m[31m[1m^[22m[3
9m[31m[1m^[22m[39m
[31m[1m^[22m[39m[
31m[1m^[22m[39m[31
m[1m^[22m[39m[31m
[1m^[22m[39m[31m[1
m^[22m[39m[31m[1m^
[22m[39m[31m[1m^[
22m[39m[31m[1m^[22
m[39m[31m[1m^[22m
[39m[31m[1m^[22m[3
9m[31m[1m^[22m[39m
[31m[1m^[22m[39m[
31m[1m^[22m[39m[31
m[1m^[22m[39m[31m
[1m^[22m[39m[31m[1
m^[22m[39m[31m[1m^
[22m[39m[31m[1m^[
22m[39m[31m[1m^[22
m[39m[31m[1m^[22m
[39m[31m[1m^[22m[3
9m[31m[1m^[22m[39m
[31m[1m^[22m[39m[
31m[1m^[22m[39m[31
m[1m^[22m[39m[31m
[1m^[22m[39m[31m[1
m^[22m[39m[31m[1m^
[22m[39m
[31m[1m>[22m[39m[
90m 191 |[39m        
           [33m<[39m
[33m/[39m[33mdiv[3
9m[33m>[39m
 [90m     |[39m [31
m[1m^[22m[39m[31m
[1m^[22m[39m[31m[1
m^[22m[39m[31m[1m^
[22m[39m[31m[1m^[
22m[39m[31m[1m^[22
m[39m[31m[1m^[22m
[39m[31m[1m^[22m[3
9m[31m[1m^[22m[39m
[31m[1m^[22m[39m[
31m[1m^[22m[39m[31
m[1m^[22m[39m[31m
[1m^[22m[39m[31m[1
m^[22m[39m[31m[1m^
[22m[39m[31m[1m^[
22m[39m[31m[1m^[22
m[39m[31m[1m^[22m
[39m[31m[1m^[22m[3
9m[31m[1m^[22m[39m
[31m[1m^[22m[39m[
31m[1m^[22m[39m[31
m[1m^[22m[39m[31m
[1m^[22m[39m[31m[1
m^[22m[39m[31m[1m^
[22m[39m[31m[1m^[
22m[39m[31m[1m^[22
m[39m[31m[1m^[22m
[39m[31m[1m^[22m[3
9m[31m[1m^[22m[39m
[31m[1m^[22m[39m[
31m[1m^[22m[39m[31
m[1m^[22m[39m[31m
[1m^[22m[39m[31m[1
m^[22m[39m[31m[1m^
[22m[39m
[31m[1m>[22m[39m[
90m 192 |[39m        
           [33m<[39m
[33mdiv[39m[33m>[3
9m
 [90m     |[39m [31
m[1m^[22m[39m[31m
[1m^[22m[39m[31m[1
m^[22m[39m[31m[1m^
[22m[39m[31m[1m^[
22m[39m[31m[1m^[22
m[39m[31m[1m^[22m
[39m[31m[1m^[22m[3
9m[31m[1m^[22m[39m
[31m[1m^[22m[39m[
31m[1m^[22m[39m[31
m[1m^[22m[39m[31m
[1m^[22m[39m[31m[1
m^[22m[39m[31m[1m^
[22m[39m[31m[1m^[
22m[39m[31m[1m^[22
m[39m[31m[1m^[22m
[39m[31m[1m^[22m[3
9m[31m[1m^[22m[39m
[31m[1m^[22m[39m[
31m[1m^[22m[39m[31
m[1m^[22m[39m[31m
[1m^[22m[39m[31m[1
m^[22m[39m[31m[1m^
[22m[39m[31m[1m^[
22m[39m[31m[1m^[22
m[39m[31m[1m^[22m
[39m[31m[1m^[22m[3
9m[31m[1m^[22m[39m
[31m[1m^[22m[39m[
31m[1m^[22m[39m[31
m[1m^[22m[39m[31m
[1m^[22m[39m[31m[1
m^[22m[39m[31m[1m^
[22m[39m
[31m[1m>[22m[39m[
90m 193 |[39m        
             [33m<[3
9m[33mlabel[39m clas
sName[33m=[39m[32m"
block text-sm 
font-semibold 
text-gray-700 mb-1.5"
[39m[33m>[39m[33mPa
ck[39m [33mType[39m
[33m<[39m[33m/[39m
[33mlabel[39m[33m>
[39m
 [90m     |[39m [31
m[1m^[22m[39m[31m
[1m^[22m[39m[31m[1
m^[22m[39m[31m[1m^
[22m[39m[31m[1m^[
22m[39m[31m[1m^[22
m[39m[31m[1m^[22m
[39m[31m[1m^[22m[3
9m[31m[1m^[22m[39m
[31m[1m^[22m[39m[
31m[1m^[22m[39m[31
m[1m^[22m[39m[31m
[1m^[22m[39m[31m[1
m^[22m[39m[31m[1m^
[22m[39m[31m[1m^[
22m[39m[31m[1m^[22
m[39m[31m[1m^[22m
[39m[31m[1m^[22m[3
9m[31m[1m^[22m[39m
[31m[1m^[22m[39m[
31m[1m^[22m[39m[31
m[1m^[22m[39m[31m
[1m^[22m[39m[31m[1
m^[22m[39m[31m[1m^
[22m[39m[31m[1m^[
22m[39m[31m[1m^[22
m[39m[31m[1m^[22m
[39m[31m[1m^[22m[3
9m[31m[1m^[22m[39m
[31m[1m^[22m[39m[
31m[1m^[22m[39m[31
m[1m^[22m[39m[31m
[1m^[22m[39m[31m[1
m^[22m[39m[31m[1m^
[22m[39m
[31m[1m>[22m[39m[
90m 194 |[39m        
             [33m<[3
9m[33minput[39m clas
sName[33m=[39m[32m"
input"[39m placeholde
r[33m=[39m[32m"e.g.
 Carton, Crate"[39m v
alue[33m=[39m{form[
33m.[39mpack_label} o
nChange[33m=[39m{(e)
 [33m=>[39m updateFo
rm([32m"pack_label"[
39m[33m,[39m e[33m.
[39mtarget[33m.[39m
value)} 
[33m/[39m[33m>[39m
 [90m     |[39m [31
m[1m^[22m[39m[31m
[1m^[22m[39m[31m[1
m^[22m[39m[31m[1m^
[22m[39m[31m[1m^[
22m[39m[31m[1m^[22
m[39m[31m[1m^[22m
[39m[31m[1m^[22m[3
9m[31m[1m^[22m[39m
[31m[1m^[22m[39m[
31m[1m^[22m[39m[31
m[1m^[22m[39m[31m
[1m^[22m[39m[31m[1
m^[22m[39m[31m[1m^
[22m[39m[31m[1m^[
22m[39m[31m[1m^[22
m[39m[31m[1m^[22m
[39m[31m[1m^[22m[3
9m[31m[1m^[22m[39m
[31m[1m^[22m[39m[
31m[1m^[22m[39m[31
m[1m^[22m[39m[31m
[1m^[22m[39m[31m[1
m^[22m[39m[31m[1m^
[22m[39m[31m[1m^[
22m[39m[31m[1m^[22
m[39m[31m[1m^[22m
[39m[31m[1m^[22m[3
9m[31m[1m^[22m[39m
[31m[1m^[22m[39m[
31m[1m^[22m[39m[31
m[1m^[22m[39m[31m
[1m^[22m[39m[31m[1
m^[22m[39m[31m[1m^
[22m[39m
[31m[1m>[22m[39m[
90m 195 |[39m        
           [33m<[39m
[33m/[39m[33mdiv[3
9m[33m>[39m
 [90m     |[39m [31
m[1m^[22m[39m[31m
[1m^[22m[39m[31m[1
m^[22m[39m[31m[1m^
[22m[39m[31m[1m^[
22m[39m[31m[1m^[22
m[39m[31m[1m^[22m
[39m[31m[1m^[22m[3
9m[31m[1m^[22m[39m
[31m[1m^[22m[39m[
31m[1m^[22m[39m[31
m[1m^[22m[39m[31m
[1m^[22m[39m[31m[1
m^[22m[39m[31m[1m^
[22m[39m[31m[1m^[
22m[39m[31m[1m^[22
m[39m[31m[1m^[22m
[39m[31m[1m^[22m[3
9m[31m[1m^[22m[39m
[31m[1m^[22m[39m[
31m[1m^[22m[39m[31
m[1m^[22m[39m[31m
[1m^[22m[39m[31m[1
m^[22m[39m[31m[1m^
[22m[39m[31m[1m^[
22m[39m[31m[1m^[22
m[39m[31m[1m^[22m
[39m[31m[1m^[22m[3
9m[31m[1m^[22m[39m
[31m[1m^[22m[39m[
31m[1m^[22m[39m[31
m[1m^[22m[39m[31m
[1m^[22m[39m[31m[1
m^[22m[39m[31m[1m^
[22m[39m
[31m[1m>[22m[39m[
90m 196 |[39m        
         [33m<[39m[
33m/[39m[33mdiv[39m
[33m>[39m
 [90m     |[39m [31
m[1m^[22m[39m[31m
[1m^[22m[39m[31m[1
m^[22m[39m[31m[1m^
[22m[39m[31m[1m^[
22m[39m[31m[1m^[22
m[39m[31m[1m^[22m
[39m[31m[1m^[22m[3
9m[31m[1m^[22m[39m
[31m[1m^[22m[39m[
31m[1m^[22m[39m[31
m[1m^[22m[39m[31m
[1m^[22m[39m[31m[1
m^[22m[39m[31m[1m^
[22m[39m[31m[1m^[
22m[39m[31m[1m^[22
m[39m[31m[1m^[22m
[39m[31m[1m^[22m[3
9m[31m[1m^[22m[39m
[31m[1m^[22m[39m[
31m[1m^[22m[39m[31
m[1m^[22m[39m[31m
[1m^[22m[39m[31m[1
m^[22m[39m[31m[1m^
[22m[39m[31m[1m^[
22m[39m[31m[1m^[22
m[39m[31m[1m^[22m
[39m[31m[1m^[22m[3
9m[31m[1m^[22m[39m
[31m[1m^[22m[39m[
31m[1m^[22m[39m[31
m[1m^[22m[39m[31m
[1m^[22m[39m[31m[1
m^[22m[39m[31m[1m^
[22m[39m
[31m[1m>[22m[39m[
90m 197 |[39m        
         [33m<[39m[
33mdiv[39m[33m>[39m
 [90m     |[39m [31
m[1m^[22m[39m[31m
[1m^[22m[39m[31m[1
m^[22m[39m[31m[1m^
[22m[39m[31m[1m^[
22m[39m[31m[1m^[22
m[39m[31m[1m^[22m
[39m[31m[1m^[22m[3
9m[31m[1m^[22m[39m
[31m[1m^[22m[39m[
31m[1m^[22m[39m[31
m[1m^[22m[39m[31m
[1m^[22m[39m[31m[1
m^[22m[39m[31m[1m^
[22m[39m[31m[1m^[
22m[39m[31m[1m^[22
m[39m[31m[1m^[22m
[39m[31m[1m^[22m[3
9m[31m[1m^[22m[39m
[31m[1m^[22m[39m[
31m[1m^[22m[39m[31
m[1m^[22m[39m[31m
[1m^[22m[39m[31m[1
m^[22m[39m[31m[1m^
[22m[39m[31m[1m^[
22m[39m[31m[1m^[22
m[39m[31m[1m^[22m
[39m[31m[1m^[22m[3
9m[31m[1m^[22m[39m
[31m[1m^[22m[39m[
31m[1m^[22m[39m[31
m[1m^[22m[39m[31m
[1m^[22m[39m[31m[1
m^[22m[39m[31m[1m^
[22m[39m
[31m[1m>[22m[39m[
90m 198 |[39m        
           [33m<[39m
[33mlabel[39m classN
ame[33m=[39m[32m"bl
ock text-sm 
font-semibold 
text-gray-700 mb-1.5"
[39m[33m>[39m[33mPa
ck[39m 
[33mSelling[39m 
[33mPrice[39m (Γéª) 
[33m*[39m[33m<[39m
[33m/[39m[33mlabel
[39m[33m>[39m
 [90m     |[39m [31
m[1m^[22m[39m[31m
[1m^[22m[39m[31m[1
m^[22m[39m[31m[1m^
[22m[39m[31m[1m^[
22m[39m[31m[1m^[22
m[39m[31m[1m^[22m
[39m[31m[1m^[22m[3
9m[31m[1m^[22m[39m
[31m[1m^[22m[39m[
31m[1m^[22m[39m[31
m[1m^[22m[39m[31m
[1m^[22m[39m[31m[1
m^[22m[39m[31m[1m^
[22m[39m[31m[1m^[
22m[39m[31m[1m^[22
m[39m[31m[1m^[22m
[39m[31m[1m^[22m[3
9m[31m[1m^[22m[39m
[31m[1m^[22m[39m[
31m[1m^[22m[39m[31
m[1m^[22m[39m[31m
[1m^[22m[39m[31m[1
m^[22m[39m[31m[1m^
[22m[39m[31m[1m^[
22m[39m[31m[1m^[22
m[39m[31m[1m^[22m
[39m[31m[1m^[22m[3
9m[31m[1m^[22m[39m
[31m[1m^[22m[39m[
31m[1m^[22m[39m[31
m[1m^[22m[39m[31m
[1m^[22m[39m[31m[1
m^[22m[39m[31m[1m^
[22m[39m
[31m[1m>[22m[39m[
90m 199 |[39m        
           [33m<[39m
[33minput[39m classN
ame[33m=[39m[32m"in
put"[39m type[33m=[
39m[32m"number"[39m 
placeholder[33m=[39m
[32m"0.00"[39m value
[33m=[39m{form[33m.
[39msell_price_pack} 
onChange[33m=[39m{(e
) [33m=>[39m updateF
orm([32m"sell_price_p
ack"[39m[33m,[39m e
[33m.[39mtarget[33m
.[39mvalue)} 
[33m/[39m[33m>[39m
 [90m     |[39m [31
m[1m^[22m[39m[31m
[1m^[22m[39m[31m[1
m^[22m[39m[31m[1m^
[22m[39m[31m[1m^[
22m[39m[31m[1m^[22
m[39m[31m[1m^[22m
[39m[31m[1m^[22m[3
9m[31m[1m^[22m[39m
[31m[1m^[22m[39m[
31m[1m^[22m[39m[31
m[1m^[22m[39m[31m
[1m^[22m[39m[31m[1
m^[22m[39m[31m[1m^
[22m[39m[31m[1m^[
22m[39m[31m[1m^[22
m[39m[31m[1m^[22m
[39m[31m[1m^[22m[3
9m[31m[1m^[22m[39m
[31m[1m^[22m[39m[
31m[1m^[22m[39m[31
m[1m^[22m[39m[31m
[1m^[22m[39m[31m[1
m^[22m[39m[31m[1m^
[22m[39m[31m[1m^[
22m[39m[31m[1m^[22
m[39m[31m[1m^[22m
[39m[31m[1m^[22m[3
9m[31m[1m^[22m[39m
[31m[1m^[22m[39m[
31m[1m^[22m[39m[31
m[1m^[22m[39m[31m
[1m^[22m[39m[31m[1
m^[22m[39m[31m[1m^
[22m[39m
[31m[1m>[22m[39m[
90m 200 |[39m        
         [33m<[39m[
33m/[39m[33mdiv[39m
[33m>[39m
 [90m     |[39m [31
m[1m^[22m[39m[31m
[1m^[22m[39m[31m[1
m^[22m[39m[31m[1m^
[22m[39m[31m[1m^[
22m[39m[31m[1m^[22
m[39m[31m[1m^[22m
[39m[31m[1m^[22m[3
9m[31m[1m^[22m[39m
[31m[1m^[22m[39m[
31m[1m^[22m[39m[31
m[1m^[22m[39m[31m
[1m^[22m[39m[31m[1
m^[22m[39m[31m[1m^
[22m[39m[31m[1m^[
22m[39m[31m[1m^[22
m[39m[31m[1m^[22m
[39m[31m[1m^[22m[3
9m[31m[1m^[22m[39m
[31m[1m^[22m[39m[
31m[1m^[22m[39m[31
m[1m^[22m[39m[31m
[1m^[22m[39m[31m[1
m^[22m[39m[31m[1m^
[22m[39m[31m[1m^[
22m[39m[31m[1m^[22
m[39m[31m[1m^[22m
[39m[31m[1m^[22m[3
9m[31m[1m^[22m[39m
[31m[1m^[22m[39m[
31m[1m^[22m[39m[31
m[1m^[22m[39m[31m
[1m^[22m[39m[31m[1
m^[22m[39m[31m[1m^
[22m[39m
[31m[1m>[22m[39m[
90m 201 |[39m        
       [33m<[39m[33
m/[39m[33mdiv[39m[
33m>[39m
 [90m     |[39m [31
m[1m^[22m[39m[31m
[1m^[22m[39m[31m[1
m^[22m[39m[31m[1m^
[22m[39m[31m[1m^[
22m[39m[31m[1m^[22
m[39m[31m[1m^[22m
[39m[31m[1m^[22m[3
9m[31m[1m^[22m[39m
[31m[1m^[22m[39m[
31m[1m^[22m[39m[31
m[1m^[22m[39m[31m
[1m^[22m[39m[31m[1
m^[22m[39m[31m[1m^
[22m[39m[31m[1m^[
22m[39m[31m[1m^[22
m[39m[31m[1m^[22m
[39m[31m[1m^[22m[3
9m[31m[1m^[22m[39m
[31m[1m^[22m[39m[
31m[1m^[22m[39m[31
m[1m^[22m[39m[31m
[1m^[22m[39m[31m[1
m^[22m[39m[31m[1m^
[22m[39m[31m[1m^[
22m[39m[31m[1m^[22
m[39m[31m[1m^[22m
[39m[31m[1m^[22m[3
9m[31m[1m^[22m[39m
[31m[1m^[22m[39m[
31m[1m^[22m[39m[31
m[1m^[22m[39m[31m
[1m^[22m[39m[31m[1
m^[22m[39m[31m[1m^
[22m[39m
[31m[1m>[22m[39m[
90m 202 |[39m        
     )}
 [90m     |[39m [31
m[1m^[22m[39m[31m
[1m^[22m[39m[31m[1
m^[22m[39m[31m[1m^
[22m[39m[31m[1m^[
22m[39m[31m[1m^[22
m[39m[31m[1m^[22m
[39m[31m[1m^[22m[3
9m[31m[1m^[22m[39m
[31m[1m^[22m[39m[
31m[1m^[22m[39m[31
m[1m^[22m[39m[31m
[1m^[22m[39m[31m[1
m^[22m[39m[31m[1m^
[22m[39m[31m[1m^[
22m[39m[31m[1m^[22
m[39m[31m[1m^[22m
[39m[31m[1m^[22m[3
9m[31m[1m^[22m[39m
[31m[1m^[22m[39m[
31m[1m^[22m[39m[31
m[1m^[22m[39m[31m
[1m^[22m[39m[31m[1
m^[22m[39m[31m[1m^
[22m[39m[31m[1m^[
22m[39m[31m[1m^[22
m[39m[31m[1m^[22m
[39m[31m[1m^[22m[3
9m[31m[1m^[22m[39m
[31m[1m^[22m[39m[
31m[1m^[22m[39m[31
m[1m^[22m[39m[31m
[1m^[22m[39m[31m[1
m^[22m[39m[31m[1m^
[22m[39m
[31m[1m>[22m[39m[
90m 203 |[39m
 [90m     |[39m [31
m[1m^[22m[39m[31m
[1m^[22m[39m[31m[1
m^[22m[39m[31m[1m^
[22m[39m[31m[1m^[
22m[39m[31m[1m^[22
m[39m[31m[1m^[22m
[39m[31m[1m^[22m[3
9m[31m[1m^[22m[39m
[31m[1m^[22m[39m[
31m[1m^[22m[39m[31
m[1m^[22m[39m[31m
[1m^[22m[39m[31m[1
m^[22m[39m[31m[1m^
[22m[39m[31m[1m^[
22m[39m[31m[1m^[22
m[39m[31m[1m^[22m
[39m[31m[1m^[22m[3
9m[31m[1m^[22m[39m
[31m[1m^[22m[39m[
31m[1m^[22m[39m[31
m[1m^[22m[39m[31m
[1m^[22m[39m[31m[1
m^[22m[39m[31m[1m^
[22m[39m[31m[1m^[
22m[39m[31m[1m^[22
m[39m[31m[1m^[22m
[39m[31m[1m^[22m[3
9m[31m[1m^[22m[39m
[31m[1m^[22m[39m[
31m[1m^[22m[39m[31
m[1m^[22m[39m[31m
[1m^[22m[39m[31m[1
m^[22m[39m[31m[1m^
[22m[39m
[31m[1m>[22m[39m[
90m 204 |[39m        
     [33m<[39m[33md
iv[39m[33m>[39m
 [90m     |[39m [31
m[1m^[22m[39m[31m
[1m^[22m[39m[31m[1
m^[22m[39m[31m[1m^
[22m[39m[31m[1m^[
22m[39m[31m[1m^[22
m[39m[31m[1m^[22m
[39m[31m[1m^[22m[3
9m[31m[1m^[22m[39m
[31m[1m^[22m[39m[
31m[1m^[22m[39m[31
m[1m^[22m[39m[31m
[1m^[22m[39m[31m[1
m^[22m[39m[31m[1m^
[22m[39m[31m[1m^[
22m[39m[31m[1m^[22
m[39m[31m[1m^[22m
[39m[31m[1m^[22m[3
9m[31m[1m^[22m[39m
[31m[1m^[22m[39m[
31m[1m^[22m[39m[31
m[1m^[22m[39m[31m
[1m^[22m[39m[31m[1
m^[22m[39m[31m[1m^
[22m[39m[31m[1m^[
22m[39m[31m[1m^[22
m[39m[31m[1m^[22m
[39m[31m[1m^[22m[3
9m[31m[1m^[22m[39m
[31m[1m^[22m[39m[
31m[1m^[22m[39m[31
m[1m^[22m[39m[31m
[1m^[22m[39m[31m[1
m^[22m[39m[31m[1m^
[22m[39m
[31m[1m>[22m[39m[
90m 205 |[39m        
       [33m<[39m[33
mlabel[39m className
[33m=[39m[32m"block 
text-sm font-semibold 
text-gray-700 mb-1.5"
[39m[33m>[39m[33mUn
it[39m 
[33mType[39m [33m<
[39m[33mspan[39m cla
ssName[33m=[39m[32m
"text-gray-400 font-no
rmal"[39m[33m>[39m(
[33mOptional[39m)[3
3m<[39m[33m/[39m[3
3mspan[39m[33m>[39m
[33m<[39m[33m/[39m
[33mlabel[39m[33m>
[39m
 [90m     |[39m [31
m[1m^[22m[39m[31m
[1m^[22m[39m[31m[1
m^[22m[39m[31m[1m^
[22m[39m[31m[1m^[
22m[39m[31m[1m^[22
m[39m[31m[1m^[22m
[39m[31m[1m^[22m[3
9m[31m[1m^[22m[39m
[31m[1m^[22m[39m[
31m[1m^[22m[39m[31
m[1m^[22m[39m[31m
[1m^[22m[39m[31m[1
m^[22m[39m[31m[1m^
[22m[39m[31m[1m^[
22m[39m[31m[1m^[22
m[39m[31m[1m^[22m
[39m[31m[1m^[22m[3
9m[31m[1m^[22m[39m
[31m[1m^[22m[39m[
31m[1m^[22m[39m[31
m[1m^[22m[39m[31m
[1m^[22m[39m[31m[1
m^[22m[39m[31m[1m^
[22m[39m[31m[1m^[
22m[39m[31m[1m^[22
m[39m[31m[1m^[22m
[39m[31m[1m^[22m[3
9m[31m[1m^[22m[39m
[31m[1m^[22m[39m[
31m[1m^[22m[39m[31
m[1m^[22m[39m[31m
[1m^[22m[39m[31m[1
m^[22m[39m[31m[1m^
[22m[39m
[31m[1m>[22m[39m[
90m 206 |[39m        
       [33m<[39m[33
minput[39m className
[33m=[39m[32m"input"
[39m placeholder[33m
=[39m[32m"e.g. 
Sachet, Piece, 
Bottle"[39m value[33
m=[39m{form[33m.[39
munit_label} onChange
[33m=[39m{(e) 
[33m=>[39m updateFor
m([32m"unit_label"[3
9m[33m,[39m e[33m.
[39mtarget[33m.[39mv
alue)} 
[33m/[39m[33m>[39m
 [90m     |[39m [31
m[1m^[22m[39m[31m
[1m^[22m[39m[31m[1
m^[22m[39m[31m[1m^
[22m[39m[31m[1m^[
22m[39m[31m[1m^[22
m[39m[31m[1m^[22m
[39m[31m[1m^[22m[3
9m[31m[1m^[22m[39m
[31m[1m^[22m[39m[
31m[1m^[22m[39m[31
m[1m^[22m[39m[31m
[1m^[22m[39m[31m[1
m^[22m[39m[31m[1m^
[22m[39m[31m[1m^[
22m[39m[31m[1m^[22
m[39m[31m[1m^[22m
[39m[31m[1m^[22m[3
9m[31m[1m^[22m[39m
[31m[1m^[22m[39m[
31m[1m^[22m[39m[31
m[1m^[22m[39m[31m
[1m^[22m[39m[31m[1
m^[22m[39m[31m[1m^
[22m[39m[31m[1m^[
22m[39m[31m[1m^[22
m[39m[31m[1m^[22m
[39m[31m[1m^[22m[3
9m[31m[1m^[22m[39m
[31m[1m^[22m[39m[
31m[1m^[22m[39m[31
m[1m^[22m[39m[31m
[1m^[22m[39m[31m[1
m^[22m[39m[31m[1m^
[22m[39m
[31m[1m>[22m[39m[
90m 207 |[39m        
     [33m<[39m[33m/
[39m[33mdiv[39m[33
m>[39m
 [90m     |[39m [31
m[1m^[22m[39m[31m
[1m^[22m[39m[31m[1
m^[22m[39m[31m[1m^
[22m[39m[31m[1m^[
22m[39m[31m[1m^[22
m[39m[31m[1m^[22m
[39m[31m[1m^[22m[3
9m[31m[1m^[22m[39m
[31m[1m^[22m[39m[
31m[1m^[22m[39m[31
m[1m^[22m[39m[31m
[1m^[22m[39m[31m[1
m^[22m[39m[31m[1m^
[22m[39m[31m[1m^[
22m[39m[31m[1m^[22
m[39m[31m[1m^[22m
[39m[31m[1m^[22m[3
9m[31m[1m^[22m[39m
[31m[1m^[22m[39m[
31m[1m^[22m[39m[31
m[1m^[22m[39m[31m
[1m^[22m[39m[31m[1
m^[22m[39m[31m[1m^
[22m[39m[31m[1m^[
22m[39m[31m[1m^[22
m[39m[31m[1m^[22m
[39m[31m[1m^[22m[3
9m[31m[1m^[22m[39m
[31m[1m^[22m[39m[
31m[1m^[22m[39m[31
m[1m^[22m[39m[31m
[1m^[22m[39m[31m[1
m^[22m[39m[31m[1m^
[22m[39m
[31m[1m>[22m[39m[
90m 208 |[39m        
   [33m<[39m[33m/[
39m[33mdiv[39m[33m>
[39m
 [90m     |[39m [31
m[1m^[22m[39m[31m
[1m^[22m[39m[31m[1
m^[22m[39m[31m[1m^
[22m[39m[31m[1m^[
22m[39m[31m[1m^[22
m[39m[31m[1m^[22m
[39m[31m[1m^[22m[3
9m[31m[1m^[22m[39m
[31m[1m^[22m[39m[
31m[1m^[22m[39m[31
m[1m^[22m[39m[31m
[1m^[22m[39m[31m[1
m^[22m[39m[31m[1m^
[22m[39m[31m[1m^[
22m[39m[31m[1m^[22
m[39m[31m[1m^[22m
[39m[31m[1m^[22m[3
9m[31m[1m^[22m[39m
[31m[1m^[22m[39m[
31m[1m^[22m[39m[31
m[1m^[22m[39m[31m
[1m^[22m[39m[31m[1
m^[22m[39m[31m[1m^
[22m[39m[31m[1m^[
22m[39m[31m[1m^[22
m[39m[31m[1m^[22m
[39m[31m[1m^[22m[3
9m[31m[1m^[22m[39m
[31m[1m^[22m[39m[
31m[1m^[22m[39m[31
m[1m^[22m[39m[31m
[1m^[22m[39m[31m[1
m^[22m[39m[31m[1m^
[22m[39m
[31m[1m>[22m[39m[
90m 209 |[39m
 [90m     |[39m [31
m[1m^[22m[39m[31m
[1m^[22m[39m[31m[1
m^[22m[39m[31m[1m^
[22m[39m[31m[1m^[
22m[39m[31m[1m^[22
m[39m[31m[1m^[22m
[39m[31m[1m^[22m[3
9m[31m[1m^[22m[39m
[31m[1m^[22m[39m[
31m[1m^[22m[39m[31
m[1m^[22m[39m[31m
[1m^[22m[39m[31m[1
m^[22m[39m[31m[1m^
[22m[39m[31m[1m^[
22m[39m[31m[1m^[22
m[39m[31m[1m^[22m
[39m[31m[1m^[22m[3
9m[31m[1m^[22m[39m
[31m[1m^[22m[39m[
31m[1m^[22m[39m[31
m[1m^[22m[39m[31m
[1m^[22m[39m[31m[1
m^[22m[39m[31m[1m^
[22m[39m[31m[1m^[
22m[39m[31m[1m^[22
m[39m[31m[1m^[22m
[39m[31m[1m^[22m[3
9m[31m[1m^[22m[39m
[31m[1m^[22m[39m[
31m[1m^[22m[39m[31
m[1m^[22m[39m[31m
[1m^[22m[39m[31m[1
m^[22m[39m[31m[1m^
[22m[39m
[31m[1m>[22m[39m[
90m 210 |[39m        
   [33m<[39m[33mdiv
[39m className[33m=
[39m[32m"grid 
grid-cols-2 
gap-3"[39m[33m>[39m
 [90m     |[39m [31
m[1m^[22m[39m[31m
[1m^[22m[39m[31m[1
m^[22m[39m[31m[1m^
[22m[39m[31m[1m^[
22m[39m[31m[1m^[22
m[39m[31m[1m^[22m
[39m[31m[1m^[22m[3
9m[31m[1m^[22m[39m
[31m[1m^[22m[39m[
31m[1m^[22m[39m[31
m[1m^[22m[39m[31m
[1m^[22m[39m[31m[1
m^[22m[39m[31m[1m^
[22m[39m[31m[1m^[
22m[39m[31m[1m^[22
m[39m[31m[1m^[22m
[39m[31m[1m^[22m[3
9m[31m[1m^[22m[39m
[31m[1m^[22m[39m[
31m[1m^[22m[39m[31
m[1m^[22m[39m[31m
[1m^[22m[39m[31m[1
m^[22m[39m[31m[1m^
[22m[39m[31m[1m^[
22m[39m[31m[1m^[22
m[39m[31m[1m^[22m
[39m[31m[1m^[22m[3
9m[31m[1m^[22m[39m
[31m[1m^[22m[39m[
31m[1m^[22m[39m[31
m[1m^[22m[39m[31m
[1m^[22m[39m[31m[1
m^[22m[39m[31m[1m^
[22m[39m
[31m[1m>[22m[39m[
90m 211 |[39m        
     [33m<[39m[33md
iv[39m[33m>[39m
 [90m     |[39m [31
m[1m^[22m[39m[31m
[1m^[22m[39m[31m[1
m^[22m[39m[31m[1m^
[22m[39m[31m[1m^[
22m[39m[31m[1m^[22
m[39m[31m[1m^[22m
[39m[31m[1m^[22m[3
9m[31m[1m^[22m[39m
[31m[1m^[22m[39m[
31m[1m^[22m[39m[31
m[1m^[22m[39m[31m
[1m^[22m[39m[31m[1
m^[22m[39m[31m[1m^
[22m[39m[31m[1m^[
22m[39m[31m[1m^[22
m[39m[31m[1m^[22m
[39m[31m[1m^[22m[3
9m[31m[1m^[22m[39m
[31m[1m^[22m[39m[
31m[1m^[22m[39m[31
m[1m^[22m[39m[31m
[1m^[22m[39m[31m[1
m^[22m[39m[31m[1m^
[22m[39m[31m[1m^[
22m[39m[31m[1m^[22
m[39m[31m[1m^[22m
[39m[31m[1m^[22m[3
9m[31m[1m^[22m[39m
[31m[1m^[22m[39m[
31m[1m^[22m[39m[31
m[1m^[22m[39m[31m
[1m^[22m[39m[31m[1
m^[22m[39m[31m[1m^
[22m[39m
[31m[1m>[22m[39m[
90m 212 |[39m        
       [33m<[39m[33
mlabel[39m className
[33m=[39m[32m"block 
text-sm font-semibold 
text-gray-700 mb-1.5"
[39m[33m>[39m[33mCu
rrent[39m 
[33mStock[39m [33m*
[39m[33m<[39m[33m/
[39m[33mlabel[39m[
33m>[39m
 [90m     |[39m [31
m[1m^[22m[39m[31m
[1m^[22m[39m[31m[1
m^[22m[39m[31m[1m^
[22m[39m[31m[1m^[
22m[39m[31m[1m^[22
m[39m[31m[1m^[22m
[39m[31m[1m^[22m[3
9m[31m[1m^[22m[39m
[31m[1m^[22m[39m[
31m[1m^[22m[39m[31
m[1m^[22m[39m[31m
[1m^[22m[39m[31m[1
m^[22m[39m[31m[1m^
[22m[39m[31m[1m^[
22m[39m[31m[1m^[22
m[39m[31m[1m^[22m
[39m[31m[1m^[22m[3
9m[31m[1m^[22m[39m
[31m[1m^[22m[39m[
31m[1m^[22m[39m[31
m[1m^[22m[39m[31m
[1m^[22m[39m[31m[1
m^[22m[39m[31m[1m^
[22m[39m[31m[1m^[
22m[39m[31m[1m^[22
m[39m[31m[1m^[22m
[39m[31m[1m^[22m[3
9m[31m[1m^[22m[39m
[31m[1m^[22m[39m[
31m[1m^[22m[39m[31
m[1m^[22m[39m[31m
[1m^[22m[39m[31m[1
m^[22m[39m[31m[1m^
[22m[39m
[31m[1m>[22m[39m[
90m 213 |[39m        
       [33m<[39m[33
minput[39m
 [90m     |[39m [31
m[1m^[22m[39m[31m
[1m^[22m[39m[31m[1
m^[22m[39m[31m[1m^
[22m[39m[31m[1m^[
22m[39m[31m[1m^[22
m[39m[31m[1m^[22m
[39m[31m[1m^[22m[3
9m[31m[1m^[22m[39m
[31m[1m^[22m[39m[
31m[1m^[22m[39m[31
m[1m^[22m[39m[31m
[1m^[22m[39m[31m[1
m^[22m[39m[31m[1m^
[22m[39m[31m[1m^[
22m[39m[31m[1m^[22
m[39m[31m[1m^[22m
[39m[31m[1m^[22m[3
9m[31m[1m^[22m[39m
[31m[1m^[22m[39m[
31m[1m^[22m[39m[31
m[1m^[22m[39m[31m
[1m^[22m[39m[31m[1
m^[22m[39m[31m[1m^
[22m[39m[31m[1m^[
22m[39m[31m[1m^[22
m[39m[31m[1m^[22m
[39m[31m[1m^[22m[3
9m[31m[1m^[22m[39m
[31m[1m^[22m[39m[
31m[1m^[22m[39m[31
m[1m^[22m[39m[31m
[1m^[22m[39m[31m[1
m^[22m[39m[31m[1m^
[22m[39m
[31m[1m>[22m[39m[
90m 214 |[39m        
         className[33
m=[39m[32m"input"[3
9m
 [90m     |[39m [31
m[1m^[22m[39m[31m
[1m^[22m[39m[31m[1
m^[22m[39m[31m[1m^
[22m[39m[31m[1m^[
22m[39m[31m[1m^[22
m[39m[31m[1m^[22m
[39m[31m[1m^[22m[3
9m[31m[1m^[22m[39m
[31m[1m^[22m[39m[
31m[1m^[22m[39m[31
m[1m^[22m[39m[31m
[1m^[22m[39m[31m[1
m^[22m[39m[31m[1m^
[22m[39m[31m[1m^[
22m[39m[31m[1m^[22
m[39m[31m[1m^[22m
[39m[31m[1m^[22m[3
9m[31m[1m^[22m[39m
[31m[1m^[22m[39m[
31m[1m^[22m[39m[31
m[1m^[22m[39m[31m
[1m^[22m[39m[31m[1
m^[22m[39m[31m[1m^
[22m[39m[31m[1m^[
22m[39m[31m[1m^[22
m[39m[31m[1m^[22m
[39m[31m[1m^[22m[3
9m[31m[1m^[22m[39m
[31m[1m^[22m[39m[
31m[1m^[22m[39m[31
m[1m^[22m[39m[31m
[1m^[22m[39m[31m[1
m^[22m[39m[31m[1m^
[22m[39m
[31m[1m>[22m[39m[
90m 215 |[39m        
         type[33m=[3
9m[32m"number"[39m
 [90m     |[39m [31
m[1m^[22m[39m[31m
[1m^[22m[39m[31m[1
m^[22m[39m[31m[1m^
[22m[39m[31m[1m^[
22m[39m[31m[1m^[22
m[39m[31m[1m^[22m
[39m[31m[1m^[22m[3
9m[31m[1m^[22m[39m
[31m[1m^[22m[39m[
31m[1m^[22m[39m[31
m[1m^[22m[39m[31m
[1m^[22m[39m[31m[1
m^[22m[39m[31m[1m^
[22m[39m[31m[1m^[
22m[39m[31m[1m^[22
m[39m[31m[1m^[22m
[39m[31m[1m^[22m[3
9m[31m[1m^[22m[39m
[31m[1m^[22m[39m[
31m[1m^[22m[39m[31
m[1m^[22m[39m[31m
[1m^[22m[39m[31m[1
m^[22m[39m[31m[1m^
[22m[39m[31m[1m^[
22m[39m[31m[1m^[22
m[39m[31m[1m^[22m
[39m[31m[1m^[22m[3
9m[31m[1m^[22m[39m
[31m[1m^[22m[39m[
31m[1m^[22m[39m[31
m[1m^[22m[39m[31m
[1m^[22m[39m[31m[1
m^[22m[39m[31m[1m^
[22m[39m
[31m[1m>[22m[39m[
90m 216 |[39m        
         placeholder[
33m=[39m[32m"0"[39m
 [90m     |[39m [31
m[1m^[22m[39m[31m
[1m^[22m[39m[31m[1
m^[22m[39m[31m[1m^
[22m[39m[31m[1m^[
22m[39m[31m[1m^[22
m[39m[31m[1m^[22m
[39m[31m[1m^[22m[3
9m[31m[1m^[22m[39m
[31m[1m^[22m[39m[
31m[1m^[22m[39m[31
m[1m^[22m[39m[31m
[1m^[22m[39m[31m[1
m^[22m[39m[31m[1m^
[22m[39m[31m[1m^[
22m[39m[31m[1m^[22
m[39m[31m[1m^[22m
[39m[31m[1m^[22m[3
9m[31m[1m^[22m[39m
[31m[1m^[22m[39m[
31m[1m^[22m[39m[31
m[1m^[22m[39m[31m
[1m^[22m[39m[31m[1
m^[22m[39m[31m[1m^
[22m[39m[31m[1m^[
22m[39m[31m[1m^[22
m[39m[31m[1m^[22m
[39m[31m[1m^[22m[3
9m[31m[1m^[22m[39m
[31m[1m^[22m[39m[
31m[1m^[22m[39m[31
m[1m^[22m[39m[31m
[1m^[22m[39m[31m[1
m^[22m[39m[31m[1m^
[22m[39m
[31m[1m>[22m[39m[
90m 217 |[39m        
         value[33m=[
39m{form[33m.[39mqua
ntity}
 [90m     |[39m [31
m[1m^[22m[39m[31m
[1m^[22m[39m[31m[1
m^[22m[39m[31m[1m^
[22m[39m[31m[1m^[
22m[39m[31m[1m^[22
m[39m[31m[1m^[22m
[39m[31m[1m^[22m[3
9m[31m[1m^[22m[39m
[31m[1m^[22m[39m[
31m[1m^[22m[39m[31
m[1m^[22m[39m[31m
[1m^[22m[39m[31m[1
m^[22m[39m[31m[1m^
[22m[39m[31m[1m^[
22m[39m[31m[1m^[22
m[39m[31m[1m^[22m
[39m[31m[1m^[22m[3
9m[31m[1m^[22m[39m
[31m[1m^[22m[39m[
31m[1m^[22m[39m[31
m[1m^[22m[39m[31m
[1m^[22m[39m[31m[1
m^[22m[39m[31m[1m^
[22m[39m[31m[1m^[
22m[39m[31m[1m^[22
m[39m[31m[1m^[22m
[39m[31m[1m^[22m[3
9m[31m[1m^[22m[39m
[31m[1m^[22m[39m[
31m[1m^[22m[39m[31
m[1m^[22m[39m[31m
[1m^[22m[39m[31m[1
m^[22m[39m[31m[1m^
[22m[39m
[31m[1m>[22m[39m[
90m 218 |[39m        
         onChange[33m
=[39m{(e) 
[33m=>[39m updateFor
m([32m"quantity"[39m
[33m,[39m e[33m.[3
9mtarget[33m.[39mval
ue)}
 [90m     |[39m [31
m[1m^[22m[39m[31m
[1m^[22m[39m[31m[1
m^[22m[39m[31m[1m^
[22m[39m[31m[1m^[
22m[39m[31m[1m^[22
m[39m[31m[1m^[22m
[39m[31m[1m^[22m[3
9m[31m[1m^[22m[39m
[31m[1m^[22m[39m[
31m[1m^[22m[39m[31
m[1m^[22m[39m[31m
[1m^[22m[39m[31m[1
m^[22m[39m[31m[1m^
[22m[39m[31m[1m^[
22m[39m[31m[1m^[22
m[39m[31m[1m^[22m
[39m[31m[1m^[22m[3
9m[31m[1m^[22m[39m
[31m[1m^[22m[39m[
31m[1m^[22m[39m[31
m[1m^[22m[39m[31m
[1m^[22m[39m[31m[1
m^[22m[39m[31m[1m^
[22m[39m[31m[1m^[
22m[39m[31m[1m^[22
m[39m[31m[1m^[22m
[39m[31m[1m^[22m[3
9m[31m[1m^[22m[39m
[31m[1m^[22m[39m[
31m[1m^[22m[39m[31
m[1m^[22m[39m[31m
[1m^[22m[39m[31m[1
m^[22m[39m[31m[1m^
[22m[39m
[31m[1m>[22m[39m[
90m 219 |[39m        
       
[33m/[39m[33m>[39m
 [90m     |[39m [31
m[1m^[22m[39m[31m
[1m^[22m[39m[31m[1
m^[22m[39m[31m[1m^
[22m[39m[31m[1m^[
22m[39m[31m[1m^[22
m[39m[31m[1m^[22m
[39m[31m[1m^[22m[3
9m[31m[1m^[22m[39m
[31m[1m^[22m[39m[
31m[1m^[22m[39m[31
m[1m^[22m[39m[31m
[1m^[22m[39m[31m[1
m^[22m[39m[31m[1m^
[22m[39m[31m[1m^[
22m[39m[31m[1m^[22
m[39m[31m[1m^[22m
[39m[31m[1m^[22m[3
9m[31m[1m^[22m[39m
[31m[1m^[22m[39m[
31m[1m^[22m[39m[31
m[1m^[22m[39m[31m
[1m^[22m[39m[31m[1
m^[22m[39m[31m[1m^
[22m[39m[31m[1m^[
22m[39m[31m[1m^[22
m[39m[31m[1m^[22m
[39m[31m[1m^[22m[3
9m[31m[1m^[22m[39m
[31m[1m^[22m[39m[
31m[1m^[22m[39m[31
m[1m^[22m[39m[31m
[1m^[22m[39m[31m[1
m^[22m[39m[31m[1m^
[22m[39m
[31m[1m>[22m[39m[
90m 220 |[39m        
       [33m<[39m[33
mp[39m className[33m
=[39m[32m"mt-1 
text-xs text-gray-400"
[39m[33m>[39m[33mT
otal[39m units stored
[33m<[39m[33m/[39m
[33mp[39m[33m>[39m
 [90m     |[39m [31
m[1m^[22m[39m[31m
[1m^[22m[39m[31m[1
m^[22m[39m[31m[1m^
[22m[39m[31m[1m^[
22m[39m[31m[1m^[22
m[39m[31m[1m^[22m
[39m[31m[1m^[22m[3
9m[31m[1m^[22m[39m
[31m[1m^[22m[39m[
31m[1m^[22m[39m[31
m[1m^[22m[39m[31m
[1m^[22m[39m[31m[1
m^[22m[39m[31m[1m^
[22m[39m[31m[1m^[
22m[39m[31m[1m^[22
m[39m[31m[1m^[22m
[39m[31m[1m^[22m[3
9m[31m[1m^[22m[39m
[31m[1m^[22m[39m[
31m[1m^[22m[39m[31
m[1m^[22m[39m[31m
[1m^[22m[39m[31m[1
m^[22m[39m[31m[1m^
[22m[39m[31m[1m^[
22m[39m[31m[1m^[22
m[39m[31m[1m^[22m
[39m[31m[1m^[22m[3
9m[31m[1m^[22m[39m
[31m[1m^[22m[39m[
31m[1m^[22m[39m[31
m[1m^[22m[39m[31m
[1m^[22m[39m[31m[1
m^[22m[39m[31m[1m^
[22m[39m
[31m[1m>[22m[39m[
90m 221 |[39m        
     [33m<[39m[33m/
[39m[33mdiv[39m[33
m>[39m
 [90m     |[39m [31
m[1m^[22m[39m[31m
[1m^[22m[39m[31m[1
m^[22m[39m[31m[1m^
[22m[39m[31m[1m^[
22m[39m[31m[1m^[22
m[39m[31m[1m^[22m
[39m[31m[1m^[22m[3
9m[31m[1m^[22m[39m
[31m[1m^[22m[39m[
31m[1m^[22m[39m[31
m[1m^[22m[39m[31m
[1m^[22m[39m[31m[1
m^[22m[39m[31m[1m^
[22m[39m[31m[1m^[
22m[39m[31m[1m^[22
m[39m[31m[1m^[22m
[39m[31m[1m^[22m[3
9m[31m[1m^[22m[39m
[31m[1m^[22m[39m[
31m[1m^[22m[39m[31
m[1m^[22m[39m[31m
[1m^[22m[39m[31m[1
m^[22m[39m[31m[1m^
[22m[39m[31m[1m^[
22m[39m[31m[1m^[22
m[39m[31m[1m^[22m
[39m[31m[1m^[22m[3
9m[31m[1m^[22m[39m
[31m[1m^[22m[39m[
31m[1m^[22m[39m[31
m[1m^[22m[39m[31m
[1m^[22m[39m[31m[1
m^[22m[39m[31m[1m^
[22m[39m
[31m[1m>[22m[39m[
90m 222 |[39m        
     [33m<[39m[33md
iv[39m[33m>[39m
 [90m     |[39m [31
m[1m^[22m[39m[31m
[1m^[22m[39m[31m[1
m^[22m[39m[31m[1m^
[22m[39m[31m[1m^[
22m[39m[31m[1m^[22
m[39m[31m[1m^[22m
[39m[31m[1m^[22m[3
9m[31m[1m^[22m[39m
[31m[1m^[22m[39m[
31m[1m^[22m[39m[31
m[1m^[22m[39m[31m
[1m^[22m[39m[31m[1
m^[22m[39m[31m[1m^
[22m[39m[31m[1m^[
22m[39m[31m[1m^[22
m[39m[31m[1m^[22m
[39m[31m[1m^[22m[3
9m[31m[1m^[22m[39m
[31m[1m^[22m[39m[
31m[1m^[22m[39m[31
m[1m^[22m[39m[31m
[1m^[22m[39m[31m[1
m^[22m[39m[31m[1m^
[22m[39m[31m[1m^[
22m[39m[31m[1m^[22
m[39m[31m[1m^[22m
[39m[31m[1m^[22m[3
9m[31m[1m^[22m[39m
[31m[1m^[22m[39m[
31m[1m^[22m[39m[31
m[1m^[22m[39m[31m
[1m^[22m[39m[31m[1
m^[22m[39m[31m[1m^
[22m[39m
[31m[1m>[22m[39m[
90m 223 |[39m        
       [33m<[39m[33
mlabel[39m className
[33m=[39m[32m"block 
text-sm font-semibold 
text-gray-700 mb-1.5"
[39m[33m>[39m[33mAl
ert[39m [33mThreshol
d[39m[33m<[39m[33m
/[39m[33mlabel[39m
[33m>[39m
 [90m     |[39m [31
m[1m^[22m[39m[31m
[1m^[22m[39m[31m[1
m^[22m[39m[31m[1m^
[22m[39m[31m[1m^[
22m[39m[31m[1m^[22
m[39m[31m[1m^[22m
[39m[31m[1m^[22m[3
9m[31m[1m^[22m[39m
[31m[1m^[22m[39m[
31m[1m^[22m[39m[31
m[1m^[22m[39m[31m
[1m^[22m[39m[31m[1
m^[22m[39m[31m[1m^
[22m[39m[31m[1m^[
22m[39m[31m[1m^[22
m[39m[31m[1m^[22m
[39m[31m[1m^[22m[3
9m[31m[1m^[22m[39m
[31m[1m^[22m[39m[
31m[1m^[22m[39m[31
m[1m^[22m[39m[31m
[1m^[22m[39m[31m[1
m^[22m[39m[31m[1m^
[22m[39m[31m[1m^[
22m[39m[31m[1m^[22
m[39m[31m[1m^[22m
[39m[31m[1m^[22m[3
9m[31m[1m^[22m[39m
[31m[1m^[22m[39m[
31m[1m^[22m[39m[31
m[1m^[22m[39m[31m
[1m^[22m[39m[31m[1
m^[22m[39m[31m[1m^
[22m[39m
[31m[1m>[22m[39m[
90m 224 |[39m        
       [33m<[39m[33
minput[39m
 [90m     |[39m [31
m[1m^[22m[39m[31m
[1m^[22m[39m[31m[1
m^[22m[39m[31m[1m^
[22m[39m[31m[1m^[
22m[39m[31m[1m^[22
m[39m[31m[1m^[22m
[39m[31m[1m^[22m[3
9m[31m[1m^[22m[39m
[31m[1m^[22m[39m[
31m[1m^[22m[39m[31
m[1m^[22m[39m[31m
[1m^[22m[39m[31m[1
m^[22m[39m[31m[1m^
[22m[39m[31m[1m^[
22m[39m[31m[1m^[22
m[39m[31m[1m^[22m
[39m[31m[1m^[22m[3
9m[31m[1m^[22m[39m
[31m[1m^[22m[39m[
31m[1m^[22m[39m[31
m[1m^[22m[39m[31m
[1m^[22m[39m[31m[1
m^[22m[39m[31m[1m^
[22m[39m[31m[1m^[
22m[39m[31m[1m^[22
m[39m[31m[1m^[22m
[39m[31m[1m^[22m[3
9m[31m[1m^[22m[39m
[31m[1m^[22m[39m[
31m[1m^[22m[39m[31
m[1m^[22m[39m[31m
[1m^[22m[39m[31m[1
m^[22m[39m[31m[1m^
[22m[39m
[31m[1m>[22m[39m[
90m 225 |[39m        
         className[33
m=[39m[32m"input"[3
9m
 [90m     |[39m [31
m[1m^[22m[39m[31m
[1m^[22m[39m[31m[1
m^[22m[39m[31m[1m^
[22m[39m[31m[1m^[
22m[39m[31m[1m^[22
m[39m[31m[1m^[22m
[39m[31m[1m^[22m[3
9m[31m[1m^[22m[39m
[31m[1m^[22m[39m[
31m[1m^[22m[39m[31
m[1m^[22m[39m[31m
[1m^[22m[39m[31m[1
m^[22m[39m[31m[1m^
[22m[39m[31m[1m^[
22m[39m[31m[1m^[22
m[39m[31m[1m^[22m
[39m[31m[1m^[22m[3
9m[31m[1m^[22m[39m
[31m[1m^[22m[39m[
31m[1m^[22m[39m[31
m[1m^[22m[39m[31m
[1m^[22m[39m[31m[1
m^[22m[39m[31m[1m^
[22m[39m[31m[1m^[
22m[39m[31m[1m^[22
m[39m[31m[1m^[22m
[39m[31m[1m^[22m[3
9m[31m[1m^[22m[39m
[31m[1m^[22m[39m[
31m[1m^[22m[39m[31
m[1m^[22m[39m[31m
[1m^[22m[39m[31m[1
m^[22m[39m[31m[1m^
[22m[39m
[31m[1m>[22m[39m[
90m 226 |[39m        
         type[33m=[3
9m[32m"number"[39m
 [90m     |[39m [31
m[1m^[22m[39m[31m
[1m^[22m[39m[31m[1
m^[22m[39m[31m[1m^
[22m[39m[31m[1m^[
22m[39m[31m[1m^[22
m[39m[31m[1m^[22m
[39m[31m[1m^[22m[3
9m[31m[1m^[22m[39m
[31m[1m^[22m[39m[
31m[1m^[22m[39m[31
m[1m^[22m[39m[31m
[1m^[22m[39m[31m[1
m^[22m[39m[31m[1m^
[22m[39m[31m[1m^[
22m[39m[31m[1m^[22
m[39m[31m[1m^[22m
[39m[31m[1m^[22m[3
9m[31m[1m^[22m[39m
[31m[1m^[22m[39m[
31m[1m^[22m[39m[31
m[1m^[22m[39m[31m
[1m^[22m[39m[31m[1
m^[22m[39m[31m[1m^
[22m[39m[31m[1m^[
22m[39m[31m[1m^[22
m[39m[31m[1m^[22m
[39m[31m[1m^[22m[3
9m[31m[1m^[22m[39m
[31m[1m^[22m[39m[
31m[1m^[22m[39m[31
m[1m^[22m[39m[31m
[1m^[22m[39m[31m[1
m^[22m[39m[31m[1m^
[22m[39m
[31m[1m>[22m[39m[
90m 227 |[39m        
         placeholder[
33m=[39m[32m"5"[39m
 [90m     |[39m [31
m[1m^[22m[39m[31m
[1m^[22m[39m[31m[1
m^[22m[39m[31m[1m^
[22m[39m[31m[1m^[
22m[39m[31m[1m^[22
m[39m[31m[1m^[22m
[39m[31m[1m^[22m[3
9m[31m[1m^[22m[39m
[31m[1m^[22m[39m[
31m[1m^[22m[39m[31
m[1m^[22m[39m[31m
[1m^[22m[39m[31m[1
m^[22m[39m[31m[1m^
[22m[39m[31m[1m^[
22m[39m[31m[1m^[22
m[39m[31m[1m^[22m
[39m[31m[1m^[22m[3
9m[31m[1m^[22m[39m
[31m[1m^[22m[39m[
31m[1m^[22m[39m[31
m[1m^[22m[39m[31m
[1m^[22m[39m[31m[1
m^[22m[39m[31m[1m^
[22m[39m[31m[1m^[
22m[39m[31m[1m^[22
m[39m[31m[1m^[22m
[39m[31m[1m^[22m[3
9m[31m[1m^[22m[39m
[31m[1m^[22m[39m[
31m[1m^[22m[39m[31
m[1m^[22m[39m[31m
[1m^[22m[39m[31m[1
m^[22m[39m[31m[1m^
[22m[39m
[31m[1m>[22m[39m[
90m 228 |[39m        
         value[33m=[
39m{form[33m.[39mthr
eshold}
 [90m     |[39m [31
m[1m^[22m[39m[31m
[1m^[22m[39m[31m[1
m^[22m[39m[31m[1m^
[22m[39m[31m[1m^[
22m[39m[31m[1m^[22
m[39m[31m[1m^[22m
[39m[31m[1m^[22m[3
9m[31m[1m^[22m[39m
[31m[1m^[22m[39m[
31m[1m^[22m[39m[31
m[1m^[22m[39m[31m
[1m^[22m[39m[31m[1
m^[22m[39m[31m[1m^
[22m[39m[31m[1m^[
22m[39m[31m[1m^[22
m[39m[31m[1m^[22m
[39m[31m[1m^[22m[3
9m[31m[1m^[22m[39m
[31m[1m^[22m[39m[
31m[1m^[22m[39m[31
m[1m^[22m[39m[31m
[1m^[22m[39m[31m[1
m^[22m[39m[31m[1m^
[22m[39m[31m[1m^[
22m[39m[31m[1m^[22
m[39m[31m[1m^[22m
[39m[31m[1m^[22m[3
9m[31m[1m^[22m[39m
[31m[1m^[22m[39m[
31m[1m^[22m[39m[31
m[1m^[22m[39m[31m
[1m^[22m[39m[31m[1
m^[22m[39m[31m[1m^
[22m[39m
[31m[1m>[22m[39m[
90m 229 |[39m        
         onChange[33m
=[39m{(e) 
[33m=>[39m updateFor
m([32m"threshold"[39
m[33m,[39m e[33m.[
39mtarget[33m.[39mva
lue)}
 [90m     |[39m [31
m[1m^[22m[39m[31m
[1m^[22m[39m[31m[1
m^[22m[39m[31m[1m^
[22m[39m[31m[1m^[
22m[39m[31m[1m^[22
m[39m[31m[1m^[22m
[39m[31m[1m^[22m[3
9m[31m[1m^[22m[39m
[31m[1m^[22m[39m[
31m[1m^[22m[39m[31
m[1m^[22m[39m[31m
[1m^[22m[39m[31m[1
m^[22m[39m[31m[1m^
[22m[39m[31m[1m^[
22m[39m[31m[1m^[22
m[39m[31m[1m^[22m
[39m[31m[1m^[22m[3
9m[31m[1m^[22m[39m
[31m[1m^[22m[39m[
31m[1m^[22m[39m[31
m[1m^[22m[39m[31m
[1m^[22m[39m[31m[1
m^[22m[39m[31m[1m^
[22m[39m[31m[1m^[
22m[39m[31m[1m^[22
m[39m[31m[1m^[22m
[39m[31m[1m^[22m[3
9m[31m[1m^[22m[39m
[31m[1m^[22m[39m[
31m[1m^[22m[39m[31
m[1m^[22m[39m[31m
[1m^[22m[39m[31m[1
m^[22m[39m[31m[1m^
[22m[39m
[31m[1m>[22m[39m[
90m 230 |[39m        
       
[33m/[39m[33m>[39m
 [90m     |[39m [31
m[1m^[22m[39m[31m
[1m^[22m[39m[31m[1
m^[22m[39m[31m[1m^
[22m[39m[31m[1m^[
22m[39m[31m[1m^[22
m[39m[31m[1m^[22m
[39m[31m[1m^[22m[3
9m[31m[1m^[22m[39m
[31m[1m^[22m[39m[
31m[1m^[22m[39m[31
m[1m^[22m[39m[31m
[1m^[22m[39m[31m[1
m^[22m[39m[31m[1m^
[22m[39m[31m[1m^[
22m[39m[31m[1m^[22
m[39m[31m[1m^[22m
[39m[31m[1m^[22m[3
9m[31m[1m^[22m[39m
[31m[1m^[22m[39m[
31m[1m^[22m[39m[31
m[1m^[22m[39m[31m
[1m^[22m[39m[31m[1
m^[22m[39m[31m[1m^
[22m[39m[31m[1m^[
22m[39m[31m[1m^[22
m[39m[31m[1m^[22m
[39m[31m[1m^[22m[3
9m[31m[1m^[22m[39m
[31m[1m^[22m[39m[
31m[1m^[22m[39m[31
m[1m^[22m[39m[31m
[1m^[22m[39m[31m[1
m^[22m[39m[31m[1m^
[22m[39m
[31m[1m>[22m[39m[
90m 231 |[39m        
       [33m<[39m[33
mp[39m className[33m
=[39m[32m"mt-1 
text-xs text-gray-400"
[39m[33m>[39m[33mL
ow[39m stock level[3
3m<[39m[33m/[39m[3
3mp[39m[33m>[39m
 [90m     |[39m [31
m[1m^[22m[39m[31m
[1m^[22m[39m[31m[1
m^[22m[39m[31m[1m^
[22m[39m[31m[1m^[
22m[39m[31m[1m^[22
m[39m[31m[1m^[22m
[39m[31m[1m^[22m[3
9m[31m[1m^[22m[39m
[31m[1m^[22m[39m[
31m[1m^[22m[39m[31
m[1m^[22m[39m[31m
[1m^[22m[39m[31m[1
m^[22m[39m[31m[1m^
[22m[39m[31m[1m^[
22m[39m[31m[1m^[22
m[39m[31m[1m^[22m
[39m[31m[1m^[22m[3
9m[31m[1m^[22m[39m
[31m[1m^[22m[39m[
31m[1m^[22m[39m[31
m[1m^[22m[39m[31m
[1m^[22m[39m[31m[1
m^[22m[39m[31m[1m^
[22m[39m[31m[1m^[
22m[39m[31m[1m^[22
m[39m[31m[1m^[22m
[39m[31m[1m^[22m[3
9m[31m[1m^[22m[39m
[31m[1m^[22m[39m[
31m[1m^[22m[39m[31
m[1m^[22m[39m[31m
[1m^[22m[39m[31m[1
m^[22m[39m[31m[1m^
[22m[39m
[31m[1m>[22m[39m[
90m 232 |[39m        
     [33m<[39m[33m/
[39m[33mdiv[39m[33
m>[39m
 [90m     |[39m [31
m[1m^[22m[39m[31m
[1m^[22m[39m[31m[1
m^[22m[39m[31m[1m^
[22m[39m[31m[1m^[
22m[39m[31m[1m^[22
m[39m[31m[1m^[22m
[39m[31m[1m^[22m[3
9m[31m[1m^[22m[39m
[31m[1m^[22m[39m[
31m[1m^[22m[39m[31
m[1m^[22m[39m[31m
[1m^[22m[39m[31m[1
m^[22m[39m[31m[1m^
[22m[39m[31m[1m^[
22m[39m[31m[1m^[22
m[39m[31m[1m^[22m
[39m[31m[1m^[22m[3
9m[31m[1m^[22m[39m
[31m[1m^[22m[39m[
31m[1m^[22m[39m[31
m[1m^[22m[39m[31m
[1m^[22m[39m[31m[1
m^[22m[39m[31m[1m^
[22m[39m[31m[1m^[
22m[39m[31m[1m^[22
m[39m[31m[1m^[22m
[39m[31m[1m^[22m[3
9m[31m[1m^[22m[39m
[31m[1m^[22m[39m[
31m[1m^[22m[39m[31
m[1m^[22m[39m[31m
[1m^[22m[39m[31m[1
m^[22m[39m[31m[1m^
[22m[39m
[31m[1m>[22m[39m[
90m 233 |[39m        
   [33m<[39m[33m/[
39m[33mdiv[39m[33m>
[39m
 [90m     |[39m [31
m[1m^[22m[39m[31m
[1m^[22m[39m[31m[1
m^[22m[39m[31m[1m^
[22m[39m[31m[1m^[
22m[39m[31m[1m^[22
m[39m[31m[1m^[22m
[39m[31m[1m^[22m[3
9m[31m[1m^[22m[39m
[31m[1m^[22m[39m[
31m[1m^[22m[39m[31
m[1m^[22m[39m[31m
[1m^[22m[39m[31m[1
m^[22m[39m[31m[1m^
[22m[39m[31m[1m^[
22m[39m[31m[1m^[22
m[39m[31m[1m^[22m
[39m[31m[1m^[22m[3
9m[31m[1m^[22m[39m
[31m[1m^[22m[39m[
31m[1m^[22m[39m[31
m[1m^[22m[39m[31m
[1m^[22m[39m[31m[1
m^[22m[39m[31m[1m^
[22m[39m[31m[1m^[
22m[39m[31m[1m^[22
m[39m[31m[1m^[22m
[39m[31m[1m^[22m[3
9m[31m[1m^[22m[39m
[31m[1m^[22m[39m[
31m[1m^[22m[39m[31
m[1m^[22m[39m[31m
[1m^[22m[39m[31m[1
m^[22m[39m[31m[1m^
[22m[39m
[31m[1m>[22m[39m[
90m 234 |[39m
 [90m     |[39m [31
m[1m^[22m[39m[31m
[1m^[22m[39m[31m[1
m^[22m[39m[31m[1m^
[22m[39m[31m[1m^[
22m[39m[31m[1m^[22
m[39m[31m[1m^[22m
[39m[31m[1m^[22m[3
9m[31m[1m^[22m[39m
[31m[1m^[22m[39m[
31m[1m^[22m[39m[31
m[1m^[22m[39m[31m
[1m^[22m[39m[31m[1
m^[22m[39m[31m[1m^
[22m[39m[31m[1m^[
22m[39m[31m[1m^[22
m[39m[31m[1m^[22m
[39m[31m[1m^[22m[3
9m[31m[1m^[22m[39m
[31m[1m^[22m[39m[
31m[1m^[22m[39m[31
m[1m^[22m[39m[31m
[1m^[22m[39m[31m[1
m^[22m[39m[31m[1m^
[22m[39m[31m[1m^[
22m[39m[31m[1m^[22
m[39m[31m[1m^[22m
[39m[31m[1m^[22m[3
9m[31m[1m^[22m[39m
[31m[1m^[22m[39m[
31m[1m^[22m[39m[31
m[1m^[22m[39m[31m
[1m^[22m[39m[31m[1
m^[22m[39m[31m[1m^
[22m[39m
[31m[1m>[22m[39m[
90m 235 |[39m        
   [33m<[39m[33mdiv
[39m[33m>[39m
 [90m     |[39m [31
m[1m^[22m[39m[31m
[1m^[22m[39m[31m[1
m^[22m[39m[31m[1m^
[22m[39m[31m[1m^[
22m[39m[31m[1m^[22
m[39m[31m[1m^[22m
[39m[31m[1m^[22m[3
9m[31m[1m^[22m[39m
[31m[1m^[22m[39m[
31m[1m^[22m[39m[31
m[1m^[22m[39m[31m
[1m^[22m[39m[31m[1
m^[22m[39m[31m[1m^
[22m[39m[31m[1m^[
22m[39m[31m[1m^[22
m[39m[31m[1m^[22m
[39m[31m[1m^[22m[3
9m[31m[1m^[22m[39m
[31m[1m^[22m[39m[
31m[1m^[22m[39m[31
m[1m^[22m[39m[31m
[1m^[22m[39m[31m[1
m^[22m[39m[31m[1m^
[22m[39m[31m[1m^[
22m[39m[31m[1m^[22
m[39m[31m[1m^[22m
[39m[31m[1m^[22m[3
9m[31m[1m^[22m[39m
[31m[1m^[22m[39m[
31m[1m^[22m[39m[31
m[1m^[22m[39m[31m
[1m^[22m[39m[31m[1
m^[22m[39m[31m[1m^
[22m[39m
[31m[1m>[22m[39m[
90m 236 |[39m        
      [33m<[39m[33m
label[39m className[
33m=[39m[32m"block 
text-sm font-semibold 
text-gray-700 mb-1.5"
[39m[33m>[39m[33mBa
rcode[39m 
[33m/[39m 
[33mSKU[39m [33m<[
39m[33mspan[39m clas
sName[33m=[39m[32m"
text-gray-400 font-nor
mal"[39m[33m>[39m(
[33mOptional[39m)[33
m<[39m[33m/[39m[33
mspan[39m[33m>[39m
[33m<[39m[33m/[39m
[33mlabel[39m[33m>[
39m
 [90m     |[39m [31
m[1m^[22m[39m[31m
[1m^[22m[39m[31m[1
m^[22m[39m[31m[1m^
[22m[39m[31m[1m^[
22m[39m[31m[1m^[22
m[39m[31m[1m^[22m
[39m[31m[1m^[22m[3
9m[31m[1m^[22m[39m
[31m[1m^[22m[39m[
31m[1m^[22m[39m[31
m[1m^[22m[39m[31m
[1m^[22m[39m[31m[1
m^[22m[39m[31m[1m^
[22m[39m[31m[1m^[
22m[39m[31m[1m^[22
m[39m[31m[1m^[22m
[39m[31m[1m^[22m[3
9m[31m[1m^[22m[39m
[31m[1m^[22m[39m[
31m[1m^[22m[39m[31
m[1m^[22m[39m[31m
[1m^[22m[39m[31m[1
m^[22m[39m[31m[1m^
[22m[39m[31m[1m^[
22m[39m[31m[1m^[22
m[39m[31m[1m^[22m
[39m[31m[1m^[22m[3
9m[31m[1m^[22m[39m
[31m[1m^[22m[39m[
31m[1m^[22m[39m[31
m[1m^[22m[39m[31m
[1m^[22m[39m[31m[1
m^[22m[39m[31m[1m^
[22m[39m
[31m[1m>[22m[39m[
90m 237 |[39m        
      [33m<[39m[33m
input[39m className[
33m=[39m[32m"input"
[39m placeholder[33m=
[39m[32m"Scan or 
type barcode"[39m val
ue[33m=[39m{form[33
m.[39msku} onChange[
33m=[39m{(e) 
[33m=>[39m updateFor
m([32m"sku"[39m[33m
,[39m e[33m.[39mtar
get[33m.[39mvalue)} 
[33m/[39m[33m>[39m
 [90m     |[39m [31
m[1m^[22m[39m[31m
[1m^[22m[39m[31m[1
m^[22m[39m[31m[1m^
[22m[39m[31m[1m^[
22m[39m[31m[1m^[22
m[39m[31m[1m^[22m
[39m[31m[1m^[22m[3
9m[31m[1m^[22m[39m
[31m[1m^[22m[39m[
31m[1m^[22m[39m[31
m[1m^[22m[39m[31m
[1m^[22m[39m[31m[1
m^[22m[39m[31m[1m^
[22m[39m[31m[1m^[
22m[39m[31m[1m^[22
m[39m[31m[1m^[22m
[39m[31m[1m^[22m[3
9m[31m[1m^[22m[39m
[31m[1m^[22m[39m[
31m[1m^[22m[39m[31
m[1m^[22m[39m[31m
[1m^[22m[39m[31m[1
m^[22m[39m[31m[1m^
[22m[39m[31m[1m^[
22m[39m[31m[1m^[22
m[39m[31m[1m^[22m
[39m[31m[1m^[22m[3
9m[31m[1m^[22m[39m
[31m[1m^[22m[39m[
31m[1m^[22m[39m[31
m[1m^[22m[39m[31m
[1m^[22m[39m[31m[1
m^[22m[39m[31m[1m^
[22m[39m
[31m[1m>[22m[39m[
90m 238 |[39m        
   [33m<[39m[33m/[
39m[33mdiv[39m[33m>
[39m
 [90m     |[39m [31
m[1m^[22m[39m[31m
[1m^[22m[39m[31m[1
m^[22m[39m[31m[1m^
[22m[39m[31m[1m^[
22m[39m[31m[1m^[22
m[39m[31m[1m^[22m
[39m[31m[1m^[22m[3
9m[31m[1m^[22m[39m
[31m[1m^[22m[39m[
31m[1m^[22m[39m[31
m[1m^[22m[39m[31m
[1m^[22m[39m[31m[1
m^[22m[39m[31m[1m^
[22m[39m[31m[1m^[
22m[39m[31m[1m^[22
m[39m[31m[1m^[22m
[39m[31m[1m^[22m[3
9m[31m[1m^[22m[39m
[31m[1m^[22m[39m[
31m[1m^[22m[39m[31
m[1m^[22m[39m[31m
[1m^[22m[39m[31m[1
m^[22m[39m[31m[1m^
[22m[39m[31m[1m^[
22m[39m[31m[1m^[22
m[39m[31m[1m^[22m
[39m[31m[1m^[22m[3
9m[31m[1m^[22m[39m
[31m[1m^[22m[39m[
31m[1m^[22m[39m[31
m[1m^[22m[39m[31m
[1m^[22m[39m[31m[1
m^[22m[39m[31m[1m^
[22m[39m
[31m[1m>[22m[39m[
90m 239 |[39m
 [90m     |[39m [31
m[1m^[22m[39m[31m
[1m^[22m[39m[31m[1
m^[22m[39m[31m[1m^
[22m[39m[31m[1m^[
22m[39m[31m[1m^[22
m[39m[31m[1m^[22m
[39m[31m[1m^[22m[3
9m[31m[1m^[22m[39m
[31m[1m^[22m[39m[
31m[1m^[22m[39m[31
m[1m^[22m[39m[31m
[1m^[22m[39m[31m[1
m^[22m[39m[31m[1m^
[22m[39m[31m[1m^[
22m[39m[31m[1m^[22
m[39m[31m[1m^[22m
[39m[31m[1m^[22m[3
9m[31m[1m^[22m[39m
[31m[1m^[22m[39m[
31m[1m^[22m[39m[31
m[1m^[22m[39m[31m
[1m^[22m[39m[31m[1
m^[22m[39m[31m[1m^
[22m[39m[31m[1m^[
22m[39m[31m[1m^[22
m[39m[31m[1m^[22m
[39m[31m[1m^[22m[3
9m[31m[1m^[22m[39m
[31m[1m^[22m[39m[
31m[1m^[22m[39m[31
m[1m^[22m[39m[31m
[1m^[22m[39m[31m[1
m^[22m[39m[31m[1m^
[22m[39m
[31m[1m>[22m[39m[
90m 240 |[39m        
   {error 
[33m&&[39m (
 [90m     |[39m [31
m[1m^[22m[39m[31m
[1m^[22m[39m[31m[1
m^[22m[39m[31m[1m^
[22m[39m[31m[1m^[
22m[39m[31m[1m^[22
m[39m[31m[1m^[22m
[39m[31m[1m^[22m[3
9m[31m[1m^[22m[39m
[31m[1m^[22m[39m[
31m[1m^[22m[39m[31
m[1m^[22m[39m[31m
[1m^[22m[39m[31m[1
m^[22m[39m[31m[1m^
[22m[39m[31m[1m^[
22m[39m[31m[1m^[22
m[39m[31m[1m^[22m
[39m[31m[1m^[22m[3
9m[31m[1m^[22m[39m
[31m[1m^[22m[39m[
31m[1m^[22m[39m[31
m[1m^[22m[39m[31m
[1m^[22m[39m[31m[1
m^[22m[39m[31m[1m^
[22m[39m[31m[1m^[
22m[39m[31m[1m^[22
m[39m[31m[1m^[22m
[39m[31m[1m^[22m[3
9m[31m[1m^[22m[39m
[31m[1m^[22m[39m[
31m[1m^[22m[39m[31
m[1m^[22m[39m[31m
[1m^[22m[39m[31m[1
m^[22m[39m[31m[1m^
[22m[39m
[31m[1m>[22m[39m[
90m 241 |[39m        
     [33m<[39m[33md
iv[39m className[33m
=[39m[32m"bg-red-50 
text-red-600 text-sm 
px-4 py-3 rounded-xl"
[39m[33m>[39m{error}
[33m<[39m[33m/[39m
[33mdiv[39m[33m>[3
9m
 [90m     |[39m [31
m[1m^[22m[39m[31m
[1m^[22m[39m[31m[1
m^[22m[39m[31m[1m^
[22m[39m[31m[1m^[
22m[39m[31m[1m^[22
m[39m[31m[1m^[22m
[39m[31m[1m^[22m[3
9m[31m[1m^[22m[39m
[31m[1m^[22m[39m[
31m[1m^[22m[39m[31
m[1m^[22m[39m[31m
[1m^[22m[39m[31m[1
m^[22m[39m[31m[1m^
[22m[39m[31m[1m^[
22m[39m[31m[1m^[22
m[39m[31m[1m^[22m
[39m[31m[1m^[22m[3
9m[31m[1m^[22m[39m
[31m[1m^[22m[39m[
31m[1m^[22m[39m[31
m[1m^[22m[39m[31m
[1m^[22m[39m[31m[1
m^[22m[39m[31m[1m^
[22m[39m[31m[1m^[
22m[39m[31m[1m^[22
m[39m[31m[1m^[22m
[39m[31m[1m^[22m[3
9m[31m[1m^[22m[39m
[31m[1m^[22m[39m[
31m[1m^[22m[39m[31
m[1m^[22m[39m[31m
[1m^[22m[39m[31m[1
m^[22m[39m[31m[1m^
[22m[39m
[31m[1m>[22m[39m[
90m 242 |[39m        
   )}
 [90m     |[39m [31
m[1m^[22m[39m[31m
[1m^[22m[39m[31m[1
m^[22m[39m[31m[1m^
[22m[39m[31m[1m^[
22m[39m[31m[1m^[22
m[39m[31m[1m^[22m
[39m[31m[1m^[22m[3
9m[31m[1m^[22m[39m
[31m[1m^[22m[39m[
31m[1m^[22m[39m[31
m[1m^[22m[39m[31m
[1m^[22m[39m[31m[1
m^[22m[39m[31m[1m^
[22m[39m[31m[1m^[
22m[39m[31m[1m^[22
m[39m[31m[1m^[22m
[39m[31m[1m^[22m[3
9m[31m[1m^[22m[39m
[31m[1m^[22m[39m[
31m[1m^[22m[39m[31
m[1m^[22m[39m[31m
[1m^[22m[39m[31m[1
m^[22m[39m[31m[1m^
[22m[39m[31m[1m^[
22m[39m[31m[1m^[22
m[39m[31m[1m^[22m
[39m[31m[1m^[22m[3
9m[31m[1m^[22m[39m
[31m[1m^[22m[39m[
31m[1m^[22m[39m[31
m[1m^[22m[39m[31m
[1m^[22m[39m[31m[1
m^[22m[39m[31m[1m^
[22m[39m
[31m[1m>[22m[39m[
90m 243 |[39m
 [90m     |[39m [31
m[1m^[22m[39m[31m
[1m^[22m[39m[31m[1
m^[22m[39m[31m[1m^
[22m[39m[31m[1m^[
22m[39m[31m[1m^[22
m[39m[31m[1m^[22m
[39m[31m[1m^[22m[3
9m[31m[1m^[22m[39m
[31m[1m^[22m[39m[
31m[1m^[22m[39m[31
m[1m^[22m[39m[31m
[1m^[22m[39m[31m[1
m^[22m[39m[31m[1m^
[22m[39m[31m[1m^[
22m[39m[31m[1m^[22
m[39m[31m[1m^[22m
[39m[31m[1m^[22m[3
9m[31m[1m^[22m[39m
[31m[1m^[22m[39m[
31m[1m^[22m[39m[31
m[1m^[22m[39m[31m
[1m^[22m[39m[31m[1
m^[22m[39m[31m[1m^
[22m[39m[31m[1m^[
22m[39m[31m[1m^[22
m[39m[31m[1m^[22m
[39m[31m[1m^[22m[3
9m[31m[1m^[22m[39m
[31m[1m^[22m[39m[
31m[1m^[22m[39m[31
m[1m^[22m[39m[31m
[1m^[22m[39m[31m[1
m^[22m[39m[31m[1m^
[22m[39m
[31m[1m>[22m[39m[
90m 244 |[39m        
   [33m<[39m[33mbut
ton[39m
 [90m     |[39m [31
m[1m^[22m[39m[31m
[1m^[22m[39m[31m[1
m^[22m[39m[31m[1m^
[22m[39m[31m[1m^[
22m[39m[31m[1m^[22
m[39m[31m[1m^[22m
[39m[31m[1m^[22m[3
9m[31m[1m^[22m[39m
[31m[1m^[22m[39m[
31m[1m^[22m[39m[31
m[1m^[22m[39m[31m
[1m^[22m[39m[31m[1
m^[22m[39m[31m[1m^
[22m[39m[31m[1m^[
22m[39m[31m[1m^[22
m[39m[31m[1m^[22m
[39m[31m[1m^[22m[3
9m[31m[1m^[22m[39m
[31m[1m^[22m[39m[
31m[1m^[22m[39m[31
m[1m^[22m[39m[31m
[1m^[22m[39m[31m[1
m^[22m[39m[31m[1m^
[22m[39m[31m[1m^[
22m[39m[31m[1m^[22
m[39m[31m[1m^[22m
[39m[31m[1m^[22m[3
9m[31m[1m^[22m[39m
[31m[1m^[22m[39m[
31m[1m^[22m[39m[31
m[1m^[22m[39m[31m
[1m^[22m[39m[31m[1
m^[22m[39m[31m[1m^
[22m[39m
[31m[1m>[22m[39m[
90m 245 |[39m        
     onClick[33m=[39
m{handleSave}
 [90m     |[39m [31
m[1m^[22m[39m[31m
[1m^[22m[39m[31m[1
m^[22m[39m[31m[1m^
[22m[39m[31m[1m^[
22m[39m[31m[1m^[22
m[39m[31m[1m^[22m
[39m[31m[1m^[22m[3
9m[31m[1m^[22m[39m
[31m[1m^[22m[39m[
31m[1m^[22m[39m[31
m[1m^[22m[39m[31m
[1m^[22m[39m[31m[1
m^[22m[39m[31m[1m^
[22m[39m[31m[1m^[
22m[39m[31m[1m^[22
m[39m[31m[1m^[22m
[39m[31m[1m^[22m[3
9m[31m[1m^[22m[39m
[31m[1m^[22m[39m[
31m[1m^[22m[39m[31
m[1m^[22m[39m[31m
[1m^[22m[39m[31m[1
m^[22m[39m[31m[1m^
[22m[39m[31m[1m^[
22m[39m[31m[1m^[22
m[39m[31m[1m^[22m
[39m[31m[1m^[22m[3
9m[31m[1m^[22m[39m
[31m[1m^[22m[39m[
31m[1m^[22m[39m[31
m[1m^[22m[39m[31m
[1m^[22m[39m[31m[1
m^[22m[39m[31m[1m^
[22m[39m
[31m[1m>[22m[39m[
90m 246 |[39m        
     disabled[33m=[3
9m{saving 
[33m||[39m saved}
 [90m     |[39m [31
m[1m^[22m[39m[31m
[1m^[22m[39m[31m[1
m^[22m[39m[31m[1m^
[22m[39m[31m[1m^[
22m[39m[31m[1m^[22
m[39m[31m[1m^[22m
[39m[31m[1m^[22m[3
9m[31m[1m^[22m[39m
[31m[1m^[22m[39m[
31m[1m^[22m[39m[31
m[1m^[22m[39m[31m
[1m^[22m[39m[31m[1
m^[22m[39m[31m[1m^
[22m[39m[31m[1m^[
22m[39m[31m[1m^[22
m[39m[31m[1m^[22m
[39m[31m[1m^[22m[3
9m[31m[1m^[22m[39m
[31m[1m^[22m[39m[
31m[1m^[22m[39m[31
m[1m^[22m[39m[31m
[1m^[22m[39m[31m[1
m^[22m[39m[31m[1m^
[22m[39m[31m[1m^[
22m[39m[31m[1m^[22
m[39m[31m[1m^[22m
[39m[31m[1m^[22m[3
9m[31m[1m^[22m[39m
[31m[1m^[22m[39m[
31m[1m^[22m[39m[31
m[1m^[22m[39m[31m
[1m^[22m[39m[31m[1
m^[22m[39m[31m[1m^
[22m[39m
[31m[1m>[22m[39m[
90m 247 |[39m        
     className[33m=[
39m{[32m`w-full flex 
items-center 
justify-center gap-2 
py-3 rounded-xl 
font-semibold text-sm 
transition-all ${[39m
 [90m     |[39m [31
m[1m^[22m[39m[31m
[1m^[22m[39m[31m[1
m^[22m[39m[31m[1m^
[22m[39m[31m[1m^[
22m[39m[31m[1m^[22
m[39m[31m[1m^[22m
[39m[31m[1m^[22m[3
9m[31m[1m^[22m[39m
[31m[1m^[22m[39m[
31m[1m^[22m[39m[31
m[1m^[22m[39m[31m
[1m^[22m[39m[31m[1
m^[22m[39m[31m[1m^
[22m[39m[31m[1m^[
22m[39m[31m[1m^[22
m[39m[31m[1m^[22m
[39m[31m[1m^[22m[3
9m[31m[1m^[22m[39m
[31m[1m^[22m[39m[
31m[1m^[22m[39m[31
m[1m^[22m[39m[31m
[1m^[22m[39m[31m[1
m^[22m[39m[31m[1m^
[22m[39m[31m[1m^[
22m[39m[31m[1m^[22
m[39m[31m[1m^[22m
[39m[31m[1m^[22m[3
9m[31m[1m^[22m[39m
[31m[1m^[22m[39m[
31m[1m^[22m[39m[31
m[1m^[22m[39m[31m
[1m^[22m[39m[31m[1
m^[22m[39m[31m[1m^
[22m[39m
[31m[1m>[22m[39m[
90m 248 |[39m [32m  
            saved[39m
 [90m     |[39m [31
m[1m^[22m[39m[31m
[1m^[22m[39m[31m[1
m^[22m[39m[31m[1m^
[22m[39m[31m[1m^[
22m[39m[31m[1m^[22
m[39m[31m[1m^[22m
[39m[31m[1m^[22m[3
9m[31m[1m^[22m[39m
[31m[1m^[22m[39m[
31m[1m^[22m[39m[31
m[1m^[22m[39m[31m
[1m^[22m[39m[31m[1
m^[22m[39m[31m[1m^
[22m[39m[31m[1m^[
22m[39m[31m[1m^[22
m[39m[31m[1m^[22m
[39m[31m[1m^[22m[3
9m[31m[1m^[22m[39m
[31m[1m^[22m[39m[
31m[1m^[22m[39m[31
m[1m^[22m[39m[31m
[1m^[22m[39m[31m[1
m^[22m[39m[31m[1m^
[22m[39m[31m[1m^[
22m[39m[31m[1m^[22
m[39m[31m[1m^[22m
[39m[31m[1m^[22m[3
9m[31m[1m^[22m[39m
[31m[1m^[22m[39m[
31m[1m^[22m[39m[31
m[1m^[22m[39m[31m
[1m^[22m[39m[31m[1
m^[22m[39m[31m[1m^
[22m[39m
[31m[1m>[22m[39m[
90m 249 |[39m [32m  
              ? 
"bg-green-50 
text-green-600"[39m
 [90m     |[39m [31
m[1m^[22m[39m[31m
[1m^[22m[39m[31m[1
m^[22m[39m[31m[1m^
[22m[39m[31m[1m^[
22m[39m[31m[1m^[22
m[39m[31m[1m^[22m
[39m[31m[1m^[22m[3
9m[31m[1m^[22m[39m
[31m[1m^[22m[39m[
31m[1m^[22m[39m[31
m[1m^[22m[39m[31m
[1m^[22m[39m[31m[1
m^[22m[39m[31m[1m^
[22m[39m[31m[1m^[
22m[39m[31m[1m^[22
m[39m[31m[1m^[22m
[39m[31m[1m^[22m[3
9m[31m[1m^[22m[39m
[31m[1m^[22m[39m[
31m[1m^[22m[39m[31
m[1m^[22m[39m[31m
[1m^[22m[39m[31m[1
m^[22m[39m[31m[1m^
[22m[39m[31m[1m^[
22m[39m[31m[1m^[22
m[39m[31m[1m^[22m
[39m[31m[1m^[22m[3
9m[31m[1m^[22m[39m
[31m[1m^[22m[39m[
31m[1m^[22m[39m[31
m[1m^[22m[39m[31m
[1m^[22m[39m[31m[1
m^[22m[39m[31m[1m^
[22m[39m
[31m[1m>[22m[39m[
90m 250 |[39m [32m  
              : 
"bg-green-600 
hover:bg-green-700 
text-white 
active:scale-95"[39m
 [90m     |[39m [31
m[1m^[22m[39m[31m
[1m^[22m[39m[31m[1
m^[22m[39m[31m[1m^
[22m[39m[31m[1m^[
22m[39m[31m[1m^[22
m[39m[31m[1m^[22m
[39m[31m[1m^[22m[3
9m[31m[1m^[22m[39m
[31m[1m^[22m[39m[
31m[1m^[22m[39m[31
m[1m^[22m[39m[31m
[1m^[22m[39m[31m[1
m^[22m[39m[31m[1m^
[22m[39m[31m[1m^[
22m[39m[31m[1m^[22
m[39m[31m[1m^[22m
[39m[31m[1m^[22m[3
9m[31m[1m^[22m[39m
[31m[1m^[22m[39m[
31m[1m^[22m[39m[31
m[1m^[22m[39m[31m
[1m^[22m[39m[31m[1
m^[22m[39m[31m[1m^
[22m[39m[31m[1m^[
22m[39m[31m[1m^[22
m[39m[31m[1m^[22m
[39m[31m[1m^[22m[3
9m[31m[1m^[22m[39m
[31m[1m^[22m[39m[
31m[1m^[22m[39m[31
m[1m^[22m[39m[31m
[1m^[22m[39m[31m[1
m^[22m[39m[31m[1m^
[22m[39m
[31m[1m>[22m[39m[
90m 251 |[39m [32m  
          }`[39m}
 [90m     |[39m [31
m[1m^[22m[39m[31m
[1m^[22m[39m[31m[1
m^[22m[39m[31m[1m^
[22m[39m[31m[1m^[
22m[39m[31m[1m^[22
m[39m[31m[1m^[22m
[39m[31m[1m^[22m[3
9m[31m[1m^[22m[39m
[31m[1m^[22m[39m[
31m[1m^[22m[39m[31
m[1m^[22m[39m[31m
[1m^[22m[39m[31m[1
m^[22m[39m[31m[1m^
[22m[39m[31m[1m^[
22m[39m[31m[1m^[22
m[39m[31m[1m^[22m
[39m[31m[1m^[22m[3
9m[31m[1m^[22m[39m
[31m[1m^[22m[39m[
31m[1m^[22m[39m[31
m[1m^[22m[39m[31m
[1m^[22m[39m[31m[1
m^[22m[39m[31m[1m^
[22m[39m[31m[1m^[
22m[39m[31m[1m^[22
m[39m[31m[1m^[22m
[39m[31m[1m^[22m[3
9m[31m[1m^[22m[39m
[31m[1m^[22m[39m[
31m[1m^[22m[39m[31
m[1m^[22m[39m[31m
[1m^[22m[39m[31m[1
m^[22m[39m[31m[1m^
[22m[39m
[31m[1m>[22m[39m[
90m 252 |[39m        
   [33m>[39m
 [90m     |[39m [31
m[1m^[22m[39m[31m
[1m^[22m[39m[31m[1
m^[22m[39m[31m[1m^
[22m[39m[31m[1m^[
22m[39m[31m[1m^[22
m[39m[31m[1m^[22m
[39m[31m[1m^[22m[3
9m[31m[1m^[22m[39m
[31m[1m^[22m[39m[
31m[1m^[22m[39m[31
m[1m^[22m[39m[31m
[1m^[22m[39m[31m[1
m^[22m[39m[31m[1m^
[22m[39m[31m[1m^[
22m[39m[31m[1m^[22
m[39m[31m[1m^[22m
[39m[31m[1m^[22m[3
9m[31m[1m^[22m[39m
[31m[1m^[22m[39m[
31m[1m^[22m[39m[31
m[1m^[22m[39m[31m
[1m^[22m[39m[31m[1
m^[22m[39m[31m[1m^
[22m[39m[31m[1m^[
22m[39m[31m[1m^[22
m[39m[31m[1m^[22m
[39m[31m[1m^[22m[3
9m[31m[1m^[22m[39m
[31m[1m^[22m[39m[
31m[1m^[22m[39m[31
m[1m^[22m[39m[31m
[1m^[22m[39m[31m[1
m^[22m[39m[31m[1m^
[22m[39m
[31m[1m>[22m[39m[
90m 253 |[39m        
     {saved 
[33m?[39m (
 [90m     |[39m [31
m[1m^[22m[39m[31m
[1m^[22m[39m[31m[1
m^[22m[39m[31m[1m^
[22m[39m[31m[1m^[
22m[39m[31m[1m^[22
m[39m[31m[1m^[22m
[39m[31m[1m^[22m[3
9m[31m[1m^[22m[39m
[31m[1m^[22m[39m[
31m[1m^[22m[39m[31
m[1m^[22m[39m[31m
[1m^[22m[39m[31m[1
m^[22m[39m[31m[1m^
[22m[39m[31m[1m^[
22m[39m[31m[1m^[22
m[39m[31m[1m^[22m
[39m[31m[1m^[22m[3
9m[31m[1m^[22m[39m
[31m[1m^[22m[39m[
31m[1m^[22m[39m[31
m[1m^[22m[39m[31m
[1m^[22m[39m[31m[1
m^[22m[39m[31m[1m^
[22m[39m[31m[1m^[
22m[39m[31m[1m^[22
m[39m[31m[1m^[22m
[39m[31m[1m^[22m[3
9m[31m[1m^[22m[39m
[31m[1m^[22m[39m[
31m[1m^[22m[39m[31
m[1m^[22m[39m[31m
[1m^[22m[39m[31m[1
m^[22m[39m[31m[1m^
[22m[39m
[31m[1m>[22m[39m[
90m 254 |[39m        
       [33m<[39m[33
m>[39m[33m<[39m[33
mCheck[39m className
[33m=[39m[32m"w-4 
h-4"[39m [35m/> Save
d!</[39m[33m>[39m
 [90m     |[39m [31
m[1m^[22m[39m[31m
[1m^[22m[39m[31m[1
m^[22m[39m[31m[1m^
[22m[39m[31m[1m^[
22m[39m[31m[1m^[22
m[39m[31m[1m^[22m
[39m[31m[1m^[22m[3
9m[31m[1m^[22m[39m
[31m[1m^[22m[39m[
31m[1m^[22m[39m[31
m[1m^[22m[39m[31m
[1m^[22m[39m[31m[1
m^[22m[39m[31m[1m^
[22m[39m[31m[1m^[
22m[39m[31m[1m^[22
m[39m[31m[1m^[22m
[39m[31m[1m^[22m[3
9m[31m[1m^[22m[39m
[31m[1m^[22m[39m[
31m[1m^[22m[39m[31
m[1m^[22m[39m[31m
[1m^[22m[39m[31m[1
m^[22m[39m[31m[1m^
[22m[39m[31m[1m^[
22m[39m[31m[1m^[22
m[39m[31m[1m^[22m
[39m[31m[1m^[22m[3
9m[31m[1m^[22m[39m
[31m[1m^[22m[39m[
31m[1m^[22m[39m[31
m[1m^[22m[39m[31m
[1m^[22m[39m[31m[1
m^[22m[39m[31m[1m^
[22m[39m
[31m[1m>[22m[39m[
90m 255 |[39m        
     ) [33m:[39m 
saving [33m?[39m (
 [90m     |[39m [31
m[1m^[22m[39m[31m
[1m^[22m[39m[31m[1
m^[22m[39m[31m[1m^
[22m[39m[31m[1m^[
22m[39m[31m[1m^[22
m[39m[31m[1m^[22m
[39m[31m[1m^[22m[3
9m[31m[1m^[22m[39m
[31m[1m^[22m[39m[
31m[1m^[22m[39m[31
m[1m^[22m[39m[31m
[1m^[22m[39m[31m[1
m^[22m[39m[31m[1m^
[22m[39m[31m[1m^[
22m[39m[31m[1m^[22
m[39m[31m[1m^[22m
[39m[31m[1m^[22m[3
9m[31m[1m^[22m[39m
[31m[1m^[22m[39m[
31m[1m^[22m[39m[31
m[1m^[22m[39m[31m
[1m^[22m[39m[31m[1
m^[22m[39m[31m[1m^
[22m[39m[31m[1m^[
22m[39m[31m[1m^[22
m[39m[31m[1m^[22m
[39m[31m[1m^[22m[3
9m[31m[1m^[22m[39m
[31m[1m^[22m[39m[
31m[1m^[22m[39m[31
m[1m^[22m[39m[31m
[1m^[22m[39m[31m[1
m^[22m[39m[31m[1m^
[22m[39m
[31m[1m>[22m[39m[
90m 256 |[39m        
       
[32m"Saving..."[39m
 [90m     |[39m [31
m[1m^[22m[39m[31m
[1m^[22m[39m[31m[1
m^[22m[39m[31m[1m^
[22m[39m[31m[1m^[
22m[39m[31m[1m^[22
m[39m[31m[1m^[22m
[39m[31m[1m^[22m[3
9m[31m[1m^[22m[39m
[31m[1m^[22m[39m[
31m[1m^[22m[39m[31
m[1m^[22m[39m[31m
[1m^[22m[39m[31m[1
m^[22m[39m[31m[1m^
[22m[39m[31m[1m^[
22m[39m[31m[1m^[22
m[39m[31m[1m^[22m
[39m[31m[1m^[22m[3
9m[31m[1m^[22m[39m
[31m[1m^[22m[39m[
31m[1m^[22m[39m[31
m[1m^[22m[39m[31m
[1m^[22m[39m[31m[1
m^[22m[39m[31m[1m^
[22m[39m[31m[1m^[
22m[39m[31m[1m^[22
m[39m[31m[1m^[22m
[39m[31m[1m^[22m[3
9m[31m[1m^[22m[39m
[31m[1m^[22m[39m[
31m[1m^[22m[39m[31
m[1m^[22m[39m[31m
[1m^[22m[39m[31m[1
m^[22m[39m[31m[1m^
[22m[39m
[31m[1m>[22m[39m[
90m 257 |[39m        
     ) [33m:[39m (
 [90m     |[39m [31
m[1m^[22m[39m[31m
[1m^[22m[39m[31m[1
m^[22m[39m[31m[1m^
[22m[39m[31m[1m^[
22m[39m[31m[1m^[22
m[39m[31m[1m^[22m
[39m[31m[1m^[22m[3
9m[31m[1m^[22m[39m
[31m[1m^[22m[39m[
31m[1m^[22m[39m[31
m[1m^[22m[39m[31m
[1m^[22m[39m[31m[1
m^[22m[39m[31m[1m^
[22m[39m[31m[1m^[
22m[39m[31m[1m^[22
m[39m[31m[1m^[22m
[39m[31m[1m^[22m[3
9m[31m[1m^[22m[39m
[31m[1m^[22m[39m[
31m[1m^[22m[39m[31
m[1m^[22m[39m[31m
[1m^[22m[39m[31m[1
m^[22m[39m[31m[1m^
[22m[39m[31m[1m^[
22m[39m[31m[1m^[22
m[39m[31m[1m^[22m
[39m[31m[1m^[22m[3
9m[31m[1m^[22m[39m
[31m[1m^[22m[39m[
31m[1m^[22m[39m[31
m[1m^[22m[39m[31m
[1m^[22m[39m[31m[1
m^[22m[39m[31m[1m^
[22m[39m
[31m[1m>[22m[39m[
90m 258 |[39m        
       [32m"Save 
Product"[39m
 [90m     |[39m [31
m[1m^[22m[39m[31m
[1m^[22m[39m[31m[1
m^[22m[39m[31m[1m^
[22m[39m[31m[1m^[
22m[39m[31m[1m^[22
m[39m[31m[1m^[22m
[39m[31m[1m^[22m[3
9m[31m[1m^[22m[39m
[31m[1m^[22m[39m[
31m[1m^[22m[39m[31
m[1m^[22m[39m[31m
[1m^[22m[39m[31m[1
m^[22m[39m[31m[1m^
[22m[39m[31m[1m^[
22m[39m[31m[1m^[22
m[39m[31m[1m^[22m
[39m[31m[1m^[22m[3
9m[31m[1m^[22m[39m
[31m[1m^[22m[39m[
31m[1m^[22m[39m[31
m[1m^[22m[39m[31m
[1m^[22m[39m[31m[1
m^[22m[39m[31m[1m^
[22m[39m[31m[1m^[
22m[39m[31m[1m^[22
m[39m[31m[1m^[22m
[39m[31m[1m^[22m[3
9m[31m[1m^[22m[39m
[31m[1m^[22m[39m[
31m[1m^[22m[39m[31
m[1m^[22m[39m[31m
[1m^[22m[39m[31m[1
m^[22m[39m[31m[1m^
[22m[39m
[31m[1m>[22m[39m[
90m 259 |[39m        
     )}
 [90m     |[39m [31
m[1m^[22m[39m[31m
[1m^[22m[39m[31m[1
m^[22m[39m[31m[1m^
[22m[39m[31m[1m^[
22m[39m[31m[1m^[22
m[39m[31m[1m^[22m
[39m[31m[1m^[22m[3
9m[31m[1m^[22m[39m
[31m[1m^[22m[39m[
31m[1m^[22m[39m[31
m[1m^[22m[39m[31m
[1m^[22m[39m[31m[1
m^[22m[39m[31m[1m^
[22m[39m[31m[1m^[
22m[39m[31m[1m^[22
m[39m[31m[1m^[22m
[39m[31m[1m^[22m[3
9m[31m[1m^[22m[39m
[31m[1m^[22m[39m[
31m[1m^[22m[39m[31
m[1m^[22m[39m[31m
[1m^[22m[39m[31m[1
m^[22m[39m[31m[1m^
[22m[39m[31m[1m^[
22m[39m[31m[1m^[22
m[39m[31m[1m^[22m
[39m[31m[1m^[22m[3
9m[31m[1m^[22m[39m
[31m[1m^[22m[39m[
31m[1m^[22m[39m[31
m[1m^[22m[39m[31m
[1m^[22m[39m[31m[1
m^[22m[39m[31m[1m^
[22m[39m
[31m[1m>[22m[39m[
90m 260 |[39m        
   [33m<[39m[33m/[
39m[33mbutton[39m[3
3m>[39m
 [90m     |[39m [31
m[1m^[22m[39m[31m
[1m^[22m[39m[31m[1
m^[22m[39m[31m[1m^
[22m[39m[31m[1m^[
22m[39m[31m[1m^[22
m[39m[31m[1m^[22m
[39m[31m[1m^[22m[3
9m[31m[1m^[22m[39m
[31m[1m^[22m[39m[
31m[1m^[22m[39m[31
m[1m^[22m[39m[31m
[1m^[22m[39m[31m[1
m^[22m[39m[31m[1m^
[22m[39m[31m[1m^[
22m[39m[31m[1m^[22
m[39m[31m[1m^[22m
[39m[31m[1m^[22m[3
9m[31m[1m^[22m[39m
[31m[1m^[22m[39m[
31m[1m^[22m[39m[31
m[1m^[22m[39m[31m
[1m^[22m[39m[31m[1
m^[22m[39m[31m[1m^
[22m[39m[31m[1m^[
22m[39m[31m[1m^[22
m[39m[31m[1m^[22m
[39m[31m[1m^[22m[3
9m[31m[1m^[22m[39m
[31m[1m^[22m[39m[
31m[1m^[22m[39m[31
m[1m^[22m[39m[31m
[1m^[22m[39m[31m[1
m^[22m[39m[31m[1m^
[22m[39m
[31m[1m>[22m[39m[
90m 261 |[39m        
 [33m<[39m[33m/[39
m[33mdiv[39m[33m>[
39m
 [90m     |[39m [31
m[1m^[22m[39m[31m
[1m^[22m[39m[31m[1
m^[22m[39m[31m[1m^
[22m[39m[31m[1m^[
22m[39m[31m[1m^[22
m[39m[31m[1m^[22m
[39m[31m[1m^[22m[3
9m[31m[1m^[22m[39m
[31m[1m^[22m[39m[
31m[1m^[22m[39m[31
m[1m^[22m[39m[31m
[1m^[22m[39m[31m[1
m^[22m[39m[31m[1m^
[22m[39m[31m[1m^[
22m[39m[31m[1m^[22
m[39m[31m[1m^[22m
[39m[31m[1m^[22m[3
9m[31m[1m^[22m[39m
[31m[1m^[22m[39m[
31m[1m^[22m[39m[31
m[1m^[22m[39m[31m
[1m^[22m[39m[31m[1
m^[22m[39m[31m[1m^
[22m[39m[31m[1m^[
22m[39m[31m[1m^[22
m[39m[31m[1m^[22m
[39m[31m[1m^[22m[3
9m[31m[1m^[22m[39m
[31m[1m^[22m[39m[
31m[1m^[22m[39m[31
m[1m^[22m[39m[31m
[1m^[22m[39m[31m[1
m^[22m[39m[31m[1m^
[22m[39m
[31m[1m>[22m[39m[
90m 262 |[39m       
[33m<[39m[33m/[39m
[33mdiv[39m[33m>[39
m
 [90m     |[39m [31
m[1m^[22m[39m[31m
[1m^[22m[39m[31m[1
m^[22m[39m[31m[1m^
[22m[39m[31m[1m^[
22m[39m[31m[1m^[22
m[39m[31m[1m^[22m
[39m[31m[1m^[22m[3
9m[31m[1m^[22m[39m
[31m[1m^[22m[39m[
31m[1m^[22m[39m[31
m[1m^[22m[39m[31m
[1m^[22m[39m[31m[1
m^[22m[39m[31m[1m^
[22m[39m[31m[1m^[
22m[39m[31m[1m^[22
m[39m[31m[1m^[22m
[39m[31m[1m^[22m[3
9m[31m[1m^[22m[39m
[31m[1m^[22m[39m[
31m[1m^[22m[39m[31
m[1m^[22m[39m[31m
[1m^[22m[39m[31m[1
m^[22m[39m[31m[1m^
[22m[39m[31m[1m^[
22m[39m[31m[1m^[22
m[39m[31m[1m^[22m
[39m[31m[1m^[22m[3
9m[31m[1m^[22m[39m
[31m[1m^[22m[39m[
31m[1m^[22m[39m[31
m[1m^[22m[39m[31m
[1m^[22m[39m[31m[1
m^[22m[39m[31m[1m^
[22m[39m
[31m[1m>[22m[39m[
90m 263 |[39m     [3
3m<[39m[33m/[39m[3
3mdiv[39m[33m>[39m
 [90m     |[39m [31
m[1m^[22m[39m[31m
[1m^[22m[39m[31m[1
m^[22m[39m[31m[1m^
[22m[39m[31m[1m^[
22m[39m[31m[1m^[22
m[39m[31m[1m^[22m
[39m[31m[1m^[22m[3
9m[31m[1m^[22m[39m
[31m[1m^[22m[39m[
31m[1m^[22m[39m[31
m[1m^[22m[39m[31m
[1m^[22m[39m[31m[1
m^[22m[39m[31m[1m^
[22m[39m[31m[1m^[
22m[39m[31m[1m^[22
m[39m[31m[1m^[22m
[39m[31m[1m^[22m[3
9m[31m[1m^[22m[39m
[31m[1m^[22m[39m[
31m[1m^[22m[39m[31
m[1m^[22m[39m[31m
[1m^[22m[39m[31m[1
m^[22m[39m[31m[1m^
[22m[39m[31m[1m^[
22m[39m[31m[1m^[22
m[39m[31m[1m^[22m
[39m[31m[1m^[22m[3
9m[31m[1m^[22m[39m
[31m[1m^[22m[39m[
31m[1m^[22m[39m[31
m[1m^[22m[39m[31m
[1m^[22m[39m[31m[1
m^[22m[39m[31m[1m^
[22m[39m
[31m[1m>[22m[39m[
90m 264 |[39m   
)[33m;[39m
 [90m     |[39m [31
m[1m^[22m[39m[31m
[1m^[22m[39m[31m[1
m^[22m[39m[31m[1m^
[22m[39m[31m[1m^[
22m[39m
 [90m 265 |[39m }
 [90m 266 |[39m[0m

Return statement is 
not allowed here


    at <unknown> (./ap
p/dashboard/inventory/
add/page.tsx:95:8)
    at <unknown> (./ap
p/dashboard/inventory/
add/page.tsx:102:7)
    at <unknown> (./ap
p/dashboard/inventory/
add/page.tsx:110:3)
